Archive member included to satisfy reference by file (symbol)

C:/ST/STM32CubeIDE_1.14.1/STM32CubeIDE/plugins/com.st.stm32cube.ide.mcu.externaltools.gnu-tools-for-stm32.11.3.rel1.win32_1.1.100.202309141235/tools/bin/../lib/gcc/arm-none-eabi/11.3.1/../../../../arm-none-eabi/lib/thumb/v6-m/nofp\libc_nano.a(libc_a-exit.o)
                              C:/ST/STM32CubeIDE_1.14.1/STM32CubeIDE/plugins/com.st.stm32cube.ide.mcu.externaltools.gnu-tools-for-stm32.11.3.rel1.win32_1.1.100.202309141235/tools/bin/../lib/gcc/arm-none-eabi/11.3.1/../../../../arm-none-eabi/lib/thumb/v6-m/nofp/crt0.o (exit)
C:/ST/STM32CubeIDE_1.14.1/STM32CubeIDE/plugins/com.st.stm32cube.ide.mcu.externaltools.gnu-tools-for-stm32.11.3.rel1.win32_1.1.100.202309141235/tools/bin/../lib/gcc/arm-none-eabi/11.3.1/../../../../arm-none-eabi/lib/thumb/v6-m/nofp\libc_nano.a(libc_a-findfp.o)
                              C:/ST/STM32CubeIDE_1.14.1/STM32CubeIDE/plugins/com.st.stm32cube.ide.mcu.externaltools.gnu-tools-for-stm32.11.3.rel1.win32_1.1.100.202309141235/tools/bin/../lib/gcc/arm-none-eabi/11.3.1/../../../../arm-none-eabi/lib/thumb/v6-m/nofp\libc_nano.a(libc_a-exit.o) (__stdio_exit_handler)
C:/ST/STM32CubeIDE_1.14.1/STM32CubeIDE/plugins/com.st.stm32cube.ide.mcu.externaltools.gnu-tools-for-stm32.11.3.rel1.win32_1.1.100.202309141235/tools/bin/../lib/gcc/arm-none-eabi/11.3.1/../../../../arm-none-eabi/lib/thumb/v6-m/nofp\libc_nano.a(libc_a-fwalk.o)
                              C:/ST/STM32CubeIDE_1.14.1/STM32CubeIDE/plugins/com.st.stm32cube.ide.mcu.externaltools.gnu-tools-for-stm32.11.3.rel1.win32_1.1.100.202309141235/tools/bin/../lib/gcc/arm-none-eabi/11.3.1/../../../../arm-none-eabi/lib/thumb/v6-m/nofp\libc_nano.a(libc_a-findfp.o) (_fwalk_sglue)
C:/ST/STM32CubeIDE_1.14.1/STM32CubeIDE/plugins/com.st.stm32cube.ide.mcu.externaltools.gnu-tools-for-stm32.11.3.rel1.win32_1.1.100.202309141235/tools/bin/../lib/gcc/arm-none-eabi/11.3.1/../../../../arm-none-eabi/lib/thumb/v6-m/nofp\libc_nano.a(libc_a-stdio.o)
                              C:/ST/STM32CubeIDE_1.14.1/STM32CubeIDE/plugins/com.st.stm32cube.ide.mcu.externaltools.gnu-tools-for-stm32.11.3.rel1.win32_1.1.100.202309141235/tools/bin/../lib/gcc/arm-none-eabi/11.3.1/../../../../arm-none-eabi/lib/thumb/v6-m/nofp\libc_nano.a(libc_a-findfp.o) (__sread)
C:/ST/STM32CubeIDE_1.14.1/STM32CubeIDE/plugins/com.st.stm32cube.ide.mcu.externaltools.gnu-tools-for-stm32.11.3.rel1.win32_1.1.100.202309141235/tools/bin/../lib/gcc/arm-none-eabi/11.3.1/../../../../arm-none-eabi/lib/thumb/v6-m/nofp\libc_nano.a(libc_a-memset.o)
                              C:/ST/STM32CubeIDE_1.14.1/STM32CubeIDE/plugins/com.st.stm32cube.ide.mcu.externaltools.gnu-tools-for-stm32.11.3.rel1.win32_1.1.100.202309141235/tools/bin/../lib/gcc/arm-none-eabi/11.3.1/../../../../arm-none-eabi/lib/thumb/v6-m/nofp/crt0.o (memset)
C:/ST/STM32CubeIDE_1.14.1/STM32CubeIDE/plugins/com.st.stm32cube.ide.mcu.externaltools.gnu-tools-for-stm32.11.3.rel1.win32_1.1.100.202309141235/tools/bin/../lib/gcc/arm-none-eabi/11.3.1/../../../../arm-none-eabi/lib/thumb/v6-m/nofp\libc_nano.a(libc_a-closer.o)
                              C:/ST/STM32CubeIDE_1.14.1/STM32CubeIDE/plugins/com.st.stm32cube.ide.mcu.externaltools.gnu-tools-for-stm32.11.3.rel1.win32_1.1.100.202309141235/tools/bin/../lib/gcc/arm-none-eabi/11.3.1/../../../../arm-none-eabi/lib/thumb/v6-m/nofp\libc_nano.a(libc_a-stdio.o) (_close_r)
C:/ST/STM32CubeIDE_1.14.1/STM32CubeIDE/plugins/com.st.stm32cube.ide.mcu.externaltools.gnu-tools-for-stm32.11.3.rel1.win32_1.1.100.202309141235/tools/bin/../lib/gcc/arm-none-eabi/11.3.1/../../../../arm-none-eabi/lib/thumb/v6-m/nofp\libc_nano.a(libc_a-reent.o)
                              C:/ST/STM32CubeIDE_1.14.1/STM32CubeIDE/plugins/com.st.stm32cube.ide.mcu.externaltools.gnu-tools-for-stm32.11.3.rel1.win32_1.1.100.202309141235/tools/bin/../lib/gcc/arm-none-eabi/11.3.1/../../../../arm-none-eabi/lib/thumb/v6-m/nofp\libc_nano.a(libc_a-closer.o) (errno)
C:/ST/STM32CubeIDE_1.14.1/STM32CubeIDE/plugins/com.st.stm32cube.ide.mcu.externaltools.gnu-tools-for-stm32.11.3.rel1.win32_1.1.100.202309141235/tools/bin/../lib/gcc/arm-none-eabi/11.3.1/../../../../arm-none-eabi/lib/thumb/v6-m/nofp\libc_nano.a(libc_a-impure.o)
                              C:/ST/STM32CubeIDE_1.14.1/STM32CubeIDE/plugins/com.st.stm32cube.ide.mcu.externaltools.gnu-tools-for-stm32.11.3.rel1.win32_1.1.100.202309141235/tools/bin/../lib/gcc/arm-none-eabi/11.3.1/../../../../arm-none-eabi/lib/thumb/v6-m/nofp\libc_nano.a(libc_a-reent.o) (_impure_ptr)
C:/ST/STM32CubeIDE_1.14.1/STM32CubeIDE/plugins/com.st.stm32cube.ide.mcu.externaltools.gnu-tools-for-stm32.11.3.rel1.win32_1.1.100.202309141235/tools/bin/../lib/gcc/arm-none-eabi/11.3.1/../../../../arm-none-eabi/lib/thumb/v6-m/nofp\libc_nano.a(libc_a-lseekr.o)
[...]
Memory Configuration

Name             Origin             Length             Attributes
RAM              0x0000000020000000 0x0000000000024000 xrw
FLASH            0x0000000008000000 0x0000000000080000 xr
*default*        0x0000000000000000 0xffffffffffffffff

Linker script and memory map

LOAD C:/ST/STM32CubeIDE_1.14.1/STM32CubeIDE/plugins/com.st.stm32cube.ide.mcu.externaltools.gnu-tools-for-stm32.11.3.rel1.win32_1.1.100.202309141235/tools/bin/../lib/gcc/arm-none-eabi/11.3.1/thumb/v6-m/nofp/crti.o
LOAD C:/ST/STM32CubeIDE_1.14.1/STM32CubeIDE/plugins/com.st.stm32cube.ide.mcu.externaltools.gnu-tools-for-stm32.11.3.rel1.win32_1.1.100.202309141235/tools/bin/../lib/gcc/arm-none-eabi/11.3.1/thumb/v6-m/nofp/crtbegin.o
LOAD C:/ST/STM32CubeIDE_1.14.1/STM32CubeIDE/plugins/com.st.stm32cube.ide.mcu.externaltools.gnu-tools-for-stm32.11.3.rel1.win32_1.1.100.202309141235/tools/bin/../lib/gcc/arm-none-eabi/11.3.1/../../../../arm-none-eabi/lib/thumb/v6-m/nofp/crt0.o
LOAD ./Core/Src/dma.o
LOAD ./Core/Src/gpio.o
LOAD ./Core/Src/main.o
LOAD ./Core/Src/spi.o
LOAD ./Core/Src/stm32g0xx_hal_msp.o
LOAD ./Core/Src/stm32g0xx_it.o
LOAD ./Core/Src/syscalls.o
LOAD ./Core/Src/sysmem.o
LOAD ./Core/Src/system_stm32g0xx.o
LOAD ./Core/Src/usart.o
LOAD ./Core/Startup/startup_stm32g0b1ceux.o
LOAD ./Drivers/STM32G0xx_HAL_Driver/Src/stm32g0xx_hal.o
LOAD ./Drivers/STM32G0xx_HAL_Driver/Src/stm32g0xx_hal_cortex.o
LOAD ./Drivers/STM32G0xx_HAL_Driver/Src/stm32g0xx_hal_dma.o
LOAD ./Drivers/STM32G0xx_HAL_Driver/Src/stm32g0xx_hal_dma_ex.o
LOAD ./Drivers/STM32G0xx_HAL_Driver/Src/stm32g0xx_hal_exti.o
LOAD ./Drivers/STM32G0xx_HAL_Driver/Src/stm32g0xx_hal_flash.o
LOAD ./Drivers/STM32G0xx_HAL_Driver/Src/stm32g0xx_hal_flash_ex.o
LOAD ./Drivers/STM32G0xx_HAL_Driver/Src/stm32g0xx_hal_gpio.o
LOAD ./Drivers/STM32G0xx_HAL_Driver/Src/stm32g0xx_hal_pwr.o
LOAD ./Drivers/STM32G0xx_HAL_Driver/Src/stm32g0xx_hal_pwr_ex.o
LOAD ./Drivers/STM32G0xx_HAL_Driver/Src/stm32g0xx_hal_rcc.o
LOAD ./Drivers/STM32G0xx_HAL_Driver/Src/stm32g0xx_hal_rcc_ex.o
LOAD ./Drivers/STM32G0xx_HAL_Driver/Src/stm32g0xx_hal_spi.o
LOAD ./Drivers/STM32G0xx_HAL_Driver/Src/stm32g0xx_hal_spi_ex.o
LOAD ./Drivers/STM32G0xx_HAL_Driver/Src/stm32g0xx_hal_tim.o
LOAD ./Drivers/STM32G0xx_HAL_Driver/Src/stm32g0xx_hal_tim_ex.o
LOAD ./Drivers/STM32G0xx_HAL_Driver/Src/stm32g0xx_hal_uart.o
LOAD ./Drivers/STM32G0xx_HAL_Driver/Src/stm32g0xx_hal_uart_ex.o
LOAD ./Drivers/STM32G0xx_HAL_Driver/Src/stm32g0xx_ll_rcc.o
LOAD ./VL53L8CX_ULD_API/VL53L8CX_APIs.o
LOAD ./VL53L8CX_ULD_API/src/Porting.o
LOAD ./VL53L8CX_ULD_API/src/platform.o
LOAD ./VL53L8CX_ULD_API/src/vl53l8cx_api.o
LOAD ./VL53L8CX_ULD_API/src/vl53l8cx_plugin_detection_thresholds.o
LOAD ./VL53L8CX_ULD_API/src/vl53l8cx_plugin_motion_indicator.o
LOAD ./VL53L8CX_ULD_API/src/vl53l8cx_plugin_xtalk.o
START GROUP
LOAD C:/ST/STM32CubeIDE_1.14.1/STM32CubeIDE/plugins/com.st.stm32cube.ide.mcu.externaltools.gnu-tools-for-stm32.11.3.rel1.win32_1.1.100.202309141235/tools/bin/../lib/gcc/arm-none-eabi/11.3.1/../../../../arm-none-eabi/lib/thumb/v6-m/nofp\libc_nano.a
LOAD C:/ST/STM32CubeIDE_1.14.1/STM32CubeIDE/plugins/com.st.stm32cube.ide.mcu.externaltools.gnu-tools-for-stm32.11.3.rel1.win32_1.1.100.202309141235/tools/bin/../lib/gcc/arm-none-eabi/11.3.1/../../../../arm-none-eabi/lib/thumb/v6-m/nofp\libm.a
END GROUP
START GROUP
LOAD C:/ST/STM32CubeIDE_1.14.1/STM32CubeIDE/plugins/com.st.stm32cube.ide.mcu.externaltools.gnu-tools-for-stm32.11.3.rel1.win32_1.1.100.202309141235/tools/bin/../lib/gcc/arm-none-eabi/11.3.1/thumb/v6-m/nofp\libgcc.a
LOAD C:/ST/STM32CubeIDE_1.14.1/STM32CubeIDE/plugins/com.st.stm32cube.ide.mcu.externaltools.gnu-tools-for-stm32.11.3.rel1.win32_1.1.100.202309141235/tools/bin/../lib/gcc/arm-none-eabi/11.3.1/../../../../arm-none-eabi/lib/thumb/v6-m/nofp\libc_nano.a
END GROUP
START GROUP
LOAD C:/ST/STM32CubeIDE_1.14.1/STM32CubeIDE/plugins/com.st.stm32cube.ide.mcu.externaltools.gnu-tools-for-stm32.11.3.rel1.win32_1.1.100.202309141235/tools/bin/../lib/gcc/arm-none-eabi/11.3.1/thumb/v6-m/nofp\libgcc.a
LOAD C:/ST/STM32CubeIDE_1.14.1/STM32CubeIDE/plugins/com.st.stm32cube.ide.mcu.externaltools.gnu-tools-for-stm32.11.3.rel1.win32_1.1.100.202309141235/tools/bin/../lib/gcc/arm-none-eabi/11.3.1/../../../../arm-none-eabi/lib/thumb/v6-m/nofp\libc_nano.a
LOAD C:/ST/STM32CubeIDE_1.14.1/STM32CubeIDE/plugins/com.st.stm32cube.ide.mcu.externaltools.gnu-tools-for-stm32.11.3.rel1.win32_1.1.100.202309141235/tools/bin/../lib/gcc/arm-none-eabi/11.3.1/../../../../arm-none-eabi/lib/thumb/v6-m/nofp\libnosys.a
END GROUP
START GROUP
LOAD C:/ST/STM32CubeIDE_1.14.1/STM32CubeIDE/plugins/com.st.stm32cube.ide.mcu.externaltools.gnu-tools-for-stm32.11.3.rel1.win32_1.1.100.202309141235/tools/bin/../lib/gcc/arm-none-eabi/11.3.1/thumb/v6-m/nofp\libgcc.a
LOAD C:/ST/STM32CubeIDE_1.14.1/STM32CubeIDE/plugins/com.st.stm32cube.ide.mcu.externaltools.gnu-tools-for-stm32.11.3.rel1.win32_1.1.100.202309141235/tools/bin/../lib/gcc/arm-none-eabi/11.3.1/../../../../arm-none-eabi/lib/thumb/v6-m/nofp\libc_nano.a
LOAD C:/ST/STM32CubeIDE_1.14.1/STM32CubeIDE/plugins/com.st.stm32cube.ide.mcu.externaltools.gnu-tools-for-stm32.11.3.rel1.win32_1.1.100.202309141235/tools/bin/../lib/gcc/arm-none-eabi/11.3.1/../../../../arm-none-eabi/lib/thumb/v6-m/nofp\libnosys.a
END GROUP
LOAD C:/ST/STM32CubeIDE_1.14.1/STM32CubeIDE/plugins/com.st.stm32cube.ide.mcu.externaltools.gnu-tools-for-stm32.11.3.rel1.win32_1.1.100.202309141235/tools/bin/../lib/gcc/arm-none-eabi/11.3.1/thumb/v6-m/nofp/crtend.o
LOAD C:/ST/STM32CubeIDE_1.14.1/STM32CubeIDE/plugins/com.st.stm32cube.ide.mcu.externaltools.gnu-tools-for-stm32.11.3.rel1.win32_1.1.100.202309141235/tools/bin/../lib/gcc/arm-none-eabi/11.3.1/thumb/v6-m/nofp/crtn.o
                0x0000000020024000                _estack = (ORIGIN (RAM) + LENGTH (RAM))
                0x0000000000000200                _Min_Heap_Size = 0x200
                0x0000000000000400                _Min_Stack_Size = 0x400

.isr_vector     0x0000000008000000       0xbc
                0x0000000008000000                . = ALIGN (0x4)
 *(.isr_vector)
 .isr_vector    0x0000000008000000       0xbc ./Core/Startup/startup_stm32g0b1ceux.o
                0x0000000008000000                g_pfnVectors
                0x00000000080000bc                . = ALIGN (0x4)

.text           0x00000000080000bc     0x8cfc
                0x00000000080000bc                . = ALIGN (0x4)
 *(.text)
 .text          0x00000000080000bc       0x48 C:/ST/STM32CubeIDE_1.14.1/STM32CubeIDE/plugins/com.st.stm32cube.ide.mcu.externaltools.gnu-tools-for-stm32.11.3.rel1.win32_1.1.100.202309141235/tools/bin/../lib/gcc/arm-none-eabi/11.3.1/thumb/v6-m/nofp/crtbegin.o
 .text          0x0000000008000104      0x114 C:/ST/STM32CubeIDE_1.14.1/STM32CubeIDE/plugins/com.st.stm32cube.ide.mcu.externaltools.gnu-tools-for-stm32.11.3.rel1.win32_1.1.100.202309141235/tools/bin/../lib/gcc/arm-none-eabi/11.3.1/thumb/v6-m/nofp\libgcc.a(_udivsi3.o)
                0x0000000008000104                __aeabi_uidiv
                0x0000000008000104                __udivsi3
                0x0000000008000210                __aeabi_uidivmod
 .text          0x0000000008000218      0x1d4 C:/ST/STM32CubeIDE_1.14.1/STM32CubeIDE/plugins/com.st.stm32cube.ide.mcu.externaltools.gnu-tools-for-stm32.11.3.rel1.win32_1.1.100.202309141235/tools/bin/../lib/gcc/arm-none-eabi/11.3.1/thumb/v6-m/nofp\libgcc.a(_divsi3.o)
                0x0000000008000218                __divsi3
                0x0000000008000218                __aeabi_idiv
                0x00000000080003e4                __aeabi_idivmod
 .text          0x00000000080003ec        0x4 C:/ST/STM32CubeIDE_1.14.1/STM32CubeIDE/plugins/com.st.stm32cube.ide.mcu.externaltools.gnu-tools-for-stm32.11.3.rel1.win32_1.1.100.202309141235/tools/bin/../lib/gcc/arm-none-eabi/11.3.1/thumb/v6-m/nofp\libgcc.a(_dvmd_tls.o)
                0x00000000080003ec                __aeabi_idiv0
                0x00000000080003ec                __aeabi_ldiv0
 .text          0x00000000080003f0       0x40 C:/ST/STM32CubeIDE_1.14.1/STM32CubeIDE/plugins/com.st.stm32cube.ide.mcu.externaltools.gnu-tools-for-stm32.11.3.rel1.win32_1.1.100.202309141235/tools/bin/../lib/gcc/arm-none-eabi/11.3.1/thumb/v6-m/nofp\libgcc.a(_aeabi_uldivmod.o)
                0x00000000080003f0                __aeabi_uldivmod
 .text          0x0000000008000430       0x30 C:/ST/STM32CubeIDE_1.14.1/STM32CubeIDE/plugins/com.st.stm32cube.ide.mcu.externaltools.gnu-tools-for-stm32.11.3.rel1.win32_1.1.100.202309141235/tools/bin/../lib/gcc/arm-none-eabi/11.3.1/thumb/v6-m/nofp\libgcc.a(_fixunssfsi.o)
                0x0000000008000430                __fixunssfsi
                0x0000000008000430                __aeabi_f2uiz
 .text          0x0000000008000460      0x198 C:/ST/STM32CubeIDE_1.14.1/STM32CubeIDE/plugins/com.st.stm32cube.ide.mcu.externaltools.gnu-tools-for-stm32.11.3.rel1.win32_1.1.100.202309141235/tools/bin/../lib/gcc/arm-none-eabi/11.3.1/thumb/v6-m/nofp\libgcc.a(_udivmoddi4.o)
                0x0000000008000460                __udivmoddi4
 .text          0x00000000080005f8      0x340 C:/ST/STM32CubeIDE_1.14.1/STM32CubeIDE/plugins/com.st.stm32cube.ide.mcu.externaltools.gnu-tools-for-stm32.11.3.rel1.win32_1.1.100.202309141235/tools/bin/../lib/gcc/arm-none-eabi/11.3.1/thumb/v6-m/nofp\libgcc.a(addsf3.o)
                0x00000000080005f8                __aeabi_fadd
 .text          0x0000000008000938      0x234 C:/ST/STM32CubeIDE_1.14.1/STM32CubeIDE/plugins/com.st.stm32cube.ide.mcu.externaltools.gnu-tools-for-stm32.11.3.rel1.win32_1.1.100.202309141235/tools/bin/../lib/gcc/arm-none-eabi/11.3.1/thumb/v6-m/nofp\libgcc.a(divsf3.o)
                0x0000000008000938                __aeabi_fdiv
 .text          0x0000000008000b6c      0x29c C:/ST/STM32CubeIDE_1.14.1/STM32CubeIDE/plugins/com.st.stm32cube.ide.mcu.externaltools.gnu-tools-for-stm32.11.3.rel1.win32_1.1.100.202309141235/tools/bin/../lib/gcc/arm-none-eabi/11.3.1/thumb/v6-m/nofp\libgcc.a(mulsf3.o)
                0x0000000008000b6c                __aeabi_fmul
 .text          0x0000000008000e08      0x340 C:/ST/STM32CubeIDE_1.14.1/STM32CubeIDE/plugins/com.st.stm32cube.ide.mcu.externaltools.gnu-tools-for-stm32.11.3.rel1.win32_1.1.100.202309141235/tools/bin/../lib/gcc/arm-none-eabi/11.3.1/thumb/v6-m/nofp\libgcc.a(subsf3.o)
                0x0000000008000e08                __aeabi_fsub
 .text          0x0000000008001148       0x40 C:/ST/STM32CubeIDE_1.14.1/STM32CubeIDE/plugins/com.st.stm32cube.ide.mcu.externaltools.gnu-tools-for-stm32.11.3.rel1.win32_1.1.100.202309141235/tools/bin/../lib/gcc/arm-none-eabi/11.3.1/thumb/v6-m/nofp\libgcc.a(fixsfsi.o)
                0x0000000008001148                __aeabi_f2iz
 .text          0x0000000008001188       0x90 C:/ST/STM32CubeIDE_1.14.1/STM32CubeIDE/plugins/com.st.stm32cube.ide.mcu.externaltools.gnu-tools-for-stm32.11.3.rel1.win32_1.1.100.202309141235/tools/bin/../lib/gcc/arm-none-eabi/11.3.1/thumb/v6-m/nofp\libgcc.a(floatunsisf.o)
                0x0000000008001188                __aeabi_ui2f
 .text          0x0000000008001218       0x74 C:/ST/STM32CubeIDE_1.14.1/STM32CubeIDE/plugins/com.st.stm32cube.ide.mcu.externaltools.gnu-tools-for-stm32.11.3.rel1.win32_1.1.100.202309141235/tools/bin/../lib/gcc/arm-none-eabi/11.3.1/thumb/v6-m/nofp\libgcc.a(_arm_cmpsf2.o)
                0x0000000008001218                __aeabi_cfrcmple
                0x0000000008001220                __aeabi_cfcmpeq
                0x0000000008001220                __aeabi_cfcmple
                0x0000000008001230                __aeabi_fcmpeq
                0x000000000800123c                __aeabi_fcmplt
                0x0000000008001250                __aeabi_fcmple
                0x0000000008001264                __aeabi_fcmpgt
                0x0000000008001278                __aeabi_fcmpge
 .text          0x000000000800128c       0x3c C:/ST/STM32CubeIDE_1.14.1/STM32CubeIDE/plugins/com.st.stm32cube.ide.mcu.externaltools.gnu-tools-for-stm32.11.3.rel1.win32_1.1.100.202309141235/tools/bin/../lib/gcc/arm-none-eabi/11.3.1/thumb/v6-m/nofp\libgcc.a(_clzsi2.o)
                0x000000000800128c                __clzsi2
 .text          0x00000000080012c8       0x18 C:/ST/STM32CubeIDE_1.14.1/STM32CubeIDE/plugins/com.st.stm32cube.ide.mcu.externaltools.gnu-tools-for-stm32.11.3.rel1.win32_1.1.100.202309141235/tools/bin/../lib/gcc/arm-none-eabi/11.3.1/thumb/v6-m/nofp\libgcc.a(_clzdi2.o)
                0x00000000080012c8                __clzdi2
 .text          0x00000000080012e0       0x4c C:/ST/STM32CubeIDE_1.14.1/STM32CubeIDE/plugins/com.st.stm32cube.ide.mcu.externaltools.gnu-tools-for-stm32.11.3.rel1.win32_1.1.100.202309141235/tools/bin/../lib/gcc/arm-none-eabi/11.3.1/thumb/v6-m/nofp\libgcc.a(eqsf2.o)
                0x00000000080012e0                __eqsf2
                0x00000000080012e0                __nesf2
 .text          0x000000000800132c       0x8c C:/ST/STM32CubeIDE_1.14.1/STM32CubeIDE/plugins/com.st.stm32cube.ide.mcu.externaltools.gnu-tools-for-stm32.11.3.rel1.win32_1.1.100.202309141235/tools/bin/../lib/gcc/arm-none-eabi/11.3.1/thumb/v6-m/nofp\libgcc.a(gesf2.o)
                0x000000000800132c                __gesf2
                0x000000000800132c                __gtsf2
 .text          0x00000000080013b8       0x88 C:/ST/STM32CubeIDE_1.14.1/STM32CubeIDE/plugins/com.st.stm32cube.ide.mcu.externaltools.gnu-tools-for-stm32.11.3.rel1.win32_1.1.100.202309141235/tools/bin/../lib/gcc/arm-none-eabi/11.3.1/thumb/v6-m/nofp\libgcc.a(lesf2.o)
                0x00000000080013b8                __ltsf2
                0x00000000080013b8                __lesf2
 *(.text*)
 .text.MX_DMA_Init
                0x0000000008001440       0x5c ./Core/Src/dma.o
                0x0000000008001440                MX_DMA_Init
 .text.MX_GPIO_Init
                0x000000000800149c      0x134 ./Core/Src/gpio.o
                0x000000000800149c                MX_GPIO_Init
 .text.main     0x00000000080015d0       0x68 ./Core/Src/main.o
                0x00000000080015d0                main
 .text.SystemClock_Config
                0x0000000008001638       0x90 ./Core/Src/main.o
                0x0000000008001638                SystemClock_Config
 .text.Error_Handler
                0x00000000080016c8        0xa ./Core/Src/main.o
                0x00000000080016c8                Error_Handler
 *fill*         0x00000000080016d2        0x2 
 .text.MX_SPI2_Init
                0x00000000080016d4       0x7c ./Core/Src/spi.o
                0x00000000080016d4                MX_SPI2_Init
 .text.HAL_SPI_MspInit
                0x0000000008001750       0xc4 ./Core/Src/spi.o
                0x0000000008001750                HAL_SPI_MspInit
 .text.HAL_MspInit
                0x0000000008001814       0x50 ./Core/Src/stm32g0xx_hal_msp.o
                0x0000000008001814                HAL_MspInit
 .text.NMI_Handler
                0x0000000008001864        0x6 ./Core/Src/stm32g0xx_it.o
                0x0000000008001864                NMI_Handler
 .text.HardFault_Handler
                0x000000000800186a        0x6 ./Core/Src/stm32g0xx_it.o
                0x000000000800186a                HardFault_Handler
 .text.SVC_Handler
                0x0000000008001870        0xa ./Core/Src/stm32g0xx_it.o
                0x0000000008001870                SVC_Handler
 .text.PendSV_Handler
                0x000000000800187a        0xa ./Core/Src/stm32g0xx_it.o
                0x000000000800187a                PendSV_Handler
 .text.SysTick_Handler
                0x0000000008001884        0xe ./Core/Src/stm32g0xx_it.o
                0x0000000008001884                SysTick_Handler
 .text.EXTI4_15_IRQHandler
                0x0000000008001892       0x14 ./Core/Src/stm32g0xx_it.o
                0x0000000008001892                EXTI4_15_IRQHandler
 *fill*         0x00000000080018a6        0x2 
 .text.DMA1_Channel1_IRQHandler
                0x00000000080018a8       0x18 ./Core/Src/stm32g0xx_it.o
                0x00000000080018a8                DMA1_Channel1_IRQHandler
 .text.DMA1_Channel2_3_IRQHandler
                0x00000000080018c0       0x24 ./Core/Src/stm32g0xx_it.o
                0x00000000080018c0                DMA1_Channel2_3_IRQHandler
 .text.DMA1_Ch4_7_DMA2_Ch1_5_DMAMUX1_OVR_IRQHandler
                0x00000000080018e4       0x30 ./Core/Src/stm32g0xx_it.o
                0x00000000080018e4                DMA1_Ch4_7_DMA2_Ch1_5_DMAMUX1_OVR_IRQHandler
 .text.SystemInit
                0x0000000008001914        0xa ./Core/Src/system_stm32g0xx.o
                0x0000000008001914                SystemInit
 *fill*         0x000000000800191e        0x2 
 .text.MX_USART1_UART_Init
                0x0000000008001920       0x9c ./Core/Src/usart.o
                0x0000000008001920                MX_USART1_UART_Init
 .text.MX_USART2_UART_Init
                0x00000000080019bc       0x9c ./Core/Src/usart.o
                0x00000000080019bc                MX_USART2_UART_Init
 .text.MX_USART3_UART_Init
                0x0000000008001a58       0x9c ./Core/Src/usart.o
                0x0000000008001a58                MX_USART3_UART_Init
 .text.MX_USART4_UART_Init
                0x0000000008001af4       0x68 ./Core/Src/usart.o
                0x0000000008001af4                MX_USART4_UART_Init
 .text.MX_USART5_UART_Init
                0x0000000008001b5c       0x68 ./Core/Src/usart.o
                0x0000000008001b5c                MX_USART5_UART_Init
 .text.MX_USART6_UART_Init
                0x0000000008001bc4       0x68 ./Core/Src/usart.o
                0x0000000008001bc4                MX_USART6_UART_Init
 .text.HAL_UART_MspInit
                0x0000000008001c2c      0x570 ./Core/Src/usart.o
                0x0000000008001c2c                HAL_UART_MspInit
 .text.Reset_Handler
                0x000000000800219c       0x50 ./Core/Startup/startup_stm32g0b1ceux.o
                0x000000000800219c                Reset_Handler
 .text.Default_Handler
                0x00000000080021ec        0x2 ./Core/Startup/startup_stm32g0b1ceux.o
                0x00000000080021ec                I2C2_3_IRQHandler
                0x00000000080021ec                USART3_4_5_6_LPUART1_IRQHandler
                0x00000000080021ec                TIM1_CC_IRQHandler
                0x00000000080021ec                ADC1_COMP_IRQHandler
                0x00000000080021ec                I2C1_IRQHandler
                0x00000000080021ec                TIM7_LPTIM2_IRQHandler
                0x00000000080021ec                TIM17_FDCAN_IT1_IRQHandler
                0x00000000080021ec                RCC_CRS_IRQHandler
                0x00000000080021ec                RTC_TAMP_IRQHandler
                0x00000000080021ec                SPI1_IRQHandler
                0x00000000080021ec                USB_UCPD1_2_IRQHandler
                0x00000000080021ec                EXTI2_3_IRQHandler
                0x00000000080021ec                USART2_LPUART2_IRQHandler
                0x00000000080021ec                PVD_VDDIO2_IRQHandler
                0x00000000080021ec                Default_Handler
                0x00000000080021ec                CEC_IRQHandler
                0x00000000080021ec                TIM14_IRQHandler
                0x00000000080021ec                TIM15_IRQHandler
                0x00000000080021ec                TIM3_TIM4_IRQHandler
                0x00000000080021ec                EXTI0_1_IRQHandler
                0x00000000080021ec                SPI2_3_IRQHandler
                0x00000000080021ec                TIM6_DAC_LPTIM1_IRQHandler
                0x00000000080021ec                WWDG_IRQHandler
                0x00000000080021ec                TIM2_IRQHandler
                0x00000000080021ec                FLASH_IRQHandler
                0x00000000080021ec                USART1_IRQHandler
                0x00000000080021ec                TIM16_FDCAN_IT0_IRQHandler
                0x00000000080021ec                TIM1_BRK_UP_TRG_COM_IRQHandler
 *fill*         0x00000000080021ee        0x2 
 .text.HAL_Init
                0x00000000080021f0       0x40 ./Drivers/STM32G0xx_HAL_Driver/Src/stm32g0xx_hal.o
                0x00000000080021f0                HAL_Init
 .text.HAL_InitTick
                0x0000000008002230       0x94 ./Drivers/STM32G0xx_HAL_Driver/Src/stm32g0xx_hal.o
                0x0000000008002230                HAL_InitTick
 .text.HAL_IncTick
                0x00000000080022c4       0x24 ./Drivers/STM32G0xx_HAL_Driver/Src/stm32g0xx_hal.o
                0x00000000080022c4                HAL_IncTick
 .text.HAL_GetTick
                0x00000000080022e8       0x14 ./Drivers/STM32G0xx_HAL_Driver/Src/stm32g0xx_hal.o
                0x00000000080022e8                HAL_GetTick
 .text.HAL_Delay
                0x00000000080022fc       0x48 ./Drivers/STM32G0xx_HAL_Driver/Src/stm32g0xx_hal.o
                0x00000000080022fc                HAL_Delay
 .text.HAL_SYSCFG_StrobeDBattpinsConfig
                0x0000000008002344       0x2c ./Drivers/STM32G0xx_HAL_Driver/Src/stm32g0xx_hal.o
                0x0000000008002344                HAL_SYSCFG_StrobeDBattpinsConfig
 .text.__NVIC_EnableIRQ
                0x0000000008002370       0x34 ./Drivers/STM32G0xx_HAL_Driver/Src/stm32g0xx_hal_cortex.o
 .text.__NVIC_SetPriority
                0x00000000080023a4       0xdc ./Drivers/STM32G0xx_HAL_Driver/Src/stm32g0xx_hal_cortex.o
 .text.SysTick_Config
                0x0000000008002480       0x48 ./Drivers/STM32G0xx_HAL_Driver/Src/stm32g0xx_hal_cortex.o
 .text.HAL_NVIC_SetPriority
                0x00000000080024c8       0x2a ./Drivers/STM32G0xx_HAL_Driver/Src/stm32g0xx_hal_cortex.o
                0x00000000080024c8                HAL_NVIC_SetPriority
 .text.HAL_NVIC_EnableIRQ
                0x00000000080024f2       0x20 ./Drivers/STM32G0xx_HAL_Driver/Src/stm32g0xx_hal_cortex.o
                0x00000000080024f2                HAL_NVIC_EnableIRQ
 .text.HAL_SYSTICK_Config
                0x0000000008002512       0x1a ./Drivers/STM32G0xx_HAL_Driver/Src/stm32g0xx_hal_cortex.o
                0x0000000008002512                HAL_SYSTICK_Config
 .text.HAL_DMA_Init
                0x000000000800252c      0x158 ./Drivers/STM32G0xx_HAL_Driver/Src/stm32g0xx_hal_dma.o
                0x000000000800252c                HAL_DMA_Init
 .text.HAL_DMA_IRQHandler
                0x0000000008002684      0x188 ./Drivers/STM32G0xx_HAL_Driver/Src/stm32g0xx_hal_dma.o
                0x0000000008002684                HAL_DMA_IRQHandler
 .text.DMA_CalcDMAMUXChannelBaseAndMask
                0x000000000800280c       0x94 ./Drivers/STM32G0xx_HAL_Driver/Src/stm32g0xx_hal_dma.o
 .text.DMA_CalcDMAMUXRequestGenBaseAndMask
                0x00000000080028a0       0x48 ./Drivers/STM32G0xx_HAL_Driver/Src/stm32g0xx_hal_dma.o
 .text.HAL_GPIO_Init
                0x00000000080028e8      0x2d8 ./Drivers/STM32G0xx_HAL_Driver/Src/stm32g0xx_hal_gpio.o
                0x00000000080028e8                HAL_GPIO_Init
 .text.HAL_GPIO_WritePin
                0x0000000008002bc0       0x3a ./Drivers/STM32G0xx_HAL_Driver/Src/stm32g0xx_hal_gpio.o
                0x0000000008002bc0                HAL_GPIO_WritePin
 *fill*         0x0000000008002bfa        0x2 
 .text.HAL_GPIO_EXTI_IRQHandler
                0x0000000008002bfc       0x54 ./Drivers/STM32G0xx_HAL_Driver/Src/stm32g0xx_hal_gpio.o
                0x0000000008002bfc                HAL_GPIO_EXTI_IRQHandler
 .text.HAL_GPIO_EXTI_Rising_Callback
                0x0000000008002c50       0x14 ./Drivers/STM32G0xx_HAL_Driver/Src/stm32g0xx_hal_gpio.o
                0x0000000008002c50                HAL_GPIO_EXTI_Rising_Callback
 .text.HAL_PWREx_ControlVoltageScaling
                0x0000000008002c64       0x80 ./Drivers/STM32G0xx_HAL_Driver/Src/stm32g0xx_hal_pwr_ex.o
                0x0000000008002c64                HAL_PWREx_ControlVoltageScaling
 .text.LL_RCC_GetAPB1Prescaler
                0x0000000008002ce4       0x18 ./Drivers/STM32G0xx_HAL_Driver/Src/stm32g0xx_hal_rcc.o
 .text.HAL_RCC_OscConfig
                0x0000000008002cfc      0x6c0 ./Drivers/STM32G0xx_HAL_Driver/Src/stm32g0xx_hal_rcc.o
                0x0000000008002cfc                HAL_RCC_OscConfig
 .text.HAL_RCC_ClockConfig
                0x00000000080033bc      0x210 ./Drivers/STM32G0xx_HAL_Driver/Src/stm32g0xx_hal_rcc.o
                0x00000000080033bc                HAL_RCC_ClockConfig
 .text.HAL_RCC_GetSysClockFreq
                0x00000000080035cc      0x104 ./Drivers/STM32G0xx_HAL_Driver/Src/stm32g0xx_hal_rcc.o
                0x00000000080035cc                HAL_RCC_GetSysClockFreq
 .text.HAL_RCC_GetHCLKFreq
                0x00000000080036d0       0x14 ./Drivers/STM32G0xx_HAL_Driver/Src/stm32g0xx_hal_rcc.o
                0x00000000080036d0                HAL_RCC_GetHCLKFreq
 .text.HAL_RCC_GetPCLK1Freq
                0x00000000080036e4       0x2c ./Drivers/STM32G0xx_HAL_Driver/Src/stm32g0xx_hal_rcc.o
                0x00000000080036e4                HAL_RCC_GetPCLK1Freq
 .text.HAL_RCCEx_PeriphCLKConfig
                0x0000000008003710      0x478 ./Drivers/STM32G0xx_HAL_Driver/Src/stm32g0xx_hal_rcc_ex.o
                0x0000000008003710                HAL_RCCEx_PeriphCLKConfig
 .text.HAL_SPI_Init
                0x0000000008003b88      0x170 ./Drivers/STM32G0xx_HAL_Driver/Src/stm32g0xx_hal_spi.o
                0x0000000008003b88                HAL_SPI_Init
 .text.HAL_SPI_Transmit
                0x0000000008003cf8      0x2be ./Drivers/STM32G0xx_HAL_Driver/Src/stm32g0xx_hal_spi.o
                0x0000000008003cf8                HAL_SPI_Transmit
 *fill*         0x0000000008003fb6        0x2 
 .text.HAL_SPI_Receive
                0x0000000008003fb8      0x2a4 ./Drivers/STM32G0xx_HAL_Driver/Src/stm32g0xx_hal_spi.o
                0x0000000008003fb8                HAL_SPI_Receive
 .text.HAL_SPI_TransmitReceive
                0x000000000800425c      0x3c4 ./Drivers/STM32G0xx_HAL_Driver/Src/stm32g0xx_hal_spi.o
                0x000000000800425c                HAL_SPI_TransmitReceive
 .text.SPI_WaitFlagStateUntilTimeout
                0x0000000008004620      0x11c ./Drivers/STM32G0xx_HAL_Driver/Src/stm32g0xx_hal_spi.o
 .text.SPI_WaitFifoStateUntilTimeout
                0x000000000800473c      0x144 ./Drivers/STM32G0xx_HAL_Driver/Src/stm32g0xx_hal_spi.o
 .text.SPI_EndRxTransaction
                0x0000000008004880       0xbc ./Drivers/STM32G0xx_HAL_Driver/Src/stm32g0xx_hal_spi.o
 .text.SPI_EndRxTxTransaction
                0x000000000800493c       0x8c ./Drivers/STM32G0xx_HAL_Driver/Src/stm32g0xx_hal_spi.o
 .text.HAL_UART_Init
                0x00000000080049c8       0xac ./Drivers/STM32G0xx_HAL_Driver/Src/stm32g0xx_hal_uart.o
                0x00000000080049c8                HAL_UART_Init
 .text.UART_SetConfig
                0x0000000008004a74      0x6ac ./Drivers/STM32G0xx_HAL_Driver/Src/stm32g0xx_hal_uart.o
                0x0000000008004a74                UART_SetConfig
 .text.UART_AdvFeatureConfig
                0x0000000008005120      0x168 ./Drivers/STM32G0xx_HAL_Driver/Src/stm32g0xx_hal_uart.o
                0x0000000008005120                UART_AdvFeatureConfig
 .text.UART_CheckIdleState
                0x0000000008005288      0x154 ./Drivers/STM32G0xx_HAL_Driver/Src/stm32g0xx_hal_uart.o
                0x0000000008005288                UART_CheckIdleState
 .text.UART_WaitOnFlagUntilTimeout
                0x00000000080053dc       0xde ./Drivers/STM32G0xx_HAL_Driver/Src/stm32g0xx_hal_uart.o
                0x00000000080053dc                UART_WaitOnFlagUntilTimeout
 *fill*         0x00000000080054ba        0x2 
 .text.UART_EndRxTransfer
                0x00000000080054bc       0xcc ./Drivers/STM32G0xx_HAL_Driver/Src/stm32g0xx_hal_uart.o
 .text.HAL_UARTEx_DisableFifoMode
                0x0000000008005588       0x74 ./Drivers/STM32G0xx_HAL_Driver/Src/stm32g0xx_hal_uart_ex.o
                0x0000000008005588                HAL_UARTEx_DisableFifoMode
 .text.HAL_UARTEx_SetTxFifoThreshold
                0x00000000080055fc       0x7e ./Drivers/STM32G0xx_HAL_Driver/Src/stm32g0xx_hal_uart_ex.o
                0x00000000080055fc                HAL_UARTEx_SetTxFifoThreshold
 *fill*         0x000000000800567a        0x2 
 .text.HAL_UARTEx_SetRxFifoThreshold
                0x000000000800567c       0x84 ./Drivers/STM32G0xx_HAL_Driver/Src/stm32g0xx_hal_uart_ex.o
                0x000000000800567c                HAL_UARTEx_SetRxFifoThreshold
 .text.UARTEx_SetNbDataToProcess
                0x0000000008005700       0xbc ./Drivers/STM32G0xx_HAL_Driver/Src/stm32g0xx_hal_uart_ex.o
 .text.HAL_GPIO_EXTI_Falling_Callback
                0x00000000080057bc       0x30 ./VL53L8CX_ULD_API/VL53L8CX_APIs.o
                0x00000000080057bc                HAL_GPIO_EXTI_Falling_Callback
 .text.get_data_by_polling
                0x00000000080057ec       0x74 ./VL53L8CX_ULD_API/VL53L8CX_APIs.o
                0x00000000080057ec                get_data_by_polling
 .text.VL53L8CX_Reset
                0x0000000008005860       0x4c ./VL53L8CX_ULD_API/VL53L8CX_APIs.o
                0x0000000008005860                VL53L8CX_Reset
 .text.VL53L8CX_SetFrequancy
                0x00000000080058ac       0x30 ./VL53L8CX_ULD_API/VL53L8CX_APIs.o
                0x00000000080058ac                VL53L8CX_SetFrequancy
 .text.VL53L8CX_StopRanging
                0x00000000080058dc       0x20 ./VL53L8CX_ULD_API/VL53L8CX_APIs.o
                0x00000000080058dc                VL53L8CX_StopRanging
 .text.VL53L8CX_Init
                0x00000000080058fc       0x50 ./VL53L8CX_ULD_API/VL53L8CX_APIs.o
                0x00000000080058fc                VL53L8CX_Init
 .text.VL53L8CX_SetResolution
                0x000000000800594c       0x5c ./VL53L8CX_ULD_API/VL53L8CX_APIs.o
                0x000000000800594c                VL53L8CX_SetResolution
 .text.VL53L8CX_SetPowerMode
                0x00000000080059a8       0x68 ./VL53L8CX_ULD_API/VL53L8CX_APIs.o
                0x00000000080059a8                VL53L8CX_SetPowerMode
 .text.VL53L8CX_SetRangingMode
                0x0000000008005a10       0x50 ./VL53L8CX_ULD_API/VL53L8CX_APIs.o
                0x0000000008005a10                VL53L8CX_SetRangingMode
 .text.VL53L8CX_SampleDistance
                0x0000000008005a60       0x78 ./VL53L8CX_ULD_API/VL53L8CX_APIs.o
                0x0000000008005a60                VL53L8CX_SampleDistance
 .text.VL53L8CX_SampleDistanceAverage
                0x0000000008005ad8       0x78 ./VL53L8CX_ULD_API/VL53L8CX_APIs.o
                0x0000000008005ad8                VL53L8CX_SampleDistanceAverage
 .text.VL53L8CX_NumberofTargets
                0x0000000008005b50       0x74 ./VL53L8CX_ULD_API/VL53L8CX_APIs.o
                0x0000000008005b50                VL53L8CX_NumberofTargets
 .text.VL53L8CX_MotionIndicator
                0x0000000008005bc4       0xf0 ./VL53L8CX_ULD_API/VL53L8CX_APIs.o
                0x0000000008005bc4                VL53L8CX_MotionIndicator
 .text.SetGPIOsPin
                0x0000000008005cb4       0x42 ./VL53L8CX_ULD_API/src/Porting.o
                0x0000000008005cb4                SetGPIOsPin
 .text.ResetGPIOsPin
                0x0000000008005cf6       0x42 ./VL53L8CX_ULD_API/src/Porting.o
                0x0000000008005cf6                ResetGPIOsPin
 .text.SendSPI  0x0000000008005d38       0x56 ./VL53L8CX_ULD_API/src/Porting.o
                0x0000000008005d38                SendSPI
 .text.ReceiveSPI
                0x0000000008005d8e       0x56 ./VL53L8CX_ULD_API/src/Porting.o
                0x0000000008005d8e                ReceiveSPI
 .text.VL53L8CX_RdByte
                0x0000000008005de4       0x2a ./VL53L8CX_ULD_API/src/platform.o
                0x0000000008005de4                VL53L8CX_RdByte
 .text.VL53L8CX_WrByte
                0x0000000008005e0e       0x30 ./VL53L8CX_ULD_API/src/platform.o
                0x0000000008005e0e                VL53L8CX_WrByte
 *fill*         0x0000000008005e3e        0x2 
 .text.VL53L8CX_WrMulti
                0x0000000008005e40      0x1bc ./VL53L8CX_ULD_API/src/platform.o
                0x0000000008005e40                VL53L8CX_WrMulti
 .text.VL53L8CX_RdMulti
                0x0000000008005ffc      0x174 ./VL53L8CX_ULD_API/src/platform.o
                0x0000000008005ffc                VL53L8CX_RdMulti
 .text.VL53L8CX_Reset_Sensor
                0x0000000008006170       0x7c ./VL53L8CX_ULD_API/src/platform.o
                0x0000000008006170                VL53L8CX_Reset_Sensor
 .text.VL53L8CX_SwapBuffer
                0x00000000080061ec       0x74 ./VL53L8CX_ULD_API/src/platform.o
                0x00000000080061ec                VL53L8CX_SwapBuffer
 .text.VL53L8CX_WaitMs
                0x0000000008006260       0x1a ./VL53L8CX_ULD_API/src/platform.o
                0x0000000008006260                VL53L8CX_WaitMs
 *fill*         0x000000000800627a        0x2 
 .text._vl53l8cx_poll_for_answer
                0x000000000800627c       0xf0 ./VL53L8CX_ULD_API/src/vl53l8cx_api.o
 .text._vl53l8cx_poll_for_mcu_boot
                0x000000000800636c       0xb4 ./VL53L8CX_ULD_API/src/vl53l8cx_api.o
 .text._vl53l8cx_send_offset_data
                0x0000000008006420      0x3b0 ./VL53L8CX_ULD_API/src/vl53l8cx_api.o
 .text._vl53l8cx_send_xtalk_data
                0x00000000080067d0      0x2a0 ./VL53L8CX_ULD_API/src/vl53l8cx_api.o
 .text.vl53l8cx_is_alive
                0x0000000008006a70       0xb0 ./VL53L8CX_ULD_API/src/vl53l8cx_api.o
                0x0000000008006a70                vl53l8cx_is_alive
 .text.vl53l8cx_init
                0x0000000008006b20      0x9d8 ./VL53L8CX_ULD_API/src/vl53l8cx_api.o
                0x0000000008006b20                vl53l8cx_init
 .text.vl53l8cx_get_power_mode
                0x00000000080074f8       0xd0 ./VL53L8CX_ULD_API/src/vl53l8cx_api.o
                0x00000000080074f8                vl53l8cx_get_power_mode
 .text.vl53l8cx_set_power_mode
                0x00000000080075c8      0x218 ./VL53L8CX_ULD_API/src/vl53l8cx_api.o
                0x00000000080075c8                vl53l8cx_set_power_mode
 .text.vl53l8cx_start_ranging
                0x00000000080077e0      0x3c8 ./VL53L8CX_ULD_API/src/vl53l8cx_api.o
                0x00000000080077e0                vl53l8cx_start_ranging
 .text.vl53l8cx_stop_ranging
                0x0000000008007ba8      0x210 ./VL53L8CX_ULD_API/src/vl53l8cx_api.o
                0x0000000008007ba8                vl53l8cx_stop_ranging
 .text.vl53l8cx_check_data_ready
                0x0000000008007db8       0xcc ./VL53L8CX_ULD_API/src/vl53l8cx_api.o
                0x0000000008007db8                vl53l8cx_check_data_ready
 .text.vl53l8cx_get_ranging_data
                0x0000000008007e84      0x4b0 ./VL53L8CX_ULD_API/src/vl53l8cx_api.o
                0x0000000008007e84                vl53l8cx_get_ranging_data
 .text.vl53l8cx_get_resolution
                0x0000000008008334       0x60 ./VL53L8CX_ULD_API/src/vl53l8cx_api.o
                0x0000000008008334                vl53l8cx_get_resolution
 .text.vl53l8cx_set_resolution
                0x0000000008008394      0x1f0 ./VL53L8CX_ULD_API/src/vl53l8cx_api.o
                0x0000000008008394                vl53l8cx_set_resolution
 .text.vl53l8cx_set_ranging_frequency_hz
                0x0000000008008584       0x54 ./VL53L8CX_ULD_API/src/vl53l8cx_api.o
                0x0000000008008584                vl53l8cx_set_ranging_frequency_hz
 .text.vl53l8cx_set_ranging_mode
                0x00000000080085d8       0xd8 ./VL53L8CX_ULD_API/src/vl53l8cx_api.o
                0x00000000080085d8                vl53l8cx_set_ranging_mode
 .text.vl53l8cx_dci_read_data
                0x00000000080086b0      0x14c ./VL53L8CX_ULD_API/src/vl53l8cx_api.o
                0x00000000080086b0                vl53l8cx_dci_read_data
 .text.vl53l8cx_dci_write_data
                0x00000000080087fc      0x1b8 ./VL53L8CX_ULD_API/src/vl53l8cx_api.o
                0x00000000080087fc                vl53l8cx_dci_write_data
 .text.vl53l8cx_dci_replace_data
                0x00000000080089b4       0x7c ./VL53L8CX_ULD_API/src/vl53l8cx_api.o
                0x00000000080089b4                vl53l8cx_dci_replace_data
 .text.vl53l8cx_motion_indicator_init
                0x0000000008008a30       0xb0 ./VL53L8CX_ULD_API/src/vl53l8cx_plugin_motion_indicator.o
                0x0000000008008a30                vl53l8cx_motion_indicator_init
 .text.vl53l8cx_motion_indicator_set_distance_motion
                0x0000000008008ae0      0x134 ./VL53L8CX_ULD_API/src/vl53l8cx_plugin_motion_indicator.o
                0x0000000008008ae0                vl53l8cx_motion_indicator_set_distance_motion
 .text.vl53l8cx_motion_indicator_set_resolution
                0x0000000008008c14      0x120 ./VL53L8CX_ULD_API/src/vl53l8cx_plugin_motion_indicator.o
                0x0000000008008c14                vl53l8cx_motion_indicator_set_resolution
 .text.memset   0x0000000008008d34       0x10 C:/ST/STM32CubeIDE_1.14.1/STM32CubeIDE/plugins/com.st.stm32cube.ide.mcu.externaltools.gnu-tools-for-stm32.11.3.rel1.win32_1.1.100.202309141235/tools/bin/../lib/gcc/arm-none-eabi/11.3.1/../../../../arm-none-eabi/lib/thumb/v6-m/nofp\libc_nano.a(libc_a-memset.o)
                0x0000000008008d34                memset
 .text.__libc_init_array
                0x0000000008008d44       0x48 C:/ST/STM32CubeIDE_1.14.1/STM32CubeIDE/plugins/com.st.stm32cube.ide.mcu.externaltools.gnu-tools-for-stm32.11.3.rel1.win32_1.1.100.202309141235/tools/bin/../lib/gcc/arm-none-eabi/11.3.1/../../../../arm-none-eabi/lib/thumb/v6-m/nofp\libc_nano.a(libc_a-init.o)
                0x0000000008008d44                __libc_init_array
 .text.memcpy   0x0000000008008d8c       0x12 C:/ST/STM32CubeIDE_1.14.1/STM32CubeIDE/plugins/com.st.stm32cube.ide.mcu.externaltools.gnu-tools-for-stm32.11.3.rel1.win32_1.1.100.202309141235/tools/bin/../lib/gcc/arm-none-eabi/11.3.1/../../../../arm-none-eabi/lib/thumb/v6-m/nofp\libc_nano.a(libc_a-memcpy-stub.o)
                0x0000000008008d8c                memcpy
 *(.glue_7)
 .glue_7        0x0000000008008d9e        0x0 linker stubs
 *(.glue_7t)
 .glue_7t       0x0000000008008d9e        0x0 linker stubs
 *(.eh_frame)
 *fill*         0x0000000008008d9e        0x2 
 .eh_frame      0x0000000008008da0        0x0 C:/ST/STM32CubeIDE_1.14.1/STM32CubeIDE/plugins/com.st.stm32cube.ide.mcu.externaltools.gnu-tools-for-stm32.11.3.rel1.win32_1.1.100.202309141235/tools/bin/../lib/gcc/arm-none-eabi/11.3.1/thumb/v6-m/nofp/crtbegin.o
 *(.init)
 .init          0x0000000008008da0        0x4 C:/ST/STM32CubeIDE_1.14.1/STM32CubeIDE/plugins/com.st.stm32cube.ide.mcu.externaltools.gnu-tools-for-stm32.11.3.rel1.win32_1.1.100.202309141235/tools/bin/../lib/gcc/arm-none-eabi/11.3.1/thumb/v6-m/nofp/crti.o
                0x0000000008008da0                _init
 .init          0x0000000008008da4        0x8 C:/ST/STM32CubeIDE_1.14.1/STM32CubeIDE/plugins/com.st.stm32cube.ide.mcu.externaltools.gnu-tools-for-stm32.11.3.rel1.win32_1.1.100.202309141235/tools/bin/../lib/gcc/arm-none-eabi/11.3.1/thumb/v6-m/nofp/crtn.o
 *(.fini)
 .fini          0x0000000008008dac        0x4 C:/ST/STM32CubeIDE_1.14.1/STM32CubeIDE/plugins/com.st.stm32cube.ide.mcu.externaltools.gnu-tools-for-stm32.11.3.rel1.win32_1.1.100.202309141235/tools/bin/../lib/gcc/arm-none-eabi/11.3.1/thumb/v6-m/nofp/crti.o
                0x0000000008008dac                _fini
 .fini          0x0000000008008db0        0x8 C:/ST/STM32CubeIDE_1.14.1/STM32CubeIDE/plugins/com.st.stm32cube.ide.mcu.externaltools.gnu-tools-for-stm32.11.3.rel1.win32_1.1.100.202309141235/tools/bin/../lib/gcc/arm-none-eabi/11.3.1/thumb/v6-m/nofp/crtn.o
                0x0000000008008db8                . = ALIGN (0x4)
                0x0000000008008db8                _etext = .

.vfp11_veneer   0x0000000008008db8        0x0
 .vfp11_veneer  0x0000000008008db8        0x0 linker stubs

.v4_bx          0x0000000008008db8        0x0
 .v4_bx         0x0000000008008db8        0x0 linker stubs

.iplt           0x0000000008008db8        0x0
 .iplt          0x0000000008008db8        0x0 C:/ST/STM32CubeIDE_1.14.1/STM32CubeIDE/plugins/com.st.stm32cube.ide.mcu.externaltools.gnu-tools-for-stm32.11.3.rel1.win32_1.1.100.202309141235/tools/bin/../lib/gcc/arm-none-eabi/11.3.1/thumb/v6-m/nofp/crtbegin.o

.rodata         0x0000000008008db8    0x15870
                0x0000000008008db8                . = ALIGN (0x4)
 *(.rodata)
 .rodata        0x0000000008008db8       0x6c ./VL53L8CX_ULD_API/src/vl53l8cx_api.o
 .rodata        0x0000000008008e24       0x80 C:/ST/STM32CubeIDE_1.14.1/STM32CubeIDE/plugins/com.st.stm32cube.ide.mcu.externaltools.gnu-tools-for-stm32.11.3.rel1.win32_1.1.100.202309141235/tools/bin/../lib/gcc/arm-none-eabi/11.3.1/thumb/v6-m/nofp\libgcc.a(divsf3.o)
 *(.rodata*)
 .rodata.AHBPrescTable
                0x0000000008008ea4       0x40 ./Core/Src/system_stm32g0xx.o
                0x0000000008008ea4                AHBPrescTable
 .rodata.APBPrescTable
                0x0000000008008ee4       0x20 ./Core/Src/system_stm32g0xx.o
                0x0000000008008ee4                APBPrescTable
 .rodata.UARTPrescTable
                0x0000000008008f04       0x18 ./Drivers/STM32G0xx_HAL_Driver/Src/stm32g0xx_hal_uart.o
                0x0000000008008f04                UARTPrescTable
 .rodata.numerator.1
                0x0000000008008f1c        0x8 ./Drivers/STM32G0xx_HAL_Driver/Src/stm32g0xx_hal_uart_ex.o
 .rodata.denominator.0
                0x0000000008008f24        0x8 ./Drivers/STM32G0xx_HAL_Driver/Src/stm32g0xx_hal_uart_ex.o
 .rodata.VL53L8CX_FIRMWARE
                0x0000000008008f2c    0x15000 ./VL53L8CX_ULD_API/src/vl53l8cx_api.o
                0x0000000008008f2c                VL53L8CX_FIRMWARE
 .rodata.VL53L8CX_DEFAULT_CONFIGURATION
                0x000000000801df2c      0x3cc ./VL53L8CX_ULD_API/src/vl53l8cx_api.o
                0x000000000801df2c                VL53L8CX_DEFAULT_CONFIGURATION
 .rodata.VL53L8CX_DEFAULT_XTALK
                0x000000000801e2f8      0x308 ./VL53L8CX_ULD_API/src/vl53l8cx_api.o
                0x000000000801e2f8                VL53L8CX_DEFAULT_XTALK
 .rodata.VL53L8CX_GET_NVM_CMD
                0x000000000801e600       0x28 ./VL53L8CX_ULD_API/src/vl53l8cx_api.o
                0x000000000801e600                VL53L8CX_GET_NVM_CMD
                0x000000000801e628                . = ALIGN (0x4)

.ARM.extab      0x000000000801e628        0x0
                0x000000000801e628                . = ALIGN (0x4)
 *(.ARM.extab* .gnu.linkonce.armextab.*)
                0x000000000801e628                . = ALIGN (0x4)

.ARM            0x000000000801e628        0x8
                0x000000000801e628                . = ALIGN (0x4)
                0x000000000801e628                __exidx_start = .
 *(.ARM.exidx*)
 .ARM.exidx     0x000000000801e628        0x8 C:/ST/STM32CubeIDE_1.14.1/STM32CubeIDE/plugins/com.st.stm32cube.ide.mcu.externaltools.gnu-tools-for-stm32.11.3.rel1.win32_1.1.100.202309141235/tools/bin/../lib/gcc/arm-none-eabi/11.3.1/thumb/v6-m/nofp\libgcc.a(_udivmoddi4.o)
                0x000000000801e630                __exidx_end = .
                0x000000000801e630                . = ALIGN (0x4)

.preinit_array  0x000000000801e630        0x0
                0x000000000801e630                . = ALIGN (0x4)
                0x000000000801e630                PROVIDE (__preinit_array_start = .)
 *(.preinit_array*)
                0x000000000801e630                PROVIDE (__preinit_array_end = .)
                0x000000000801e630                . = ALIGN (0x4)

.init_array     0x000000000801e630        0x4
                0x000000000801e630                . = ALIGN (0x4)
                0x000000000801e630                PROVIDE (__init_array_start = .)
 *(SORT_BY_NAME(.init_array.*))
 *(.init_array*)
 .init_array    0x000000000801e630        0x4 C:/ST/STM32CubeIDE_1.14.1/STM32CubeIDE/plugins/com.st.stm32cube.ide.mcu.externaltools.gnu-tools-for-stm32.11.3.rel1.win32_1.1.100.202309141235/tools/bin/../lib/gcc/arm-none-eabi/11.3.1/thumb/v6-m/nofp/crtbegin.o
                0x000000000801e634                PROVIDE (__init_array_end = .)
                0x000000000801e634                . = ALIGN (0x4)

.fini_array     0x000000000801e634        0x4
                0x000000000801e634                . = ALIGN (0x4)
                [!provide]                        PROVIDE (__fini_array_start = .)
 *(SORT_BY_NAME(.fini_array.*))
 *(.fini_array*)
 .fini_array    0x000000000801e634        0x4 C:/ST/STM32CubeIDE_1.14.1/STM32CubeIDE/plugins/com.st.stm32cube.ide.mcu.externaltools.gnu-tools-for-stm32.11.3.rel1.win32_1.1.100.202309141235/tools/bin/../lib/gcc/arm-none-eabi/11.3.1/thumb/v6-m/nofp/crtbegin.o
                [!provide]                        PROVIDE (__fini_array_end = .)
                0x000000000801e638                . = ALIGN (0x4)
                0x000000000801e638                _sidata = LOADADDR (.data)

.rel.dyn        0x000000000801e638        0x0
 .rel.iplt      0x000000000801e638        0x0 C:/ST/STM32CubeIDE_1.14.1/STM32CubeIDE/plugins/com.st.stm32cube.ide.mcu.externaltools.gnu-tools-for-stm32.11.3.rel1.win32_1.1.100.202309141235/tools/bin/../lib/gcc/arm-none-eabi/11.3.1/thumb/v6-m/nofp/crtbegin.o

.data           0x0000000020000000        0xc load address 0x000000000801e638
                0x0000000020000000                . = ALIGN (0x4)
                0x0000000020000000                _sdata = .
 *(.data)
 *(.data*)
 .data.SystemCoreClock
                0x0000000020000000        0x4 ./Core/Src/system_stm32g0xx.o
                0x0000000020000000                SystemCoreClock
 .data.uwTickPrio
                0x0000000020000004        0x4 ./Drivers/STM32G0xx_HAL_Driver/Src/stm32g0xx_hal.o
                0x0000000020000004                uwTickPrio
 .data.uwTickFreq
                0x0000000020000008        0x1 ./Drivers/STM32G0xx_HAL_Driver/Src/stm32g0xx_hal.o
                0x0000000020000008                uwTickFreq
 *(.RamFunc)
 *(.RamFunc*)
                0x000000002000000c                . = ALIGN (0x4)
 *fill*         0x0000000020000009        0x3 
                0x000000002000000c                _edata = .

.igot.plt       0x000000002000000c        0x0 load address 0x000000000801e644
 .igot.plt      0x000000002000000c        0x0 C:/ST/STM32CubeIDE_1.14.1/STM32CubeIDE/plugins/com.st.stm32cube.ide.mcu.externaltools.gnu-tools-for-stm32.11.3.rel1.win32_1.1.100.202309141235/tools/bin/../lib/gcc/arm-none-eabi/11.3.1/thumb/v6-m/nofp/crtbegin.o
                0x000000002000000c                . = ALIGN (0x4)

.bss            0x000000002000000c     0x9768 load address 0x000000000801e644
                0x000000002000000c                _sbss = .
                0x000000002000000c                __bss_start__ = _sbss
 *(.bss)
 .bss           0x000000002000000c       0x1c C:/ST/STM32CubeIDE_1.14.1/STM32CubeIDE/plugins/com.st.stm32cube.ide.mcu.externaltools.gnu-tools-for-stm32.11.3.rel1.win32_1.1.100.202309141235/tools/bin/../lib/gcc/arm-none-eabi/11.3.1/thumb/v6-m/nofp/crtbegin.o
 *(.bss*)
 .bss.Distance_average
                0x0000000020000028        0x2 ./Core/Src/main.o
                0x0000000020000028                Distance_average
 *fill*         0x000000002000002a        0x2 
 .bss.Distance  0x000000002000002c       0x20 ./Core/Src/main.o
                0x000000002000002c                Distance
 .bss.Nb_target
                0x000000002000004c       0x20 ./Core/Src/main.o
                0x000000002000004c                Nb_target
 .bss.Indicator
                0x000000002000006c       0x20 ./Core/Src/main.o
                0x000000002000006c                Indicator
 .bss.hspi2     0x000000002000008c       0x64 ./Core/Src/spi.o
                0x000000002000008c                hspi2
 .bss.huart1    0x00000000200000f0       0x94 ./Core/Src/usart.o
                0x00000000200000f0                huart1
 .bss.huart2    0x0000000020000184       0x94 ./Core/Src/usart.o
                0x0000000020000184                huart2
 .bss.huart3    0x0000000020000218       0x94 ./Core/Src/usart.o
                0x0000000020000218                huart3
 .bss.huart4    0x00000000200002ac       0x94 ./Core/Src/usart.o
                0x00000000200002ac                huart4
 .bss.huart5    0x0000000020000340       0x94 ./Core/Src/usart.o
                0x0000000020000340                huart5
 .bss.huart6    0x00000000200003d4       0x94 ./Core/Src/usart.o
                0x00000000200003d4                huart6
 .bss.hdma_usart1_rx
                0x0000000020000468       0x60 ./Core/Src/usart.o
                0x0000000020000468                hdma_usart1_rx
 .bss.hdma_usart2_rx
                0x00000000200004c8       0x60 ./Core/Src/usart.o
                0x00000000200004c8                hdma_usart2_rx
 .bss.hdma_usart3_rx
                0x0000000020000528       0x60 ./Core/Src/usart.o
                0x0000000020000528                hdma_usart3_rx
 .bss.hdma_usart4_rx
                0x0000000020000588       0x60 ./Core/Src/usart.o
                0x0000000020000588                hdma_usart4_rx
 .bss.hdma_usart5_rx
                0x00000000200005e8       0x60 ./Core/Src/usart.o
                0x00000000200005e8                hdma_usart5_rx
 .bss.hdma_usart6_rx
                0x0000000020000648       0x60 ./Core/Src/usart.o
                0x0000000020000648                hdma_usart6_rx
 .bss.uwTick    0x00000000200006a8        0x4 ./Drivers/STM32G0xx_HAL_Driver/Src/stm32g0xx_hal.o
                0x00000000200006a8                uwTick
 .bss.status    0x00000000200006ac        0x4 ./VL53L8CX_ULD_API/VL53L8CX_APIs.o
                0x00000000200006ac                status
 .bss.IntCount  0x00000000200006b0        0x4 ./VL53L8CX_ULD_API/VL53L8CX_APIs.o
                0x00000000200006b0                IntCount
 .bss.Dev       0x00000000200006b4     0x8ad0 ./VL53L8CX_ULD_API/VL53L8CX_APIs.o
                0x00000000200006b4                Dev
 .bss.Results   0x0000000020009184      0x550 ./VL53L8CX_ULD_API/VL53L8CX_APIs.o
                0x0000000020009184                Results
 .bss.resolution
                0x00000000200096d4        0x1 ./VL53L8CX_ULD_API/VL53L8CX_APIs.o
                0x00000000200096d4                resolution
 .bss.isAlive   0x00000000200096d5        0x1 ./VL53L8CX_ULD_API/VL53L8CX_APIs.o
                0x00000000200096d5                isAlive
 .bss.p_data_ready
                0x00000000200096d6        0x1 ./VL53L8CX_ULD_API/VL53L8CX_APIs.o
                0x00000000200096d6                p_data_ready
 *fill*         0x00000000200096d7        0x1 
 .bss.motion_config
                0x00000000200096d8       0x9c ./VL53L8CX_ULD_API/VL53L8CX_APIs.o
                0x00000000200096d8                motion_config
 *(COMMON)
                0x0000000020009774                . = ALIGN (0x4)
                0x0000000020009774                _ebss = .
                0x0000000020009774                __bss_end__ = _ebss

._user_heap_stack
                0x0000000020009774      0x604 load address 0x000000000801e644
                0x0000000020009778                . = ALIGN (0x8)
 *fill*         0x0000000020009774        0x4 
                [!provide]                        PROVIDE (end = .)
                0x0000000020009778                PROVIDE (_end = .)
                0x0000000020009978                . = (. + _Min_Heap_Size)
 *fill*         0x0000000020009778      0x200 
                0x0000000020009d78                . = (. + _Min_Stack_Size)
 *fill*         0x0000000020009978      0x400 
                0x0000000020009d78                . = ALIGN (0x8)

/DISCARD/
 libc.a(*)
 libm.a(*)
 libgcc.a(*)

.ARM.attributes
                0x0000000000000000       0x28
 *(.ARM.attributes)
 .ARM.attributes
                0x0000000000000000       0x1e C:/ST/STM32CubeIDE_1.14.1/STM32CubeIDE/plugins/com.st.stm32cube.ide.mcu.externaltools.gnu-tools-for-stm32.11.3.rel1.win32_1.1.100.202309141235/tools/bin/../lib/gcc/arm-none-eabi/11.3.1/thumb/v6-m/nofp/crti.o
 .ARM.attributes
                0x000000000000001e       0x2c C:/ST/STM32CubeIDE_1.14.1/STM32CubeIDE/plugins/com.st.stm32cube.ide.mcu.externaltools.gnu-tools-for-stm32.11.3.rel1.win32_1.1.100.202309141235/tools/bin/../lib/gcc/arm-none-eabi/11.3.1/thumb/v6-m/nofp/crtbegin.o
 .ARM.attributes
                0x000000000000004a       0x2c ./Core/Src/dma.o
 .ARM.attributes
                0x0000000000000076       0x2c ./Core/Src/gpio.o
 .ARM.attributes
                0x00000000000000a2       0x2c ./Core/Src/main.o
 .ARM.attributes
                0x00000000000000ce       0x2c ./Core/Src/spi.o
 .ARM.attributes
                0x00000000000000fa       0x2c ./Core/Src/stm32g0xx_hal_msp.o
 .ARM.attributes
                0x0000000000000126       0x2c ./Core/Src/stm32g0xx_it.o
 .ARM.attributes
                0x0000000000000152       0x2c ./Core/Src/system_stm32g0xx.o
 .ARM.attributes
                0x000000000000017e       0x2c ./Core/Src/usart.o
 .ARM.attributes
                0x00000000000001aa       0x22 ./Core/Startup/startup_stm32g0b1ceux.o
 .ARM.attributes
                0x00000000000001cc       0x2c ./Drivers/STM32G0xx_HAL_Driver/Src/stm32g0xx_hal.o
 .ARM.attributes
                0x00000000000001f8       0x2c ./Drivers/STM32G0xx_HAL_Driver/Src/stm32g0xx_hal_cortex.o
 .ARM.attributes
                0x0000000000000224       0x2c ./Drivers/STM32G0xx_HAL_Driver/Src/stm32g0xx_hal_dma.o
 .ARM.attributes
                0x0000000000000250       0x2c ./Drivers/STM32G0xx_HAL_Driver/Src/stm32g0xx_hal_gpio.o
 .ARM.attributes
                0x000000000000027c       0x2c ./Drivers/STM32G0xx_HAL_Driver/Src/stm32g0xx_hal_pwr_ex.o
 .ARM.attributes
                0x00000000000002a8       0x2c ./Drivers/STM32G0xx_HAL_Driver/Src/stm32g0xx_hal_rcc.o
 .ARM.attributes
                0x00000000000002d4       0x2c ./Drivers/STM32G0xx_HAL_Driver/Src/stm32g0xx_hal_rcc_ex.o
 .ARM.attributes
                0x0000000000000300       0x2c ./Drivers/STM32G0xx_HAL_Driver/Src/stm32g0xx_hal_spi.o
 .ARM.attributes
                0x000000000000032c       0x2c ./Drivers/STM32G0xx_HAL_Driver/Src/stm32g0xx_hal_uart.o
 .ARM.attributes
                0x0000000000000358       0x2c ./Drivers/STM32G0xx_HAL_Driver/Src/stm32g0xx_hal_uart_ex.o
 .ARM.attributes
                0x0000000000000384       0x2c ./VL53L8CX_ULD_API/VL53L8CX_APIs.o
 .ARM.attributes
                0x00000000000003b0       0x2c ./VL53L8CX_ULD_API/src/Porting.o
 .ARM.attributes
                0x00000000000003dc       0x2c ./VL53L8CX_ULD_API/src/platform.o
 .ARM.attributes
                0x0000000000000408       0x2c ./VL53L8CX_ULD_API/src/vl53l8cx_api.o
 .ARM.attributes
                0x0000000000000434       0x2c ./VL53L8CX_ULD_API/src/vl53l8cx_plugin_motion_indicator.o
 .ARM.attributes
                0x0000000000000460       0x2c C:/ST/STM32CubeIDE_1.14.1/STM32CubeIDE/plugins/com.st.stm32cube.ide.mcu.externaltools.gnu-tools-for-stm32.11.3.rel1.win32_1.1.100.202309141235/tools/bin/../lib/gcc/arm-none-eabi/11.3.1/../../../../arm-none-eabi/lib/thumb/v6-m/nofp\libc_nano.a(libc_a-memset.o)
 .ARM.attributes
                0x000000000000048c       0x2c C:/ST/STM32CubeIDE_1.14.1/STM32CubeIDE/plugins/com.st.stm32cube.ide.mcu.externaltools.gnu-tools-for-stm32.11.3.rel1.win32_1.1.100.202309141235/tools/bin/../lib/gcc/arm-none-eabi/11.3.1/../../../../arm-none-eabi/lib/thumb/v6-m/nofp\libc_nano.a(libc_a-init.o)
 .ARM.attributes
                0x00000000000004b8       0x2c C:/ST/STM32CubeIDE_1.14.1/STM32CubeIDE/plugins/com.st.stm32cube.ide.mcu.externaltools.gnu-tools-for-stm32.11.3.rel1.win32_1.1.100.202309141235/tools/bin/../lib/gcc/arm-none-eabi/11.3.1/../../../../arm-none-eabi/lib/thumb/v6-m/nofp\libc_nano.a(libc_a-memcpy-stub.o)
 .ARM.attributes
                0x00000000000004e4       0x1e C:/ST/STM32CubeIDE_1.14.1/STM32CubeIDE/plugins/com.st.stm32cube.ide.mcu.externaltools.gnu-tools-for-stm32.11.3.rel1.win32_1.1.100.202309141235/tools/bin/../lib/gcc/arm-none-eabi/11.3.1/thumb/v6-m/nofp\libgcc.a(_udivsi3.o)
 .ARM.attributes
                0x0000000000000502       0x1e C:/ST/STM32CubeIDE_1.14.1/STM32CubeIDE/plugins/com.st.stm32cube.ide.mcu.externaltools.gnu-tools-for-stm32.11.3.rel1.win32_1.1.100.202309141235/tools/bin/../lib/gcc/arm-none-eabi/11.3.1/thumb/v6-m/nofp\libgcc.a(_divsi3.o)
 .ARM.attributes
                0x0000000000000520       0x1e C:/ST/STM32CubeIDE_1.14.1/STM32CubeIDE/plugins/com.st.stm32cube.ide.mcu.externaltools.gnu-tools-for-stm32.11.3.rel1.win32_1.1.100.202309141235/tools/bin/../lib/gcc/arm-none-eabi/11.3.1/thumb/v6-m/nofp\libgcc.a(_dvmd_tls.o)
 .ARM.attributes
                0x000000000000053e       0x1e C:/ST/STM32CubeIDE_1.14.1/STM32CubeIDE/plugins/com.st.stm32cube.ide.mcu.externaltools.gnu-tools-for-stm32.11.3.rel1.win32_1.1.100.202309141235/tools/bin/../lib/gcc/arm-none-eabi/11.3.1/thumb/v6-m/nofp\libgcc.a(_aeabi_uldivmod.o)
 .ARM.attributes
                0x000000000000055c       0x2c C:/ST/STM32CubeIDE_1.14.1/STM32CubeIDE/plugins/com.st.stm32cube.ide.mcu.externaltools.gnu-tools-for-stm32.11.3.rel1.win32_1.1.100.202309141235/tools/bin/../lib/gcc/arm-none-eabi/11.3.1/thumb/v6-m/nofp\libgcc.a(_fixunssfsi.o)
 .ARM.attributes
                0x0000000000000588       0x2c C:/ST/STM32CubeIDE_1.14.1/STM32CubeIDE/plugins/com.st.stm32cube.ide.mcu.externaltools.gnu-tools-for-stm32.11.3.rel1.win32_1.1.100.202309141235/tools/bin/../lib/gcc/arm-none-eabi/11.3.1/thumb/v6-m/nofp\libgcc.a(_udivmoddi4.o)
 .ARM.attributes
                0x00000000000005b4       0x2c C:/ST/STM32CubeIDE_1.14.1/STM32CubeIDE/plugins/com.st.stm32cube.ide.mcu.externaltools.gnu-tools-for-stm32.11.3.rel1.win32_1.1.100.202309141235/tools/bin/../lib/gcc/arm-none-eabi/11.3.1/thumb/v6-m/nofp\libgcc.a(addsf3.o)
 .ARM.attributes
                0x00000000000005e0       0x2c C:/ST/STM32CubeIDE_1.14.1/STM32CubeIDE/plugins/com.st.stm32cube.ide.mcu.externaltools.gnu-tools-for-stm32.11.3.rel1.win32_1.1.100.202309141235/tools/bin/../lib/gcc/arm-none-eabi/11.3.1/thumb/v6-m/nofp\libgcc.a(divsf3.o)
 .ARM.attributes
                0x000000000000060c       0x2c C:/ST/STM32CubeIDE_1.14.1/STM32CubeIDE/plugins/com.st.stm32cube.ide.mcu.externaltools.gnu-tools-for-stm32.11.3.rel1.win32_1.1.100.202309141235/tools/bin/../lib/gcc/arm-none-eabi/11.3.1/thumb/v6-m/nofp\libgcc.a(mulsf3.o)
 .ARM.attributes
                0x0000000000000638       0x2c C:/ST/STM32CubeIDE_1.14.1/STM32CubeIDE/plugins/com.st.stm32cube.ide.mcu.externaltools.gnu-tools-for-stm32.11.3.rel1.win32_1.1.100.202309141235/tools/bin/../lib/gcc/arm-none-eabi/11.3.1/thumb/v6-m/nofp\libgcc.a(subsf3.o)
 .ARM.attributes
                0x0000000000000664       0x2c C:/ST/STM32CubeIDE_1.14.1/STM32CubeIDE/plugins/com.st.stm32cube.ide.mcu.externaltools.gnu-tools-for-stm32.11.3.rel1.win32_1.1.100.202309141235/tools/bin/../lib/gcc/arm-none-eabi/11.3.1/thumb/v6-m/nofp\libgcc.a(fixsfsi.o)
 .ARM.attributes
                0x0000000000000690       0x2c C:/ST/STM32CubeIDE_1.14.1/STM32CubeIDE/plugins/com.st.stm32cube.ide.mcu.externaltools.gnu-tools-for-stm32.11.3.rel1.win32_1.1.100.202309141235/tools/bin/../lib/gcc/arm-none-eabi/11.3.1/thumb/v6-m/nofp\libgcc.a(floatunsisf.o)
 .ARM.attributes
                0x00000000000006bc       0x1e C:/ST/STM32CubeIDE_1.14.1/STM32CubeIDE/plugins/com.st.stm32cube.ide.mcu.externaltools.gnu-tools-for-stm32.11.3.rel1.win32_1.1.100.202309141235/tools/bin/../lib/gcc/arm-none-eabi/11.3.1/thumb/v6-m/nofp\libgcc.a(_arm_cmpsf2.o)
 .ARM.attributes
                0x00000000000006da       0x1e C:/ST/STM32CubeIDE_1.14.1/STM32CubeIDE/plugins/com.st.stm32cube.ide.mcu.externaltools.gnu-tools-for-stm32.11.3.rel1.win32_1.1.100.202309141235/tools/bin/../lib/gcc/arm-none-eabi/11.3.1/thumb/v6-m/nofp\libgcc.a(_clzsi2.o)
 .ARM.attributes
                0x00000000000006f8       0x1e C:/ST/STM32CubeIDE_1.14.1/STM32CubeIDE/plugins/com.st.stm32cube.ide.mcu.externaltools.gnu-tools-for-stm32.11.3.rel1.win32_1.1.100.202309141235/tools/bin/../lib/gcc/arm-none-eabi/11.3.1/thumb/v6-m/nofp\libgcc.a(_clzdi2.o)
 .ARM.attributes
                0x0000000000000716       0x2c C:/ST/STM32CubeIDE_1.14.1/STM32CubeIDE/plugins/com.st.stm32cube.ide.mcu.externaltools.gnu-tools-for-stm32.11.3.rel1.win32_1.1.100.202309141235/tools/bin/../lib/gcc/arm-none-eabi/11.3.1/thumb/v6-m/nofp\libgcc.a(eqsf2.o)
 .ARM.attributes
                0x0000000000000742       0x2c C:/ST/STM32CubeIDE_1.14.1/STM32CubeIDE/plugins/com.st.stm32cube.ide.mcu.externaltools.gnu-tools-for-stm32.11.3.rel1.win32_1.1.100.202309141235/tools/bin/../lib/gcc/arm-none-eabi/11.3.1/thumb/v6-m/nofp\libgcc.a(gesf2.o)
 .ARM.attributes
                0x000000000000076e       0x2c C:/ST/STM32CubeIDE_1.14.1/STM32CubeIDE/plugins/com.st.stm32cube.ide.mcu.externaltools.gnu-tools-for-stm32.11.3.rel1.win32_1.1.100.202309141235/tools/bin/../lib/gcc/arm-none-eabi/11.3.1/thumb/v6-m/nofp\libgcc.a(lesf2.o)
 .ARM.attributes
                0x000000000000079a       0x1e C:/ST/STM32CubeIDE_1.14.1/STM32CubeIDE/plugins/com.st.stm32cube.ide.mcu.externaltools.gnu-tools-for-stm32.11.3.rel1.win32_1.1.100.202309141235/tools/bin/../lib/gcc/arm-none-eabi/11.3.1/thumb/v6-m/nofp/crtn.o
OUTPUT(H08R6.elf elf32-littlearm)
LOAD linker stubs
LOAD C:/ST/STM32CubeIDE_1.14.1/STM32CubeIDE/plugins/com.st.stm32cube.ide.mcu.externaltools.gnu-tools-for-stm32.11.3.rel1.win32_1.1.100.202309141235/tools/bin/../lib/gcc/arm-none-eabi/11.3.1/../../../../arm-none-eabi/lib/thumb/v6-m/nofp\libc.a
LOAD C:/ST/STM32CubeIDE_1.14.1/STM32CubeIDE/plugins/com.st.stm32cube.ide.mcu.externaltools.gnu-tools-for-stm32.11.3.rel1.win32_1.1.100.202309141235/tools/bin/../lib/gcc/arm-none-eabi/11.3.1/../../../../arm-none-eabi/lib/thumb/v6-m/nofp\libm.a
LOAD C:/ST/STM32CubeIDE_1.14.1/STM32CubeIDE/plugins/com.st.stm32cube.ide.mcu.externaltools.gnu-tools-for-stm32.11.3.rel1.win32_1.1.100.202309141235/tools/bin/../lib/gcc/arm-none-eabi/11.3.1/thumb/v6-m/nofp\libgcc.a

.comment        0x0000000000000000       0x43
 .comment       0x0000000000000000       0x43 C:/ST/STM32CubeIDE_1.14.1/STM32CubeIDE/plugins/com.st.stm32cube.ide.mcu.externaltools.gnu-tools-for-stm32.11.3.rel1.win32_1.1.100.202309141235/tools/bin/../lib/gcc/arm-none-eabi/11.3.1/thumb/v6-m/nofp/crtbegin.o
                                         0x44 (size before relaxing)
 .comment       0x0000000000000043       0x44 ./Core/Src/dma.o
 .comment       0x0000000000000043       0x44 ./Core/Src/gpio.o
 .comment       0x0000000000000043       0x44 ./Core/Src/main.o
 .comment       0x0000000000000043       0x44 ./Core/Src/spi.o
 .comment       0x0000000000000043       0x44 ./Core/Src/stm32g0xx_hal_msp.o
 .comment       0x0000000000000043       0x44 ./Core/Src/stm32g0xx_it.o
 .comment       0x0000000000000043       0x44 ./Core/Src/system_stm32g0xx.o
 .comment       0x0000000000000043       0x44 ./Core/Src/usart.o
 .comment       0x0000000000000043       0x44 ./Drivers/STM32G0xx_HAL_Driver/Src/stm32g0xx_hal.o
 .comment       0x0000000000000043       0x44 ./Drivers/STM32G0xx_HAL_Driver/Src/stm32g0xx_hal_cortex.o
 .comment       0x0000000000000043       0x44 ./Drivers/STM32G0xx_HAL_Driver/Src/stm32g0xx_hal_dma.o
 .comment       0x0000000000000043       0x44 ./Drivers/STM32G0xx_HAL_Driver/Src/stm32g0xx_hal_gpio.o
 .comment       0x0000000000000043       0x44 ./Drivers/STM32G0xx_HAL_Driver/Src/stm32g0xx_hal_pwr_ex.o
 .comment       0x0000000000000043       0x44 ./Drivers/STM32G0xx_HAL_Driver/Src/stm32g0xx_hal_rcc.o
 .comment       0x0000000000000043       0x44 ./Drivers/STM32G0xx_HAL_Driver/Src/stm32g0xx_hal_rcc_ex.o
 .comment       0x0000000000000043       0x44 ./Drivers/STM32G0xx_HAL_Driver/Src/stm32g0xx_hal_spi.o
 .comment       0x0000000000000043       0x44 ./Drivers/STM32G0xx_HAL_Driver/Src/stm32g0xx_hal_uart.o
 .comment       0x0000000000000043       0x44 ./Drivers/STM32G0xx_HAL_Driver/Src/stm32g0xx_hal_uart_ex.o
 .comment       0x0000000000000043       0x44 ./VL53L8CX_ULD_API/VL53L8CX_APIs.o
 .comment       0x0000000000000043       0x44 ./VL53L8CX_ULD_API/src/Porting.o
 .comment       0x0000000000000043       0x44 ./VL53L8CX_ULD_API/src/platform.o
 .comment       0x0000000000000043       0x44 ./VL53L8CX_ULD_API/src/vl53l8cx_api.o
 .comment       0x0000000000000043       0x44 ./VL53L8CX_ULD_API/src/vl53l8cx_plugin_motion_indicator.o

.debug_info     0x0000000000000000    0x12a07
 .debug_info    0x0000000000000000      0x3d3 ./Core/Src/dma.o
 .debug_info    0x00000000000003d3      0x583 ./Core/Src/gpio.o
 .debug_info    0x0000000000000956      0xdb8 ./Core/Src/main.o
 .debug_info    0x000000000000170e      0xaae ./Core/Src/spi.o
 .debug_info    0x00000000000021bc      0x2e6 ./Core/Src/stm32g0xx_hal_msp.o
 .debug_info    0x00000000000024a2      0x554 ./Core/Src/stm32g0xx_it.o
 .debug_info    0x00000000000029f6      0x316 ./Core/Src/system_stm32g0xx.o
 .debug_info    0x0000000000002d0c      0xfa8 ./Core/Src/usart.o
 .debug_info    0x0000000000003cb4       0x23 ./Core/Startup/startup_stm32g0b1ceux.o
 .debug_info    0x0000000000003cd7      0xafa ./Drivers/STM32G0xx_HAL_Driver/Src/stm32g0xx_hal.o
 .debug_info    0x00000000000047d1      0x8d9 ./Drivers/STM32G0xx_HAL_Driver/Src/stm32g0xx_hal_cortex.o
 .debug_info    0x00000000000050aa      0x869 ./Drivers/STM32G0xx_HAL_Driver/Src/stm32g0xx_hal_dma.o
 .debug_info    0x0000000000005913      0x5d9 ./Drivers/STM32G0xx_HAL_Driver/Src/stm32g0xx_hal_gpio.o
 .debug_info    0x0000000000005eec      0x8b5 ./Drivers/STM32G0xx_HAL_Driver/Src/stm32g0xx_hal_pwr_ex.o
 .debug_info    0x00000000000067a1      0xb9b ./Drivers/STM32G0xx_HAL_Driver/Src/stm32g0xx_hal_rcc.o
 .debug_info    0x000000000000733c      0xa41 ./Drivers/STM32G0xx_HAL_Driver/Src/stm32g0xx_hal_rcc_ex.o
 .debug_info    0x0000000000007d7d     0x1767 ./Drivers/STM32G0xx_HAL_Driver/Src/stm32g0xx_hal_spi.o
 .debug_info    0x00000000000094e4     0x48a0 ./Drivers/STM32G0xx_HAL_Driver/Src/stm32g0xx_hal_uart.o
 .debug_info    0x000000000000dd84      0xff0 ./Drivers/STM32G0xx_HAL_Driver/Src/stm32g0xx_hal_uart_ex.o
 .debug_info    0x000000000000ed74      0xf2a ./VL53L8CX_ULD_API/VL53L8CX_APIs.o
 .debug_info    0x000000000000fc9e      0xa23 ./VL53L8CX_ULD_API/src/Porting.o
 .debug_info    0x00000000000106c1      0xbe6 ./VL53L8CX_ULD_API/src/platform.o
 .debug_info    0x00000000000112a7     0x126d ./VL53L8CX_ULD_API/src/vl53l8cx_api.o
 .debug_info    0x0000000000012514      0x4f3 ./VL53L8CX_ULD_API/src/vl53l8cx_plugin_motion_indicator.o

.debug_abbrev   0x0000000000000000     0x30b8
 .debug_abbrev  0x0000000000000000      0x11e ./Core/Src/dma.o
 .debug_abbrev  0x000000000000011e      0x183 ./Core/Src/gpio.o
 .debug_abbrev  0x00000000000002a1      0x280 ./Core/Src/main.o
 .debug_abbrev  0x0000000000000521      0x1fe ./Core/Src/spi.o
 .debug_abbrev  0x000000000000071f      0x102 ./Core/Src/stm32g0xx_hal_msp.o
 .debug_abbrev  0x0000000000000821      0x1a0 ./Core/Src/stm32g0xx_it.o
 .debug_abbrev  0x00000000000009c1      0x119 ./Core/Src/system_stm32g0xx.o
 .debug_abbrev  0x0000000000000ada      0x243 ./Core/Src/usart.o
 .debug_abbrev  0x0000000000000d1d       0x12 ./Core/Startup/startup_stm32g0b1ceux.o
 .debug_abbrev  0x0000000000000d2f      0x27f ./Drivers/STM32G0xx_HAL_Driver/Src/stm32g0xx_hal.o
 .debug_abbrev  0x0000000000000fae      0x2ab ./Drivers/STM32G0xx_HAL_Driver/Src/stm32g0xx_hal_cortex.o
 .debug_abbrev  0x0000000000001259      0x214 ./Drivers/STM32G0xx_HAL_Driver/Src/stm32g0xx_hal_dma.o
 .debug_abbrev  0x000000000000146d      0x1c8 ./Drivers/STM32G0xx_HAL_Driver/Src/stm32g0xx_hal_gpio.o
 .debug_abbrev  0x0000000000001635      0x23c ./Drivers/STM32G0xx_HAL_Driver/Src/stm32g0xx_hal_pwr_ex.o
 .debug_abbrev  0x0000000000001871      0x2aa ./Drivers/STM32G0xx_HAL_Driver/Src/stm32g0xx_hal_rcc.o
 .debug_abbrev  0x0000000000001b1b      0x244 ./Drivers/STM32G0xx_HAL_Driver/Src/stm32g0xx_hal_rcc_ex.o
 .debug_abbrev  0x0000000000001d5f      0x290 ./Drivers/STM32G0xx_HAL_Driver/Src/stm32g0xx_hal_spi.o
 .debug_abbrev  0x0000000000001fef      0x311 ./Drivers/STM32G0xx_HAL_Driver/Src/stm32g0xx_hal_uart.o
 .debug_abbrev  0x0000000000002300      0x2d3 ./Drivers/STM32G0xx_HAL_Driver/Src/stm32g0xx_hal_uart_ex.o
 .debug_abbrev  0x00000000000025d3      0x2f2 ./VL53L8CX_ULD_API/VL53L8CX_APIs.o
 .debug_abbrev  0x00000000000028c5      0x1c9 ./VL53L8CX_ULD_API/src/Porting.o
 .debug_abbrev  0x0000000000002a8e      0x209 ./VL53L8CX_ULD_API/src/platform.o
 .debug_abbrev  0x0000000000002c97      0x29e ./VL53L8CX_ULD_API/src/vl53l8cx_api.o
 .debug_abbrev  0x0000000000002f35      0x183 ./VL53L8CX_ULD_API/src/vl53l8cx_plugin_motion_indicator.o

.debug_aranges  0x0000000000000000      0xe90
 .debug_aranges
                0x0000000000000000       0x20 ./Core/Src/dma.o
 .debug_aranges
                0x0000000000000020       0x20 ./Core/Src/gpio.o
 .debug_aranges
                0x0000000000000040       0x38 ./Core/Src/main.o
 .debug_aranges
                0x0000000000000078       0x30 ./Core/Src/spi.o
 .debug_aranges
                0x00000000000000a8       0x20 ./Core/Src/stm32g0xx_hal_msp.o
 .debug_aranges
                0x00000000000000c8       0x60 ./Core/Src/stm32g0xx_it.o
 .debug_aranges
                0x0000000000000128       0x28 ./Core/Src/system_stm32g0xx.o
 .debug_aranges
                0x0000000000000150       0x58 ./Core/Src/usart.o
 .debug_aranges
                0x00000000000001a8       0x28 ./Core/Startup/startup_stm32g0b1ceux.o
 .debug_aranges
                0x00000000000001d0      0x130 ./Drivers/STM32G0xx_HAL_Driver/Src/stm32g0xx_hal.o
 .debug_aranges
                0x0000000000000300       0xe8 ./Drivers/STM32G0xx_HAL_Driver/Src/stm32g0xx_hal_cortex.o
 .debug_aranges
                0x00000000000003e8       0x90 ./Drivers/STM32G0xx_HAL_Driver/Src/stm32g0xx_hal_dma.o
 .debug_aranges
                0x0000000000000478       0x60 ./Drivers/STM32G0xx_HAL_Driver/Src/stm32g0xx_hal_gpio.o
 .debug_aranges
                0x00000000000004d8      0x128 ./Drivers/STM32G0xx_HAL_Driver/Src/stm32g0xx_hal_pwr_ex.o
 .debug_aranges
                0x0000000000000600       0xa0 ./Drivers/STM32G0xx_HAL_Driver/Src/stm32g0xx_hal_rcc.o
 .debug_aranges
                0x00000000000006a0       0x88 ./Drivers/STM32G0xx_HAL_Driver/Src/stm32g0xx_hal_rcc_ex.o
 .debug_aranges
                0x0000000000000728      0x1d8 ./Drivers/STM32G0xx_HAL_Driver/Src/stm32g0xx_hal_spi.o
 .debug_aranges
                0x0000000000000900      0x248 ./Drivers/STM32G0xx_HAL_Driver/Src/stm32g0xx_hal_uart.o
 .debug_aranges
                0x0000000000000b48       0xa8 ./Drivers/STM32G0xx_HAL_Driver/Src/stm32g0xx_hal_uart_ex.o
 .debug_aranges
                0x0000000000000bf0       0xd0 ./VL53L8CX_ULD_API/VL53L8CX_APIs.o
 .debug_aranges
                0x0000000000000cc0       0x38 ./VL53L8CX_ULD_API/src/Porting.o
 .debug_aranges
                0x0000000000000cf8       0x50 ./VL53L8CX_ULD_API/src/platform.o
 .debug_aranges
                0x0000000000000d48      0x118 ./VL53L8CX_ULD_API/src/vl53l8cx_api.o
 .debug_aranges
                0x0000000000000e60       0x30 ./VL53L8CX_ULD_API/src/vl53l8cx_plugin_motion_indicator.o

.debug_rnglists
                0x0000000000000000      0xb30
 .debug_rnglists
                0x0000000000000000       0x13 ./Core/Src/dma.o
 .debug_rnglists
                0x0000000000000013       0x14 ./Core/Src/gpio.o
 .debug_rnglists
                0x0000000000000027       0x26 ./Core/Src/main.o
 .debug_rnglists
                0x000000000000004d       0x20 ./Core/Src/spi.o
 .debug_rnglists
                0x000000000000006d       0x13 ./Core/Src/stm32g0xx_hal_msp.o
 .debug_rnglists
                0x0000000000000080       0x43 ./Core/Src/stm32g0xx_it.o
 .debug_rnglists
                0x00000000000000c3       0x1a ./Core/Src/system_stm32g0xx.o
 .debug_rnglists
                0x00000000000000dd       0x42 ./Core/Src/usart.o
 .debug_rnglists
                0x000000000000011f       0x19 ./Core/Startup/startup_stm32g0b1ceux.o
 .debug_rnglists
                0x0000000000000138       0xe0 ./Drivers/STM32G0xx_HAL_Driver/Src/stm32g0xx_hal.o
 .debug_rnglists
                0x0000000000000218       0xaa ./Drivers/STM32G0xx_HAL_Driver/Src/stm32g0xx_hal_cortex.o
 .debug_rnglists
                0x00000000000002c2       0x72 ./Drivers/STM32G0xx_HAL_Driver/Src/stm32g0xx_hal_dma.o
 .debug_rnglists
                0x0000000000000334       0x45 ./Drivers/STM32G0xx_HAL_Driver/Src/stm32g0xx_hal_gpio.o
 .debug_rnglists
                0x0000000000000379       0xe0 ./Drivers/STM32G0xx_HAL_Driver/Src/stm32g0xx_hal_pwr_ex.o
 .debug_rnglists
                0x0000000000000459       0x79 ./Drivers/STM32G0xx_HAL_Driver/Src/stm32g0xx_hal_rcc.o
 .debug_rnglists
                0x00000000000004d2       0x69 ./Drivers/STM32G0xx_HAL_Driver/Src/stm32g0xx_hal_rcc_ex.o
 .debug_rnglists
                0x000000000000053b      0x17a ./Drivers/STM32G0xx_HAL_Driver/Src/stm32g0xx_hal_spi.o
 .debug_rnglists
                0x00000000000006b5      0x1fd ./Drivers/STM32G0xx_HAL_Driver/Src/stm32g0xx_hal_uart.o
 .debug_rnglists
                0x00000000000008b2       0x80 ./Drivers/STM32G0xx_HAL_Driver/Src/stm32g0xx_hal_uart_ex.o
 .debug_rnglists
                0x0000000000000932       0x9c ./VL53L8CX_ULD_API/VL53L8CX_APIs.o
 .debug_rnglists
                0x00000000000009ce       0x25 ./VL53L8CX_ULD_API/src/Porting.o
 .debug_rnglists
                0x00000000000009f3       0x39 ./VL53L8CX_ULD_API/src/platform.o
 .debug_rnglists
                0x0000000000000a2c       0xe2 ./VL53L8CX_ULD_API/src/vl53l8cx_api.o
 .debug_rnglists
                0x0000000000000b0e       0x22 ./VL53L8CX_ULD_API/src/vl53l8cx_plugin_motion_indicator.o

.debug_macro    0x0000000000000000    0x1e263
 .debug_macro   0x0000000000000000      0x342 ./Core/Src/dma.o
 .debug_macro   0x0000000000000342      0xa7e ./Core/Src/dma.o
 .debug_macro   0x0000000000000dc0      0x12a ./Core/Src/dma.o
 .debug_macro   0x0000000000000eea       0x2e ./Core/Src/dma.o
 .debug_macro   0x0000000000000f18       0x28 ./Core/Src/dma.o
 .debug_macro   0x0000000000000f40       0x22 ./Core/Src/dma.o
 .debug_macro   0x0000000000000f62       0x8e ./Core/Src/dma.o
 .debug_macro   0x0000000000000ff0       0x51 ./Core/Src/dma.o
 .debug_macro   0x0000000000001041      0x103 ./Core/Src/dma.o
 .debug_macro   0x0000000000001144       0x6a ./Core/Src/dma.o
 .debug_macro   0x00000000000011ae      0x1df ./Core/Src/dma.o
 .debug_macro   0x000000000000138d       0x1c ./Core/Src/dma.o
 .debug_macro   0x00000000000013a9       0x22 ./Core/Src/dma.o
 .debug_macro   0x00000000000013cb       0xd1 ./Core/Src/dma.o
 .debug_macro   0x000000000000149c      0x4da ./Core/Src/dma.o
 .debug_macro   0x0000000000001976      0x11f ./Core/Src/dma.o
 .debug_macro   0x0000000000001a95     0xf3de ./Core/Src/dma.o
 .debug_macro   0x0000000000010e73       0x66 ./Core/Src/dma.o
 .debug_macro   0x0000000000010ed9     0x350e ./Core/Src/dma.o
 .debug_macro   0x00000000000143e7      0x174 ./Core/Src/dma.o
 .debug_macro   0x000000000001455b       0x5c ./Core/Src/dma.o
 .debug_macro   0x00000000000145b7      0x72c ./Core/Src/dma.o
 .debug_macro   0x0000000000014ce3     0x1579 ./Core/Src/dma.o
 .debug_macro   0x000000000001625c      0x535 ./Core/Src/dma.o
 .debug_macro   0x0000000000016791      0x1cf ./Core/Src/dma.o
 .debug_macro   0x0000000000016960      0x25b ./Core/Src/dma.o
 .debug_macro   0x0000000000016bbb      0x4f5 ./Core/Src/dma.o
 .debug_macro   0x00000000000170b0      0x280 ./Core/Src/dma.o
 .debug_macro   0x0000000000017330      0x417 ./Core/Src/dma.o
 .debug_macro   0x0000000000017747      0x1b2 ./Core/Src/dma.o
 .debug_macro   0x00000000000178f9       0x43 ./Core/Src/dma.o
 .debug_macro   0x000000000001793c      0x1f1 ./Core/Src/dma.o
 .debug_macro   0x0000000000017b2d      0x1e4 ./Core/Src/dma.o
 .debug_macro   0x0000000000017d11      0x3fa ./Core/Src/dma.o
 .debug_macro   0x000000000001810b       0x28 ./Core/Src/dma.o
 .debug_macro   0x0000000000018133      0x123 ./Core/Src/dma.o
 .debug_macro   0x0000000000018256      0x145 ./Core/Src/dma.o
 .debug_macro   0x000000000001839b      0x30b ./Core/Src/dma.o
 .debug_macro   0x00000000000186a6      0x2fe ./Core/Src/dma.o
 .debug_macro   0x00000000000189a4      0x693 ./Core/Src/dma.o
 .debug_macro   0x0000000000019037       0xa6 ./Core/Src/dma.o
 .debug_macro   0x00000000000190dd      0x5df ./Core/Src/dma.o
 .debug_macro   0x00000000000196bc       0x61 ./Core/Src/dma.o
 .debug_macro   0x000000000001971d       0x24 ./Core/Src/dma.o
 .debug_macro   0x0000000000019741       0x43 ./Core/Src/dma.o
 .debug_macro   0x0000000000019784       0x34 ./Core/Src/dma.o
 .debug_macro   0x00000000000197b8       0x16 ./Core/Src/dma.o
 .debug_macro   0x00000000000197ce       0x43 ./Core/Src/dma.o
 .debug_macro   0x0000000000019811       0x34 ./Core/Src/dma.o
 .debug_macro   0x0000000000019845       0x10 ./Core/Src/dma.o
 .debug_macro   0x0000000000019855       0x58 ./Core/Src/dma.o
 .debug_macro   0x00000000000198ad       0x8e ./Core/Src/dma.o
 .debug_macro   0x000000000001993b       0x1c ./Core/Src/dma.o
 .debug_macro   0x0000000000019957      0x177 ./Core/Src/dma.o
 .debug_macro   0x0000000000019ace      0x369 ./Core/Src/dma.o
 .debug_macro   0x0000000000019e37       0x10 ./Core/Src/dma.o
 .debug_macro   0x0000000000019e47       0x35 ./Core/Src/dma.o
 .debug_macro   0x0000000000019e7c       0x20 ./Core/Src/dma.o
 .debug_macro   0x0000000000019e9c      0x1f5 ./Core/Src/dma.o
 .debug_macro   0x000000000001a091       0x16 ./Core/Src/dma.o
 .debug_macro   0x000000000001a0a7       0x94 ./Core/Src/dma.o
 .debug_macro   0x000000000001a13b       0x94 ./Core/Src/dma.o
 .debug_macro   0x000000000001a1cf      0x33c ./Core/Src/gpio.o
 .debug_macro   0x000000000001a50b      0x38a ./Core/Src/main.o
 .debug_macro   0x000000000001a895       0x1c ./Core/Src/main.o
 .debug_macro   0x000000000001a8b1       0x10 ./Core/Src/main.o
 .debug_macro   0x000000000001a8c1       0x1c ./Core/Src/main.o
 .debug_macro   0x000000000001a8dd       0x16 ./Core/Src/main.o
 .debug_macro   0x000000000001a8f3      0x147 ./Core/Src/main.o
 .debug_macro   0x000000000001aa3a      0x33c ./Core/Src/spi.o
 .debug_macro   0x000000000001ad76      0x338 ./Core/Src/stm32g0xx_hal_msp.o
 .debug_macro   0x000000000001b0ae      0x342 ./Core/Src/stm32g0xx_it.o
 .debug_macro   0x000000000001b3f0      0x1e0 ./Core/Src/system_stm32g0xx.o
 .debug_macro   0x000000000001b5d0      0x342 ./Core/Src/usart.o
 .debug_macro   0x000000000001b912      0x204 ./Drivers/STM32G0xx_HAL_Driver/Src/stm32g0xx_hal.o
 .debug_macro   0x000000000001bb16      0x1e0 ./Drivers/STM32G0xx_HAL_Driver/Src/stm32g0xx_hal_cortex.o
 .debug_macro   0x000000000001bcf6      0x1e0 ./Drivers/STM32G0xx_HAL_Driver/Src/stm32g0xx_hal_dma.o
 .debug_macro   0x000000000001bed6      0x1e7 ./Drivers/STM32G0xx_HAL_Driver/Src/stm32g0xx_hal_gpio.o
 .debug_macro   0x000000000001c0bd      0x20a ./Drivers/STM32G0xx_HAL_Driver/Src/stm32g0xx_hal_pwr_ex.o
 .debug_macro   0x000000000001c2c7      0x228 ./Drivers/STM32G0xx_HAL_Driver/Src/stm32g0xx_hal_rcc.o
 .debug_macro   0x000000000001c4ef      0x1f8 ./Drivers/STM32G0xx_HAL_Driver/Src/stm32g0xx_hal_rcc_ex.o
 .debug_macro   0x000000000001c6e7      0x1e8 ./Drivers/STM32G0xx_HAL_Driver/Src/stm32g0xx_hal_spi.o
 .debug_macro   0x000000000001c8cf      0x20b ./Drivers/STM32G0xx_HAL_Driver/Src/stm32g0xx_hal_uart.o
 .debug_macro   0x000000000001cada      0x1ec ./Drivers/STM32G0xx_HAL_Driver/Src/stm32g0xx_hal_uart_ex.o
 .debug_macro   0x000000000001ccc6      0x394 ./VL53L8CX_ULD_API/VL53L8CX_APIs.o
 .debug_macro   0x000000000001d05a      0x10e ./VL53L8CX_ULD_API/VL53L8CX_APIs.o
 .debug_macro   0x000000000001d168       0x8d ./VL53L8CX_ULD_API/VL53L8CX_APIs.o
 .debug_macro   0x000000000001d1f5       0x16 ./VL53L8CX_ULD_API/VL53L8CX_APIs.o
 .debug_macro   0x000000000001d20b       0x56 ./VL53L8CX_ULD_API/VL53L8CX_APIs.o
 .debug_macro   0x000000000001d261      0x33c ./VL53L8CX_ULD_API/src/Porting.o
 .debug_macro   0x000000000001d59d      0x344 ./VL53L8CX_ULD_API/src/platform.o
 .debug_macro   0x000000000001d8e1      0x1fb ./VL53L8CX_ULD_API/src/platform.o
 .debug_macro   0x000000000001dadc      0x2fe ./VL53L8CX_ULD_API/src/vl53l8cx_api.o
 .debug_macro   0x000000000001ddda       0x10 ./VL53L8CX_ULD_API/src/vl53l8cx_api.o
 .debug_macro   0x000000000001ddea      0x2de ./VL53L8CX_ULD_API/src/vl53l8cx_plugin_motion_indicator.o
 .debug_macro   0x000000000001e0c8      0x19b ./VL53L8CX_ULD_API/src/vl53l8cx_plugin_motion_indicator.o

.debug_line     0x0000000000000000    0x168f4
 .debug_line    0x0000000000000000      0xa48 ./Core/Src/dma.o
 .debug_line    0x0000000000000a48      0xa69 ./Core/Src/gpio.o
 .debug_line    0x00000000000014b1      0xb34 ./Core/Src/main.o
 .debug_line    0x0000000000001fe5      0xac8 ./Core/Src/spi.o
 .debug_line    0x0000000000002aad      0xa4a ./Core/Src/stm32g0xx_hal_msp.o
 .debug_line    0x00000000000034f7      0xb10 ./Core/Src/stm32g0xx_it.o
 .debug_line    0x0000000000004007      0x804 ./Core/Src/system_stm32g0xx.o
 .debug_line    0x000000000000480b      0xe5e ./Core/Src/usart.o
 .debug_line    0x0000000000005669       0x7b ./Core/Startup/startup_stm32g0b1ceux.o
 .debug_line    0x00000000000056e4      0xb6a ./Drivers/STM32G0xx_HAL_Driver/Src/stm32g0xx_hal.o
 .debug_line    0x000000000000624e      0xbe9 ./Drivers/STM32G0xx_HAL_Driver/Src/stm32g0xx_hal_cortex.o
 .debug_line    0x0000000000006e37      0xed1 ./Drivers/STM32G0xx_HAL_Driver/Src/stm32g0xx_hal_dma.o
 .debug_line    0x0000000000007d08      0xbbb ./Drivers/STM32G0xx_HAL_Driver/Src/stm32g0xx_hal_gpio.o
 .debug_line    0x00000000000088c3      0xc1f ./Drivers/STM32G0xx_HAL_Driver/Src/stm32g0xx_hal_pwr_ex.o
 .debug_line    0x00000000000094e2      0xfd4 ./Drivers/STM32G0xx_HAL_Driver/Src/stm32g0xx_hal_rcc.o
 .debug_line    0x000000000000a4b6     0x11bf ./Drivers/STM32G0xx_HAL_Driver/Src/stm32g0xx_hal_rcc_ex.o
 .debug_line    0x000000000000b675     0x1f57 ./Drivers/STM32G0xx_HAL_Driver/Src/stm32g0xx_hal_spi.o
 .debug_line    0x000000000000d5cc     0x36cb ./Drivers/STM32G0xx_HAL_Driver/Src/stm32g0xx_hal_uart.o
 .debug_line    0x0000000000010c97      0xe41 ./Drivers/STM32G0xx_HAL_Driver/Src/stm32g0xx_hal_uart_ex.o
 .debug_line    0x0000000000011ad8     0x1226 ./VL53L8CX_ULD_API/VL53L8CX_APIs.o
 .debug_line    0x0000000000012cfe      0xad6 ./VL53L8CX_ULD_API/src/Porting.o
 .debug_line    0x00000000000137d4      0xc6b ./VL53L8CX_ULD_API/src/platform.o
 .debug_line    0x000000000001443f     0x19d8 ./VL53L8CX_ULD_API/src/vl53l8cx_api.o
 .debug_line    0x0000000000015e17      0xadd ./VL53L8CX_ULD_API/src/vl53l8cx_plugin_motion_indicator.o

.debug_str      0x0000000000000000    0xb5dc3
 .debug_str     0x0000000000000000    0xb03d6 ./Core/Src/dma.o
                                      0xb0b07 (size before relaxing)
 .debug_str     0x00000000000b03d6       0xd2 ./Core/Src/gpio.o
                                      0xb0bb5 (size before relaxing)
 .debug_str     0x00000000000b04a8     0x1080 ./Core/Src/main.o
                                      0xb190d (size before relaxing)
 .debug_str     0x00000000000b1528      0x1e2 ./Core/Src/spi.o
                                      0xb0e74 (size before relaxing)
 .debug_str     0x00000000000b170a       0x4d ./Core/Src/stm32g0xx_hal_msp.o
                                      0xb08c6 (size before relaxing)
 .debug_str     0x00000000000b1757      0x17d ./Core/Src/stm32g0xx_it.o
                                      0xb0c13 (size before relaxing)
 .debug_str     0x00000000000b18d4       0x8e ./Core/Src/system_stm32g0xx.o
                                      0xac1f3 (size before relaxing)
 .debug_str     0x00000000000b1962      0x2a1 ./Core/Src/usart.o
                                      0xb1211 (size before relaxing)
 .debug_str     0x00000000000b1c03       0x34 ./Core/Startup/startup_stm32g0b1ceux.o
                                         0x72 (size before relaxing)
 .debug_str     0x00000000000b1c37      0x5d5 ./Drivers/STM32G0xx_HAL_Driver/Src/stm32g0xx_hal.o
                                      0xacacc (size before relaxing)
 .debug_str     0x00000000000b220c      0x2bd ./Drivers/STM32G0xx_HAL_Driver/Src/stm32g0xx_hal_cortex.o
                                      0xac704 (size before relaxing)
 .debug_str     0x00000000000b24c9      0x27f ./Drivers/STM32G0xx_HAL_Driver/Src/stm32g0xx_hal_dma.o
                                      0xac6a3 (size before relaxing)
 .debug_str     0x00000000000b2748      0x14b ./Drivers/STM32G0xx_HAL_Driver/Src/stm32g0xx_hal_gpio.o
                                      0xac356 (size before relaxing)
 .debug_str     0x00000000000b2893      0x3e6 ./Drivers/STM32G0xx_HAL_Driver/Src/stm32g0xx_hal_pwr_ex.o
                                      0xac775 (size before relaxing)
 .debug_str     0x00000000000b2c79      0x4c7 ./Drivers/STM32G0xx_HAL_Driver/Src/stm32g0xx_hal_rcc.o
                                      0xac9bf (size before relaxing)
 .debug_str     0x00000000000b3140      0x360 ./Drivers/STM32G0xx_HAL_Driver/Src/stm32g0xx_hal_rcc_ex.o
                                      0xac84f (size before relaxing)
 .debug_str     0x00000000000b34a0      0x56c ./Drivers/STM32G0xx_HAL_Driver/Src/stm32g0xx_hal_spi.o
                                      0xacc00 (size before relaxing)
 .debug_str     0x00000000000b3a0c      0x99b ./Drivers/STM32G0xx_HAL_Driver/Src/stm32g0xx_hal_uart.o
                                      0xad1de (size before relaxing)
 .debug_str     0x00000000000b43a7      0x26b ./Drivers/STM32G0xx_HAL_Driver/Src/stm32g0xx_hal_uart_ex.o
                                      0xacaa4 (size before relaxing)
 .debug_str     0x00000000000b4612      0x883 ./VL53L8CX_ULD_API/VL53L8CX_APIs.o
                                      0xb1a33 (size before relaxing)
 .debug_str     0x00000000000b4e95       0xee ./VL53L8CX_ULD_API/src/Porting.o
                                      0xb0e69 (size before relaxing)
 .debug_str     0x00000000000b4f83      0x136 ./VL53L8CX_ULD_API/src/platform.o
                                      0xb0f6c (size before relaxing)
 .debug_str     0x00000000000b50b9      0x496 ./VL53L8CX_ULD_API/src/vl53l8cx_api.o
                                      0xb0a99 (size before relaxing)
 .debug_str     0x00000000000b554f      0x874 ./VL53L8CX_ULD_API/src/vl53l8cx_plugin_motion_indicator.o
                                      0xb0bf4 (size before relaxing)

.debug_frame    0x0000000000000000     0x3438
 .debug_frame   0x0000000000000000       0x30 ./Core/Src/dma.o
 .debug_frame   0x0000000000000030       0x30 ./Core/Src/gpio.o
 .debug_frame   0x0000000000000060       0x88 ./Core/Src/main.o
 .debug_frame   0x00000000000000e8       0x6c ./Core/Src/spi.o
 .debug_frame   0x0000000000000154       0x30 ./Core/Src/stm32g0xx_hal_msp.o
 .debug_frame   0x0000000000000184      0x10c ./Core/Src/stm32g0xx_it.o
 .debug_frame   0x0000000000000290       0x4c ./Core/Src/system_stm32g0xx.o
 .debug_frame   0x00000000000002dc       0xf8 ./Core/Src/usart.o
 .debug_frame   0x00000000000003d4      0x41c ./Drivers/STM32G0xx_HAL_Driver/Src/stm32g0xx_hal.o
 .debug_frame   0x00000000000007f0      0x33c ./Drivers/STM32G0xx_HAL_Driver/Src/stm32g0xx_hal_cortex.o
 .debug_frame   0x0000000000000b2c      0x1f0 ./Drivers/STM32G0xx_HAL_Driver/Src/stm32g0xx_hal_dma.o
 .debug_frame   0x0000000000000d1c      0x130 ./Drivers/STM32G0xx_HAL_Driver/Src/stm32g0xx_hal_gpio.o
 .debug_frame   0x0000000000000e4c      0x3f4 ./Drivers/STM32G0xx_HAL_Driver/Src/stm32g0xx_hal_pwr_ex.o
 .debug_frame   0x0000000000001240      0x214 ./Drivers/STM32G0xx_HAL_Driver/Src/stm32g0xx_hal_rcc.o
 .debug_frame   0x0000000000001454      0x1c0 ./Drivers/STM32G0xx_HAL_Driver/Src/stm32g0xx_hal_rcc_ex.o
 .debug_frame   0x0000000000001614      0x710 ./Drivers/STM32G0xx_HAL_Driver/Src/stm32g0xx_hal_spi.o
 .debug_frame   0x0000000000001d24      0x8d8 ./Drivers/STM32G0xx_HAL_Driver/Src/stm32g0xx_hal_uart.o
 .debug_frame   0x00000000000025fc      0x258 ./Drivers/STM32G0xx_HAL_Driver/Src/stm32g0xx_hal_uart_ex.o
 .debug_frame   0x0000000000002854      0x2e0 ./VL53L8CX_ULD_API/VL53L8CX_APIs.o
 .debug_frame   0x0000000000002b34       0x94 ./VL53L8CX_ULD_API/src/Porting.o
 .debug_frame   0x0000000000002bc8       0xf4 ./VL53L8CX_ULD_API/src/platform.o
 .debug_frame   0x0000000000002cbc      0x448 ./VL53L8CX_ULD_API/src/vl53l8cx_api.o
 .debug_frame   0x0000000000003104       0x70 ./VL53L8CX_ULD_API/src/vl53l8cx_plugin_motion_indicator.o
 .debug_frame   0x0000000000003174       0x20 C:/ST/STM32CubeIDE_1.14.1/STM32CubeIDE/plugins/com.st.stm32cube.ide.mcu.externaltools.gnu-tools-for-stm32.11.3.rel1.win32_1.1.100.202309141235/tools/bin/../lib/gcc/arm-none-eabi/11.3.1/../../../../arm-none-eabi/lib/thumb/v6-m/nofp\libc_nano.a(libc_a-memset.o)
 .debug_frame   0x0000000000003194       0x2c C:/ST/STM32CubeIDE_1.14.1/STM32CubeIDE/plugins/com.st.stm32cube.ide.mcu.externaltools.gnu-tools-for-stm32.11.3.rel1.win32_1.1.100.202309141235/tools/bin/../lib/gcc/arm-none-eabi/11.3.1/../../../../arm-none-eabi/lib/thumb/v6-m/nofp\libc_nano.a(libc_a-init.o)
 .debug_frame   0x00000000000031c0       0x28 C:/ST/STM32CubeIDE_1.14.1/STM32CubeIDE/plugins/com.st.stm32cube.ide.mcu.externaltools.gnu-tools-for-stm32.11.3.rel1.win32_1.1.100.202309141235/tools/bin/../lib/gcc/arm-none-eabi/11.3.1/../../../../arm-none-eabi/lib/thumb/v6-m/nofp\libc_nano.a(libc_a-memcpy-stub.o)
 .debug_frame   0x00000000000031e8       0x20 C:/ST/STM32CubeIDE_1.14.1/STM32CubeIDE/plugins/com.st.stm32cube.ide.mcu.externaltools.gnu-tools-for-stm32.11.3.rel1.win32_1.1.100.202309141235/tools/bin/../lib/gcc/arm-none-eabi/11.3.1/thumb/v6-m/nofp\libgcc.a(_udivsi3.o)
 .debug_frame   0x0000000000003208       0x20 C:/ST/STM32CubeIDE_1.14.1/STM32CubeIDE/plugins/com.st.stm32cube.ide.mcu.externaltools.gnu-tools-for-stm32.11.3.rel1.win32_1.1.100.202309141235/tools/bin/../lib/gcc/arm-none-eabi/11.3.1/thumb/v6-m/nofp\libgcc.a(_divsi3.o)
 .debug_frame   0x0000000000003228       0x28 C:/ST/STM32CubeIDE_1.14.1/STM32CubeIDE/plugins/com.st.stm32cube.ide.mcu.externaltools.gnu-tools-for-stm32.11.3.rel1.win32_1.1.100.202309141235/tools/bin/../lib/gcc/arm-none-eabi/11.3.1/thumb/v6-m/nofp\libgcc.a(_fixunssfsi.o)
 .debug_frame   0x0000000000003250       0x3c C:/ST/STM32CubeIDE_1.14.1/STM32CubeIDE/plugins/com.st.stm32cube.ide.mcu.externaltools.gnu-tools-for-stm32.11.3.rel1.win32_1.1.100.202309141235/tools/bin/../lib/gcc/arm-none-eabi/11.3.1/thumb/v6-m/nofp\libgcc.a(_udivmoddi4.o)
 .debug_frame   0x000000000000328c       0x38 C:/ST/STM32CubeIDE_1.14.1/STM32CubeIDE/plugins/com.st.stm32cube.ide.mcu.externaltools.gnu-tools-for-stm32.11.3.rel1.win32_1.1.100.202309141235/tools/bin/../lib/gcc/arm-none-eabi/11.3.1/thumb/v6-m/nofp\libgcc.a(addsf3.o)
 .debug_frame   0x00000000000032c4       0x38 C:/ST/STM32CubeIDE_1.14.1/STM32CubeIDE/plugins/com.st.stm32cube.ide.mcu.externaltools.gnu-tools-for-stm32.11.3.rel1.win32_1.1.100.202309141235/tools/bin/../lib/gcc/arm-none-eabi/11.3.1/thumb/v6-m/nofp\libgcc.a(divsf3.o)
 .debug_frame   0x00000000000032fc       0x38 C:/ST/STM32CubeIDE_1.14.1/STM32CubeIDE/plugins/com.st.stm32cube.ide.mcu.externaltools.gnu-tools-for-stm32.11.3.rel1.win32_1.1.100.202309141235/tools/bin/../lib/gcc/arm-none-eabi/11.3.1/thumb/v6-m/nofp\libgcc.a(mulsf3.o)
 .debug_frame   0x0000000000003334       0x34 C:/ST/STM32CubeIDE_1.14.1/STM32CubeIDE/plugins/com.st.stm32cube.ide.mcu.externaltools.gnu-tools-for-stm32.11.3.rel1.win32_1.1.100.202309141235/tools/bin/../lib/gcc/arm-none-eabi/11.3.1/thumb/v6-m/nofp\libgcc.a(subsf3.o)
 .debug_frame   0x0000000000003368       0x20 C:/ST/STM32CubeIDE_1.14.1/STM32CubeIDE/plugins/com.st.stm32cube.ide.mcu.externaltools.gnu-tools-for-stm32.11.3.rel1.win32_1.1.100.202309141235/tools/bin/../lib/gcc/arm-none-eabi/11.3.1/thumb/v6-m/nofp\libgcc.a(fixsfsi.o)
 .debug_frame   0x0000000000003388       0x2c C:/ST/STM32CubeIDE_1.14.1/STM32CubeIDE/plugins/com.st.stm32cube.ide.mcu.externaltools.gnu-tools-for-stm32.11.3.rel1.win32_1.1.100.202309141235/tools/bin/../lib/gcc/arm-none-eabi/11.3.1/thumb/v6-m/nofp\libgcc.a(floatunsisf.o)
 .debug_frame   0x00000000000033b4       0x2c C:/ST/STM32CubeIDE_1.14.1/STM32CubeIDE/plugins/com.st.stm32cube.ide.mcu.externaltools.gnu-tools-for-stm32.11.3.rel1.win32_1.1.100.202309141235/tools/bin/../lib/gcc/arm-none-eabi/11.3.1/thumb/v6-m/nofp\libgcc.a(eqsf2.o)
 .debug_frame   0x00000000000033e0       0x2c C:/ST/STM32CubeIDE_1.14.1/STM32CubeIDE/plugins/com.st.stm32cube.ide.mcu.externaltools.gnu-tools-for-stm32.11.3.rel1.win32_1.1.100.202309141235/tools/bin/../lib/gcc/arm-none-eabi/11.3.1/thumb/v6-m/nofp\libgcc.a(gesf2.o)
 .debug_frame   0x000000000000340c       0x2c C:/ST/STM32CubeIDE_1.14.1/STM32CubeIDE/plugins/com.st.stm32cube.ide.mcu.externaltools.gnu-tools-for-stm32.11.3.rel1.win32_1.1.100.202309141235/tools/bin/../lib/gcc/arm-none-eabi/11.3.1/thumb/v6-m/nofp\libgcc.a(lesf2.o)

.debug_line_str
                0x0000000000000000       0x66
 .debug_line_str
                0x0000000000000000       0x66 ./Core/Startup/startup_stm32g0b1ceux.o
                                         0x7e (size before relaxing)