Archive member included to satisfy reference by file (symbol)

C:/ST/STM32CubeIDE_1.16.0/STM32CubeIDE/plugins/com.st.stm32cube.ide.mcu.externaltools.gnu-tools-for-stm32.12.3.rel1.win32_1.0.200.202406191623/tools/bin/../lib/gcc/arm-none-eabi/12.3.1/../../../../arm-none-eabi/lib/thumb/v6-m/nofp\libc_nano.a(libc_a-exit.o)
                              C:/ST/STM32CubeIDE_1.16.0/STM32CubeIDE/plugins/com.st.stm32cube.ide.mcu.externaltools.gnu-tools-for-stm32.12.3.rel1.win32_1.0.200.202406191623/tools/bin/../lib/gcc/arm-none-eabi/12.3.1/../../../../arm-none-eabi/lib/thumb/v6-m/nofp/crt0.o (exit)
C:/ST/STM32CubeIDE_1.16.0/STM32CubeIDE/plugins/com.st.stm32cube.ide.mcu.externaltools.gnu-tools-for-stm32.12.3.rel1.win32_1.0.200.202406191623/tools/bin/../lib/gcc/arm-none-eabi/12.3.1/../../../../arm-none-eabi/lib/thumb/v6-m/nofp\libc_nano.a(libc_a-findfp.o)
                              C:/ST/STM32CubeIDE_1.16.0/STM32CubeIDE/plugins/com.st.stm32cube.ide.mcu.externaltools.gnu-tools-for-stm32.12.3.rel1.win32_1.0.200.202406191623/tools/bin/../lib/gcc/arm-none-eabi/12.3.1/../../../../arm-none-eabi/lib/thumb/v6-m/nofp\libc_nano.a(libc_a-exit.o) (__stdio_exit_handler)
C:/ST/STM32CubeIDE_1.16.0/STM32CubeIDE/plugins/com.st.stm32cube.ide.mcu.externaltools.gnu-tools-for-stm32.12.3.rel1.win32_1.0.200.202406191623/tools/bin/../lib/gcc/arm-none-eabi/12.3.1/../../../../arm-none-eabi/lib/thumb/v6-m/nofp\libc_nano.a(libc_a-fwalk.o)
                              C:/ST/STM32CubeIDE_1.16.0/STM32CubeIDE/plugins/com.st.stm32cube.ide.mcu.externaltools.gnu-tools-for-stm32.12.3.rel1.win32_1.0.200.202406191623/tools/bin/../lib/gcc/arm-none-eabi/12.3.1/../../../../arm-none-eabi/lib/thumb/v6-m/nofp\libc_nano.a(libc_a-findfp.o) (_fwalk_sglue)
C:/ST/STM32CubeIDE_1.16.0/STM32CubeIDE/plugins/com.st.stm32cube.ide.mcu.externaltools.gnu-tools-for-stm32.12.3.rel1.win32_1.0.200.202406191623/tools/bin/../lib/gcc/arm-none-eabi/12.3.1/../../../../arm-none-eabi/lib/thumb/v6-m/nofp\libc_nano.a(libc_a-stdio.o)
                              C:/ST/STM32CubeIDE_1.16.0/STM32CubeIDE/plugins/com.st.stm32cube.ide.mcu.externaltools.gnu-tools-for-stm32.12.3.rel1.win32_1.0.200.202406191623/tools/bin/../lib/gcc/arm-none-eabi/12.3.1/../../../../arm-none-eabi/lib/thumb/v6-m/nofp\libc_nano.a(libc_a-findfp.o) (__sread)
C:/ST/STM32CubeIDE_1.16.0/STM32CubeIDE/plugins/com.st.stm32cube.ide.mcu.externaltools.gnu-tools-for-stm32.12.3.rel1.win32_1.0.200.202406191623/tools/bin/../lib/gcc/arm-none-eabi/12.3.1/../../../../arm-none-eabi/lib/thumb/v6-m/nofp\libc_nano.a(libc_a-memset.o)
                              C:/ST/STM32CubeIDE_1.16.0/STM32CubeIDE/plugins/com.st.stm32cube.ide.mcu.externaltools.gnu-tools-for-stm32.12.3.rel1.win32_1.0.200.202406191623/tools/bin/../lib/gcc/arm-none-eabi/12.3.1/../../../../arm-none-eabi/lib/thumb/v6-m/nofp/crt0.o (memset)
C:/ST/STM32CubeIDE_1.16.0/STM32CubeIDE/plugins/com.st.stm32cube.ide.mcu.externaltools.gnu-tools-for-stm32.12.3.rel1.win32_1.0.200.202406191623/tools/bin/../lib/gcc/arm-none-eabi/12.3.1/../../../../arm-none-eabi/lib/thumb/v6-m/nofp\libc_nano.a(libc_a-closer.o)
                              C:/ST/STM32CubeIDE_1.16.0/STM32CubeIDE/plugins/com.st.stm32cube.ide.mcu.externaltools.gnu-tools-for-stm32.12.3.rel1.win32_1.0.200.202406191623/tools/bin/../lib/gcc/arm-none-eabi/12.3.1/../../../../arm-none-eabi/lib/thumb/v6-m/nofp\libc_nano.a(libc_a-stdio.o) (_close_r)
C:/ST/STM32CubeIDE_1.16.0/STM32CubeIDE/plugins/com.st.stm32cube.ide.mcu.externaltools.gnu-tools-for-stm32.12.3.rel1.win32_1.0.200.202406191623/tools/bin/../lib/gcc/arm-none-eabi/12.3.1/../../../../arm-none-eabi/lib/thumb/v6-m/nofp\libc_nano.a(libc_a-reent.o)
                              C:/ST/STM32CubeIDE_1.16.0/STM32CubeIDE/plugins/com.st.stm32cube.ide.mcu.externaltools.gnu-tools-for-stm32.12.3.rel1.win32_1.0.200.202406191623/tools/bin/../lib/gcc/arm-none-eabi/12.3.1/../../../../arm-none-eabi/lib/thumb/v6-m/nofp\libc_nano.a(libc_a-closer.o) (errno)
C:/ST/STM32CubeIDE_1.16.0/STM32CubeIDE/plugins/com.st.stm32cube.ide.mcu.externaltools.gnu-tools-for-stm32.12.3.rel1.win32_1.0.200.202406191623/tools/bin/../lib/gcc/arm-none-eabi/12.3.1/../../../../arm-none-eabi/lib/thumb/v6-m/nofp\libc_nano.a(libc_a-impure.o)
                              C:/ST/STM32CubeIDE_1.16.0/STM32CubeIDE/plugins/com.st.stm32cube.ide.mcu.externaltools.gnu-tools-for-stm32.12.3.rel1.win32_1.0.200.202406191623/tools/bin/../lib/gcc/arm-none-eabi/12.3.1/../../../../arm-none-eabi/lib/thumb/v6-m/nofp\libc_nano.a(libc_a-reent.o) (_impure_ptr)
C:/ST/STM32CubeIDE_1.16.0/STM32CubeIDE/plugins/com.st.stm32cube.ide.mcu.externaltools.gnu-tools-for-stm32.12.3.rel1.win32_1.0.200.202406191623/tools/bin/../lib/gcc/arm-none-eabi/12.3.1/../../../../arm-none-eabi/lib/thumb/v6-m/nofp\libc_nano.a(libc_a-lseekr.o)
[...]
Memory Configuration

Name             Origin             Length             Attributes
RAM              0x20000000         0x00024000         xrw
FLASH            0x08000000         0x00080000         xr
*default*        0x00000000         0xffffffff

Linker script and memory map

LOAD C:/ST/STM32CubeIDE_1.16.0/STM32CubeIDE/plugins/com.st.stm32cube.ide.mcu.externaltools.gnu-tools-for-stm32.12.3.rel1.win32_1.0.200.202406191623/tools/bin/../lib/gcc/arm-none-eabi/12.3.1/thumb/v6-m/nofp/crti.o
LOAD C:/ST/STM32CubeIDE_1.16.0/STM32CubeIDE/plugins/com.st.stm32cube.ide.mcu.externaltools.gnu-tools-for-stm32.12.3.rel1.win32_1.0.200.202406191623/tools/bin/../lib/gcc/arm-none-eabi/12.3.1/thumb/v6-m/nofp/crtbegin.o
LOAD C:/ST/STM32CubeIDE_1.16.0/STM32CubeIDE/plugins/com.st.stm32cube.ide.mcu.externaltools.gnu-tools-for-stm32.12.3.rel1.win32_1.0.200.202406191623/tools/bin/../lib/gcc/arm-none-eabi/12.3.1/../../../../arm-none-eabi/lib/thumb/v6-m/nofp/crt0.o
LOAD ./Core/Src/dma.o
LOAD ./Core/Src/gpio.o
LOAD ./Core/Src/main.o
LOAD ./Core/Src/spi.o
LOAD ./Core/Src/stm32g0xx_hal_msp.o
LOAD ./Core/Src/stm32g0xx_it.o
LOAD ./Core/Src/syscalls.o
LOAD ./Core/Src/sysmem.o
LOAD ./Core/Src/system_stm32g0xx.o
LOAD ./Core/Src/usart.o
LOAD ./Core/Startup/startup_stm32g0b1ceux.o
LOAD ./Drivers/STM32G0xx_HAL_Driver/Src/stm32g0xx_hal.o
LOAD ./Drivers/STM32G0xx_HAL_Driver/Src/stm32g0xx_hal_cortex.o
LOAD ./Drivers/STM32G0xx_HAL_Driver/Src/stm32g0xx_hal_dma.o
LOAD ./Drivers/STM32G0xx_HAL_Driver/Src/stm32g0xx_hal_dma_ex.o
LOAD ./Drivers/STM32G0xx_HAL_Driver/Src/stm32g0xx_hal_exti.o
LOAD ./Drivers/STM32G0xx_HAL_Driver/Src/stm32g0xx_hal_flash.o
LOAD ./Drivers/STM32G0xx_HAL_Driver/Src/stm32g0xx_hal_flash_ex.o
LOAD ./Drivers/STM32G0xx_HAL_Driver/Src/stm32g0xx_hal_gpio.o
LOAD ./Drivers/STM32G0xx_HAL_Driver/Src/stm32g0xx_hal_pwr.o
LOAD ./Drivers/STM32G0xx_HAL_Driver/Src/stm32g0xx_hal_pwr_ex.o
LOAD ./Drivers/STM32G0xx_HAL_Driver/Src/stm32g0xx_hal_rcc.o
LOAD ./Drivers/STM32G0xx_HAL_Driver/Src/stm32g0xx_hal_rcc_ex.o
LOAD ./Drivers/STM32G0xx_HAL_Driver/Src/stm32g0xx_hal_spi.o
LOAD ./Drivers/STM32G0xx_HAL_Driver/Src/stm32g0xx_hal_spi_ex.o
LOAD ./Drivers/STM32G0xx_HAL_Driver/Src/stm32g0xx_hal_tim.o
LOAD ./Drivers/STM32G0xx_HAL_Driver/Src/stm32g0xx_hal_tim_ex.o
LOAD ./Drivers/STM32G0xx_HAL_Driver/Src/stm32g0xx_hal_uart.o
LOAD ./Drivers/STM32G0xx_HAL_Driver/Src/stm32g0xx_hal_uart_ex.o
LOAD ./Drivers/STM32G0xx_HAL_Driver/Src/stm32g0xx_ll_rcc.o
LOAD ./Drivers/VL53L8CX_ULD_API/src/Porting.o
LOAD ./Drivers/VL53L8CX_ULD_API/src/VL53L8CX_APIs.o
LOAD ./Drivers/VL53L8CX_ULD_API/src/platform.o
LOAD ./Drivers/VL53L8CX_ULD_API/src/vl53l8cx_api.o
LOAD ./Drivers/VL53L8CX_ULD_API/src/vl53l8cx_plugin_detection_thresholds.o
LOAD ./Drivers/VL53L8CX_ULD_API/src/vl53l8cx_plugin_motion_indicator.o
LOAD ./Drivers/VL53L8CX_ULD_API/src/vl53l8cx_plugin_xtalk.o
START GROUP
LOAD C:/ST/STM32CubeIDE_1.16.0/STM32CubeIDE/plugins/com.st.stm32cube.ide.mcu.externaltools.gnu-tools-for-stm32.12.3.rel1.win32_1.0.200.202406191623/tools/bin/../lib/gcc/arm-none-eabi/12.3.1/../../../../arm-none-eabi/lib/thumb/v6-m/nofp\libc_nano.a
LOAD C:/ST/STM32CubeIDE_1.16.0/STM32CubeIDE/plugins/com.st.stm32cube.ide.mcu.externaltools.gnu-tools-for-stm32.12.3.rel1.win32_1.0.200.202406191623/tools/bin/../lib/gcc/arm-none-eabi/12.3.1/../../../../arm-none-eabi/lib/thumb/v6-m/nofp\libm.a
END GROUP
START GROUP
LOAD C:/ST/STM32CubeIDE_1.16.0/STM32CubeIDE/plugins/com.st.stm32cube.ide.mcu.externaltools.gnu-tools-for-stm32.12.3.rel1.win32_1.0.200.202406191623/tools/bin/../lib/gcc/arm-none-eabi/12.3.1/thumb/v6-m/nofp\libgcc.a
LOAD C:/ST/STM32CubeIDE_1.16.0/STM32CubeIDE/plugins/com.st.stm32cube.ide.mcu.externaltools.gnu-tools-for-stm32.12.3.rel1.win32_1.0.200.202406191623/tools/bin/../lib/gcc/arm-none-eabi/12.3.1/../../../../arm-none-eabi/lib/thumb/v6-m/nofp\libc_nano.a
END GROUP
START GROUP
LOAD C:/ST/STM32CubeIDE_1.16.0/STM32CubeIDE/plugins/com.st.stm32cube.ide.mcu.externaltools.gnu-tools-for-stm32.12.3.rel1.win32_1.0.200.202406191623/tools/bin/../lib/gcc/arm-none-eabi/12.3.1/thumb/v6-m/nofp\libgcc.a
LOAD C:/ST/STM32CubeIDE_1.16.0/STM32CubeIDE/plugins/com.st.stm32cube.ide.mcu.externaltools.gnu-tools-for-stm32.12.3.rel1.win32_1.0.200.202406191623/tools/bin/../lib/gcc/arm-none-eabi/12.3.1/../../../../arm-none-eabi/lib/thumb/v6-m/nofp\libc_nano.a
LOAD C:/ST/STM32CubeIDE_1.16.0/STM32CubeIDE/plugins/com.st.stm32cube.ide.mcu.externaltools.gnu-tools-for-stm32.12.3.rel1.win32_1.0.200.202406191623/tools/bin/../lib/gcc/arm-none-eabi/12.3.1/../../../../arm-none-eabi/lib/thumb/v6-m/nofp\libnosys.a
END GROUP
START GROUP
LOAD C:/ST/STM32CubeIDE_1.16.0/STM32CubeIDE/plugins/com.st.stm32cube.ide.mcu.externaltools.gnu-tools-for-stm32.12.3.rel1.win32_1.0.200.202406191623/tools/bin/../lib/gcc/arm-none-eabi/12.3.1/thumb/v6-m/nofp\libgcc.a
LOAD C:/ST/STM32CubeIDE_1.16.0/STM32CubeIDE/plugins/com.st.stm32cube.ide.mcu.externaltools.gnu-tools-for-stm32.12.3.rel1.win32_1.0.200.202406191623/tools/bin/../lib/gcc/arm-none-eabi/12.3.1/../../../../arm-none-eabi/lib/thumb/v6-m/nofp\libc_nano.a
LOAD C:/ST/STM32CubeIDE_1.16.0/STM32CubeIDE/plugins/com.st.stm32cube.ide.mcu.externaltools.gnu-tools-for-stm32.12.3.rel1.win32_1.0.200.202406191623/tools/bin/../lib/gcc/arm-none-eabi/12.3.1/../../../../arm-none-eabi/lib/thumb/v6-m/nofp\libnosys.a
END GROUP
LOAD C:/ST/STM32CubeIDE_1.16.0/STM32CubeIDE/plugins/com.st.stm32cube.ide.mcu.externaltools.gnu-tools-for-stm32.12.3.rel1.win32_1.0.200.202406191623/tools/bin/../lib/gcc/arm-none-eabi/12.3.1/thumb/v6-m/nofp/crtend.o
LOAD C:/ST/STM32CubeIDE_1.16.0/STM32CubeIDE/plugins/com.st.stm32cube.ide.mcu.externaltools.gnu-tools-for-stm32.12.3.rel1.win32_1.0.200.202406191623/tools/bin/../lib/gcc/arm-none-eabi/12.3.1/thumb/v6-m/nofp/crtn.o
                0x20024000                        _estack = (ORIGIN (RAM) + LENGTH (RAM))
                0x00000200                        _Min_Heap_Size = 0x200
                0x00000400                        _Min_Stack_Size = 0x400

.isr_vector     0x08000000       0xbc
                0x08000000                        . = ALIGN (0x4)
 *(.isr_vector)
 .isr_vector    0x08000000       0xbc ./Core/Startup/startup_stm32g0b1ceux.o
                0x08000000                g_pfnVectors
                0x080000bc                        . = ALIGN (0x4)

.text           0x080000bc     0x7a34
                0x080000bc                        . = ALIGN (0x4)
 *(.text)
 .text          0x080000bc       0x48 C:/ST/STM32CubeIDE_1.16.0/STM32CubeIDE/plugins/com.st.stm32cube.ide.mcu.externaltools.gnu-tools-for-stm32.12.3.rel1.win32_1.0.200.202406191623/tools/bin/../lib/gcc/arm-none-eabi/12.3.1/thumb/v6-m/nofp/crtbegin.o
 .text          0x08000104      0x114 C:/ST/STM32CubeIDE_1.16.0/STM32CubeIDE/plugins/com.st.stm32cube.ide.mcu.externaltools.gnu-tools-for-stm32.12.3.rel1.win32_1.0.200.202406191623/tools/bin/../lib/gcc/arm-none-eabi/12.3.1/thumb/v6-m/nofp\libgcc.a(_udivsi3.o)
                0x08000104                __aeabi_uidiv
                0x08000104                __udivsi3
                0x08000210                __aeabi_uidivmod
 .text          0x08000218      0x1d4 C:/ST/STM32CubeIDE_1.16.0/STM32CubeIDE/plugins/com.st.stm32cube.ide.mcu.externaltools.gnu-tools-for-stm32.12.3.rel1.win32_1.0.200.202406191623/tools/bin/../lib/gcc/arm-none-eabi/12.3.1/thumb/v6-m/nofp\libgcc.a(_divsi3.o)
                0x08000218                __divsi3
                0x08000218                __aeabi_idiv
                0x080003e4                __aeabi_idivmod
 .text          0x080003ec        0x4 C:/ST/STM32CubeIDE_1.16.0/STM32CubeIDE/plugins/com.st.stm32cube.ide.mcu.externaltools.gnu-tools-for-stm32.12.3.rel1.win32_1.0.200.202406191623/tools/bin/../lib/gcc/arm-none-eabi/12.3.1/thumb/v6-m/nofp\libgcc.a(_dvmd_tls.o)
                0x080003ec                __aeabi_idiv0
                0x080003ec                __aeabi_ldiv0
 .text          0x080003f0       0x40 C:/ST/STM32CubeIDE_1.16.0/STM32CubeIDE/plugins/com.st.stm32cube.ide.mcu.externaltools.gnu-tools-for-stm32.12.3.rel1.win32_1.0.200.202406191623/tools/bin/../lib/gcc/arm-none-eabi/12.3.1/thumb/v6-m/nofp\libgcc.a(_aeabi_uldivmod.o)
                0x080003f0                __aeabi_uldivmod
 .text          0x08000430      0x198 C:/ST/STM32CubeIDE_1.16.0/STM32CubeIDE/plugins/com.st.stm32cube.ide.mcu.externaltools.gnu-tools-for-stm32.12.3.rel1.win32_1.0.200.202406191623/tools/bin/../lib/gcc/arm-none-eabi/12.3.1/thumb/v6-m/nofp\libgcc.a(_udivmoddi4.o)
                0x08000430                __udivmoddi4
 .text          0x080005c8       0x3c C:/ST/STM32CubeIDE_1.16.0/STM32CubeIDE/plugins/com.st.stm32cube.ide.mcu.externaltools.gnu-tools-for-stm32.12.3.rel1.win32_1.0.200.202406191623/tools/bin/../lib/gcc/arm-none-eabi/12.3.1/thumb/v6-m/nofp\libgcc.a(_clzsi2.o)
                0x080005c8                __clzsi2
 .text          0x08000604       0x18 C:/ST/STM32CubeIDE_1.16.0/STM32CubeIDE/plugins/com.st.stm32cube.ide.mcu.externaltools.gnu-tools-for-stm32.12.3.rel1.win32_1.0.200.202406191623/tools/bin/../lib/gcc/arm-none-eabi/12.3.1/thumb/v6-m/nofp\libgcc.a(_clzdi2.o)
                0x08000604                __clzdi2
 *(.text*)
 .text.MX_DMA_Init
                0x0800061c       0x5c ./Core/Src/dma.o
                0x0800061c                MX_DMA_Init
 .text.MX_GPIO_Init
                0x08000678      0x134 ./Core/Src/gpio.o
                0x08000678                MX_GPIO_Init
 .text.main     0x080007ac       0x48 ./Core/Src/main.o
                0x080007ac                main
 .text.SystemClock_Config
                0x080007f4       0x90 ./Core/Src/main.o
                0x080007f4                SystemClock_Config
 .text.Error_Handler
                0x08000884        0xc ./Core/Src/main.o
                0x08000884                Error_Handler
 .text.MX_SPI2_Init
                0x08000890       0x7c ./Core/Src/spi.o
                0x08000890                MX_SPI2_Init
 .text.HAL_SPI_MspInit
                0x0800090c       0xc4 ./Core/Src/spi.o
                0x0800090c                HAL_SPI_MspInit
 .text.HAL_MspInit
                0x080009d0       0x50 ./Core/Src/stm32g0xx_hal_msp.o
                0x080009d0                HAL_MspInit
 .text.NMI_Handler
                0x08000a20        0x8 ./Core/Src/stm32g0xx_it.o
                0x08000a20                NMI_Handler
 .text.HardFault_Handler
                0x08000a28        0x8 ./Core/Src/stm32g0xx_it.o
                0x08000a28                HardFault_Handler
 .text.SVC_Handler
                0x08000a30        0xa ./Core/Src/stm32g0xx_it.o
                0x08000a30                SVC_Handler
 .text.PendSV_Handler
                0x08000a3a        0xa ./Core/Src/stm32g0xx_it.o
                0x08000a3a                PendSV_Handler
 .text.SysTick_Handler
                0x08000a44        0xe ./Core/Src/stm32g0xx_it.o
                0x08000a44                SysTick_Handler
 .text.EXTI4_15_IRQHandler
                0x08000a52       0x14 ./Core/Src/stm32g0xx_it.o
                0x08000a52                EXTI4_15_IRQHandler
 *fill*         0x08000a66        0x2 
 .text.DMA1_Channel1_IRQHandler
                0x08000a68       0x18 ./Core/Src/stm32g0xx_it.o
                0x08000a68                DMA1_Channel1_IRQHandler
 .text.DMA1_Channel2_3_IRQHandler
                0x08000a80       0x24 ./Core/Src/stm32g0xx_it.o
                0x08000a80                DMA1_Channel2_3_IRQHandler
 .text.DMA1_Ch4_7_DMA2_Ch1_5_DMAMUX1_OVR_IRQHandler
                0x08000aa4       0x30 ./Core/Src/stm32g0xx_it.o
                0x08000aa4                DMA1_Ch4_7_DMA2_Ch1_5_DMAMUX1_OVR_IRQHandler
 .text.SystemInit
                0x08000ad4        0xa ./Core/Src/system_stm32g0xx.o
                0x08000ad4                SystemInit
 *fill*         0x08000ade        0x2 
 .text.MX_USART1_UART_Init
                0x08000ae0       0x9c ./Core/Src/usart.o
                0x08000ae0                MX_USART1_UART_Init
 .text.MX_USART2_UART_Init
                0x08000b7c       0x9c ./Core/Src/usart.o
                0x08000b7c                MX_USART2_UART_Init
 .text.MX_USART3_UART_Init
                0x08000c18       0x9c ./Core/Src/usart.o
                0x08000c18                MX_USART3_UART_Init
 .text.MX_USART4_UART_Init
                0x08000cb4       0x68 ./Core/Src/usart.o
                0x08000cb4                MX_USART4_UART_Init
 .text.MX_USART5_UART_Init
                0x08000d1c       0x68 ./Core/Src/usart.o
                0x08000d1c                MX_USART5_UART_Init
 .text.MX_USART6_UART_Init
                0x08000d84       0x68 ./Core/Src/usart.o
                0x08000d84                MX_USART6_UART_Init
 .text.HAL_UART_MspInit
                0x08000dec      0x570 ./Core/Src/usart.o
                0x08000dec                HAL_UART_MspInit
 .text.Reset_Handler
                0x0800135c       0x50 ./Core/Startup/startup_stm32g0b1ceux.o
                0x0800135c                Reset_Handler
 .text.Default_Handler
                0x080013ac        0x2 ./Core/Startup/startup_stm32g0b1ceux.o
                0x080013ac                I2C2_3_IRQHandler
                0x080013ac                USART3_4_5_6_LPUART1_IRQHandler
                0x080013ac                TIM1_CC_IRQHandler
                0x080013ac                ADC1_COMP_IRQHandler
                0x080013ac                I2C1_IRQHandler
                0x080013ac                TIM7_LPTIM2_IRQHandler
                0x080013ac                TIM17_FDCAN_IT1_IRQHandler
                0x080013ac                RCC_CRS_IRQHandler
                0x080013ac                RTC_TAMP_IRQHandler
                0x080013ac                SPI1_IRQHandler
                0x080013ac                USB_UCPD1_2_IRQHandler
                0x080013ac                EXTI2_3_IRQHandler
                0x080013ac                USART2_LPUART2_IRQHandler
                0x080013ac                PVD_VDDIO2_IRQHandler
                0x080013ac                Default_Handler
                0x080013ac                CEC_IRQHandler
                0x080013ac                TIM14_IRQHandler
                0x080013ac                TIM15_IRQHandler
                0x080013ac                TIM3_TIM4_IRQHandler
                0x080013ac                EXTI0_1_IRQHandler
                0x080013ac                SPI2_3_IRQHandler
                0x080013ac                TIM6_DAC_LPTIM1_IRQHandler
                0x080013ac                WWDG_IRQHandler
                0x080013ac                TIM2_IRQHandler
                0x080013ac                FLASH_IRQHandler
                0x080013ac                USART1_IRQHandler
                0x080013ac                TIM16_FDCAN_IT0_IRQHandler
                0x080013ac                TIM1_BRK_UP_TRG_COM_IRQHandler
 *fill*         0x080013ae        0x2 
 .text.HAL_Init
                0x080013b0       0x40 ./Drivers/STM32G0xx_HAL_Driver/Src/stm32g0xx_hal.o
                0x080013b0                HAL_Init
 .text.HAL_InitTick
                0x080013f0       0x94 ./Drivers/STM32G0xx_HAL_Driver/Src/stm32g0xx_hal.o
                0x080013f0                HAL_InitTick
 .text.HAL_IncTick
                0x08001484       0x24 ./Drivers/STM32G0xx_HAL_Driver/Src/stm32g0xx_hal.o
                0x08001484                HAL_IncTick
 .text.HAL_GetTick
                0x080014a8       0x14 ./Drivers/STM32G0xx_HAL_Driver/Src/stm32g0xx_hal.o
                0x080014a8                HAL_GetTick
 .text.HAL_Delay
                0x080014bc       0x48 ./Drivers/STM32G0xx_HAL_Driver/Src/stm32g0xx_hal.o
                0x080014bc                HAL_Delay
 .text.HAL_SYSCFG_StrobeDBattpinsConfig
                0x08001504       0x2c ./Drivers/STM32G0xx_HAL_Driver/Src/stm32g0xx_hal.o
                0x08001504                HAL_SYSCFG_StrobeDBattpinsConfig
 .text.__NVIC_EnableIRQ
                0x08001530       0x34 ./Drivers/STM32G0xx_HAL_Driver/Src/stm32g0xx_hal_cortex.o
 .text.__NVIC_SetPriority
                0x08001564       0xdc ./Drivers/STM32G0xx_HAL_Driver/Src/stm32g0xx_hal_cortex.o
 .text.SysTick_Config
                0x08001640       0x48 ./Drivers/STM32G0xx_HAL_Driver/Src/stm32g0xx_hal_cortex.o
 .text.HAL_NVIC_SetPriority
                0x08001688       0x2a ./Drivers/STM32G0xx_HAL_Driver/Src/stm32g0xx_hal_cortex.o
                0x08001688                HAL_NVIC_SetPriority
 .text.HAL_NVIC_EnableIRQ
                0x080016b2       0x20 ./Drivers/STM32G0xx_HAL_Driver/Src/stm32g0xx_hal_cortex.o
                0x080016b2                HAL_NVIC_EnableIRQ
 .text.HAL_SYSTICK_Config
                0x080016d2       0x1a ./Drivers/STM32G0xx_HAL_Driver/Src/stm32g0xx_hal_cortex.o
                0x080016d2                HAL_SYSTICK_Config
 .text.HAL_DMA_Init
                0x080016ec      0x158 ./Drivers/STM32G0xx_HAL_Driver/Src/stm32g0xx_hal_dma.o
                0x080016ec                HAL_DMA_Init
 .text.HAL_DMA_IRQHandler
                0x08001844      0x188 ./Drivers/STM32G0xx_HAL_Driver/Src/stm32g0xx_hal_dma.o
                0x08001844                HAL_DMA_IRQHandler
 .text.DMA_CalcDMAMUXChannelBaseAndMask
                0x080019cc       0x94 ./Drivers/STM32G0xx_HAL_Driver/Src/stm32g0xx_hal_dma.o
 .text.DMA_CalcDMAMUXRequestGenBaseAndMask
                0x08001a60       0x48 ./Drivers/STM32G0xx_HAL_Driver/Src/stm32g0xx_hal_dma.o
 .text.HAL_GPIO_Init
                0x08001aa8      0x2d8 ./Drivers/STM32G0xx_HAL_Driver/Src/stm32g0xx_hal_gpio.o
                0x08001aa8                HAL_GPIO_Init
 .text.HAL_GPIO_WritePin
                0x08001d80       0x3a ./Drivers/STM32G0xx_HAL_Driver/Src/stm32g0xx_hal_gpio.o
                0x08001d80                HAL_GPIO_WritePin
 *fill*         0x08001dba        0x2 
 .text.HAL_GPIO_EXTI_IRQHandler
                0x08001dbc       0x54 ./Drivers/STM32G0xx_HAL_Driver/Src/stm32g0xx_hal_gpio.o
                0x08001dbc                HAL_GPIO_EXTI_IRQHandler
 .text.HAL_GPIO_EXTI_Rising_Callback
                0x08001e10       0x14 ./Drivers/STM32G0xx_HAL_Driver/Src/stm32g0xx_hal_gpio.o
                0x08001e10                HAL_GPIO_EXTI_Rising_Callback
 .text.HAL_PWREx_ControlVoltageScaling
                0x08001e24       0x80 ./Drivers/STM32G0xx_HAL_Driver/Src/stm32g0xx_hal_pwr_ex.o
                0x08001e24                HAL_PWREx_ControlVoltageScaling
 .text.LL_RCC_GetAPB1Prescaler
                0x08001ea4       0x18 ./Drivers/STM32G0xx_HAL_Driver/Src/stm32g0xx_hal_rcc.o
 .text.HAL_RCC_OscConfig
                0x08001ebc      0x6c0 ./Drivers/STM32G0xx_HAL_Driver/Src/stm32g0xx_hal_rcc.o
                0x08001ebc                HAL_RCC_OscConfig
 .text.HAL_RCC_ClockConfig
                0x0800257c      0x210 ./Drivers/STM32G0xx_HAL_Driver/Src/stm32g0xx_hal_rcc.o
                0x0800257c                HAL_RCC_ClockConfig
 .text.HAL_RCC_GetSysClockFreq
                0x0800278c      0x104 ./Drivers/STM32G0xx_HAL_Driver/Src/stm32g0xx_hal_rcc.o
                0x0800278c                HAL_RCC_GetSysClockFreq
 .text.HAL_RCC_GetHCLKFreq
                0x08002890       0x14 ./Drivers/STM32G0xx_HAL_Driver/Src/stm32g0xx_hal_rcc.o
                0x08002890                HAL_RCC_GetHCLKFreq
 .text.HAL_RCC_GetPCLK1Freq
                0x080028a4       0x2c ./Drivers/STM32G0xx_HAL_Driver/Src/stm32g0xx_hal_rcc.o
                0x080028a4                HAL_RCC_GetPCLK1Freq
 .text.HAL_RCCEx_PeriphCLKConfig
                0x080028d0      0x478 ./Drivers/STM32G0xx_HAL_Driver/Src/stm32g0xx_hal_rcc_ex.o
                0x080028d0                HAL_RCCEx_PeriphCLKConfig
 .text.HAL_SPI_Init
                0x08002d48      0x170 ./Drivers/STM32G0xx_HAL_Driver/Src/stm32g0xx_hal_spi.o
                0x08002d48                HAL_SPI_Init
 .text.HAL_SPI_Transmit
                0x08002eb8      0x2be ./Drivers/STM32G0xx_HAL_Driver/Src/stm32g0xx_hal_spi.o
                0x08002eb8                HAL_SPI_Transmit
 *fill*         0x08003176        0x2 
 .text.HAL_SPI_Receive
                0x08003178      0x2a4 ./Drivers/STM32G0xx_HAL_Driver/Src/stm32g0xx_hal_spi.o
                0x08003178                HAL_SPI_Receive
 .text.HAL_SPI_TransmitReceive
                0x0800341c      0x3c4 ./Drivers/STM32G0xx_HAL_Driver/Src/stm32g0xx_hal_spi.o
                0x0800341c                HAL_SPI_TransmitReceive
 .text.SPI_WaitFlagStateUntilTimeout
                0x080037e0      0x11c ./Drivers/STM32G0xx_HAL_Driver/Src/stm32g0xx_hal_spi.o
 .text.SPI_WaitFifoStateUntilTimeout
                0x080038fc      0x144 ./Drivers/STM32G0xx_HAL_Driver/Src/stm32g0xx_hal_spi.o
 .text.SPI_EndRxTransaction
                0x08003a40       0xbc ./Drivers/STM32G0xx_HAL_Driver/Src/stm32g0xx_hal_spi.o
 .text.SPI_EndRxTxTransaction
                0x08003afc       0x8c ./Drivers/STM32G0xx_HAL_Driver/Src/stm32g0xx_hal_spi.o
 .text.HAL_UART_Init
                0x08003b88       0xac ./Drivers/STM32G0xx_HAL_Driver/Src/stm32g0xx_hal_uart.o
                0x08003b88                HAL_UART_Init
 .text.UART_SetConfig
                0x08003c34      0x6ac ./Drivers/STM32G0xx_HAL_Driver/Src/stm32g0xx_hal_uart.o
                0x08003c34                UART_SetConfig
 .text.UART_AdvFeatureConfig
                0x080042e0      0x168 ./Drivers/STM32G0xx_HAL_Driver/Src/stm32g0xx_hal_uart.o
                0x080042e0                UART_AdvFeatureConfig
 .text.UART_CheckIdleState
                0x08004448      0x154 ./Drivers/STM32G0xx_HAL_Driver/Src/stm32g0xx_hal_uart.o
                0x08004448                UART_CheckIdleState
 .text.UART_WaitOnFlagUntilTimeout
                0x0800459c       0xde ./Drivers/STM32G0xx_HAL_Driver/Src/stm32g0xx_hal_uart.o
                0x0800459c                UART_WaitOnFlagUntilTimeout
 *fill*         0x0800467a        0x2 
 .text.UART_EndRxTransfer
                0x0800467c       0xcc ./Drivers/STM32G0xx_HAL_Driver/Src/stm32g0xx_hal_uart.o
 .text.HAL_UARTEx_DisableFifoMode
                0x08004748       0x74 ./Drivers/STM32G0xx_HAL_Driver/Src/stm32g0xx_hal_uart_ex.o
                0x08004748                HAL_UARTEx_DisableFifoMode
 .text.HAL_UARTEx_SetTxFifoThreshold
                0x080047bc       0x7e ./Drivers/STM32G0xx_HAL_Driver/Src/stm32g0xx_hal_uart_ex.o
                0x080047bc                HAL_UARTEx_SetTxFifoThreshold
 *fill*         0x0800483a        0x2 
 .text.HAL_UARTEx_SetRxFifoThreshold
                0x0800483c       0x84 ./Drivers/STM32G0xx_HAL_Driver/Src/stm32g0xx_hal_uart_ex.o
                0x0800483c                HAL_UARTEx_SetRxFifoThreshold
 .text.UARTEx_SetNbDataToProcess
                0x080048c0       0xbc ./Drivers/STM32G0xx_HAL_Driver/Src/stm32g0xx_hal_uart_ex.o
 .text.SetGPIOsPin
                0x0800497c       0x42 ./Drivers/VL53L8CX_ULD_API/src/Porting.o
                0x0800497c                SetGPIOsPin
 .text.ResetGPIOsPin
                0x080049be       0x42 ./Drivers/VL53L8CX_ULD_API/src/Porting.o
                0x080049be                ResetGPIOsPin
 .text.SendSPI  0x08004a00       0x56 ./Drivers/VL53L8CX_ULD_API/src/Porting.o
                0x08004a00                SendSPI
 .text.ReceiveSPI
                0x08004a56       0x56 ./Drivers/VL53L8CX_ULD_API/src/Porting.o
                0x08004a56                ReceiveSPI
 .text.HAL_GPIO_EXTI_Falling_Callback
                0x08004aac       0x30 ./Drivers/VL53L8CX_ULD_API/src/VL53L8CX_APIs.o
                0x08004aac                HAL_GPIO_EXTI_Falling_Callback
 .text.get_data_by_polling
                0x08004adc       0x74 ./Drivers/VL53L8CX_ULD_API/src/VL53L8CX_APIs.o
                0x08004adc                get_data_by_polling
 .text.VL53L8CX_Reset
                0x08004b50       0x4c ./Drivers/VL53L8CX_ULD_API/src/VL53L8CX_APIs.o
                0x08004b50                VL53L8CX_Reset
 .text.VL53L8CX_SetFrequancy
                0x08004b9c       0x30 ./Drivers/VL53L8CX_ULD_API/src/VL53L8CX_APIs.o
                0x08004b9c                VL53L8CX_SetFrequancy
 .text.VL53L8CX_StopRanging
                0x08004bcc       0x20 ./Drivers/VL53L8CX_ULD_API/src/VL53L8CX_APIs.o
                0x08004bcc                VL53L8CX_StopRanging
 .text.VL53L8CX_Init
                0x08004bec       0x50 ./Drivers/VL53L8CX_ULD_API/src/VL53L8CX_APIs.o
                0x08004bec                VL53L8CX_Init
 .text.VL53L8CX_SetResolution
                0x08004c3c       0x5c ./Drivers/VL53L8CX_ULD_API/src/VL53L8CX_APIs.o
                0x08004c3c                VL53L8CX_SetResolution
 .text.VL53L8CX_SetPowerMode
                0x08004c98       0x68 ./Drivers/VL53L8CX_ULD_API/src/VL53L8CX_APIs.o
                0x08004c98                VL53L8CX_SetPowerMode
 .text.VL53L8CX_SetRangingMode
                0x08004d00       0x50 ./Drivers/VL53L8CX_ULD_API/src/VL53L8CX_APIs.o
                0x08004d00                VL53L8CX_SetRangingMode
 .text.VL53L8CX_StreamDistance
                0x08004d50       0xd0 ./Drivers/VL53L8CX_ULD_API/src/VL53L8CX_APIs.o
                0x08004d50                VL53L8CX_StreamDistance
 .text.VL53L8CX_RdByte
                0x08004e20       0x2a ./Drivers/VL53L8CX_ULD_API/src/platform.o
                0x08004e20                VL53L8CX_RdByte
 .text.VL53L8CX_WrByte
                0x08004e4a       0x30 ./Drivers/VL53L8CX_ULD_API/src/platform.o
                0x08004e4a                VL53L8CX_WrByte
 *fill*         0x08004e7a        0x2 
 .text.VL53L8CX_WrMulti
                0x08004e7c      0x1bc ./Drivers/VL53L8CX_ULD_API/src/platform.o
                0x08004e7c                VL53L8CX_WrMulti
 .text.VL53L8CX_RdMulti
                0x08005038      0x174 ./Drivers/VL53L8CX_ULD_API/src/platform.o
                0x08005038                VL53L8CX_RdMulti
 .text.VL53L8CX_Reset_Sensor
                0x080051ac       0x7c ./Drivers/VL53L8CX_ULD_API/src/platform.o
                0x080051ac                VL53L8CX_Reset_Sensor
 .text.VL53L8CX_SwapBuffer
                0x08005228       0x74 ./Drivers/VL53L8CX_ULD_API/src/platform.o
                0x08005228                VL53L8CX_SwapBuffer
 .text.VL53L8CX_WaitMs
                0x0800529c       0x1a ./Drivers/VL53L8CX_ULD_API/src/platform.o
                0x0800529c                VL53L8CX_WaitMs
 *fill*         0x080052b6        0x2 
 .text._vl53l8cx_poll_for_answer
                0x080052b8       0xf0 ./Drivers/VL53L8CX_ULD_API/src/vl53l8cx_api.o
 .text._vl53l8cx_poll_for_mcu_boot
                0x080053a8       0xb4 ./Drivers/VL53L8CX_ULD_API/src/vl53l8cx_api.o
 .text._vl53l8cx_send_offset_data
                0x0800545c      0x3b0 ./Drivers/VL53L8CX_ULD_API/src/vl53l8cx_api.o
 .text._vl53l8cx_send_xtalk_data
                0x0800580c      0x2a0 ./Drivers/VL53L8CX_ULD_API/src/vl53l8cx_api.o
 .text.vl53l8cx_is_alive
                0x08005aac       0xb0 ./Drivers/VL53L8CX_ULD_API/src/vl53l8cx_api.o
                0x08005aac                vl53l8cx_is_alive
 .text.vl53l8cx_init
                0x08005b5c      0x9d8 ./Drivers/VL53L8CX_ULD_API/src/vl53l8cx_api.o
                0x08005b5c                vl53l8cx_init
 .text.vl53l8cx_get_power_mode
                0x08006534       0xd0 ./Drivers/VL53L8CX_ULD_API/src/vl53l8cx_api.o
                0x08006534                vl53l8cx_get_power_mode
 .text.vl53l8cx_set_power_mode
                0x08006604      0x218 ./Drivers/VL53L8CX_ULD_API/src/vl53l8cx_api.o
                0x08006604                vl53l8cx_set_power_mode
 .text.vl53l8cx_start_ranging
                0x0800681c      0x3c8 ./Drivers/VL53L8CX_ULD_API/src/vl53l8cx_api.o
                0x0800681c                vl53l8cx_start_ranging
 .text.vl53l8cx_stop_ranging
                0x08006be4      0x210 ./Drivers/VL53L8CX_ULD_API/src/vl53l8cx_api.o
                0x08006be4                vl53l8cx_stop_ranging
 .text.vl53l8cx_check_data_ready
                0x08006df4       0xcc ./Drivers/VL53L8CX_ULD_API/src/vl53l8cx_api.o
                0x08006df4                vl53l8cx_check_data_ready
 .text.vl53l8cx_get_ranging_data
                0x08006ec0      0x4b0 ./Drivers/VL53L8CX_ULD_API/src/vl53l8cx_api.o
                0x08006ec0                vl53l8cx_get_ranging_data
 .text.vl53l8cx_get_resolution
                0x08007370       0x60 ./Drivers/VL53L8CX_ULD_API/src/vl53l8cx_api.o
                0x08007370                vl53l8cx_get_resolution
 .text.vl53l8cx_set_resolution
                0x080073d0      0x1f0 ./Drivers/VL53L8CX_ULD_API/src/vl53l8cx_api.o
                0x080073d0                vl53l8cx_set_resolution
 .text.vl53l8cx_set_ranging_frequency_hz
                0x080075c0       0x54 ./Drivers/VL53L8CX_ULD_API/src/vl53l8cx_api.o
                0x080075c0                vl53l8cx_set_ranging_frequency_hz
 .text.vl53l8cx_set_ranging_mode
                0x08007614       0xd8 ./Drivers/VL53L8CX_ULD_API/src/vl53l8cx_api.o
                0x08007614                vl53l8cx_set_ranging_mode
 .text.vl53l8cx_dci_read_data
                0x080076ec      0x14c ./Drivers/VL53L8CX_ULD_API/src/vl53l8cx_api.o
                0x080076ec                vl53l8cx_dci_read_data
 .text.vl53l8cx_dci_write_data
                0x08007838      0x1b8 ./Drivers/VL53L8CX_ULD_API/src/vl53l8cx_api.o
                0x08007838                vl53l8cx_dci_write_data
 .text.vl53l8cx_dci_replace_data
                0x080079f0       0x7c ./Drivers/VL53L8CX_ULD_API/src/vl53l8cx_api.o
                0x080079f0                vl53l8cx_dci_replace_data
 .text.memset   0x08007a6c       0x10 C:/ST/STM32CubeIDE_1.16.0/STM32CubeIDE/plugins/com.st.stm32cube.ide.mcu.externaltools.gnu-tools-for-stm32.12.3.rel1.win32_1.0.200.202406191623/tools/bin/../lib/gcc/arm-none-eabi/12.3.1/../../../../arm-none-eabi/lib/thumb/v6-m/nofp\libc_nano.a(libc_a-memset.o)
                0x08007a6c                memset
 .text.__libc_init_array
                0x08007a7c       0x48 C:/ST/STM32CubeIDE_1.16.0/STM32CubeIDE/plugins/com.st.stm32cube.ide.mcu.externaltools.gnu-tools-for-stm32.12.3.rel1.win32_1.0.200.202406191623/tools/bin/../lib/gcc/arm-none-eabi/12.3.1/../../../../arm-none-eabi/lib/thumb/v6-m/nofp\libc_nano.a(libc_a-init.o)
                0x08007a7c                __libc_init_array
 .text.memcpy   0x08007ac4       0x12 C:/ST/STM32CubeIDE_1.16.0/STM32CubeIDE/plugins/com.st.stm32cube.ide.mcu.externaltools.gnu-tools-for-stm32.12.3.rel1.win32_1.0.200.202406191623/tools/bin/../lib/gcc/arm-none-eabi/12.3.1/../../../../arm-none-eabi/lib/thumb/v6-m/nofp\libc_nano.a(libc_a-memcpy-stub.o)
                0x08007ac4                memcpy
 *(.glue_7)
 .glue_7        0x08007ad6        0x0 linker stubs
 *(.glue_7t)
 .glue_7t       0x08007ad6        0x0 linker stubs
 *(.eh_frame)
 *fill*         0x08007ad6        0x2 
 .eh_frame      0x08007ad8        0x0 C:/ST/STM32CubeIDE_1.16.0/STM32CubeIDE/plugins/com.st.stm32cube.ide.mcu.externaltools.gnu-tools-for-stm32.12.3.rel1.win32_1.0.200.202406191623/tools/bin/../lib/gcc/arm-none-eabi/12.3.1/thumb/v6-m/nofp/crtbegin.o
 *(.init)
 .init          0x08007ad8        0x4 C:/ST/STM32CubeIDE_1.16.0/STM32CubeIDE/plugins/com.st.stm32cube.ide.mcu.externaltools.gnu-tools-for-stm32.12.3.rel1.win32_1.0.200.202406191623/tools/bin/../lib/gcc/arm-none-eabi/12.3.1/thumb/v6-m/nofp/crti.o
                0x08007ad8                _init
 .init          0x08007adc        0x8 C:/ST/STM32CubeIDE_1.16.0/STM32CubeIDE/plugins/com.st.stm32cube.ide.mcu.externaltools.gnu-tools-for-stm32.12.3.rel1.win32_1.0.200.202406191623/tools/bin/../lib/gcc/arm-none-eabi/12.3.1/thumb/v6-m/nofp/crtn.o
 *(.fini)
 .fini          0x08007ae4        0x4 C:/ST/STM32CubeIDE_1.16.0/STM32CubeIDE/plugins/com.st.stm32cube.ide.mcu.externaltools.gnu-tools-for-stm32.12.3.rel1.win32_1.0.200.202406191623/tools/bin/../lib/gcc/arm-none-eabi/12.3.1/thumb/v6-m/nofp/crti.o
                0x08007ae4                _fini
 .fini          0x08007ae8        0x8 C:/ST/STM32CubeIDE_1.16.0/STM32CubeIDE/plugins/com.st.stm32cube.ide.mcu.externaltools.gnu-tools-for-stm32.12.3.rel1.win32_1.0.200.202406191623/tools/bin/../lib/gcc/arm-none-eabi/12.3.1/thumb/v6-m/nofp/crtn.o
                0x08007af0                        . = ALIGN (0x4)
                0x08007af0                        _etext = .

.vfp11_veneer   0x08007af0        0x0
 .vfp11_veneer  0x08007af0        0x0 linker stubs

.v4_bx          0x08007af0        0x0
 .v4_bx         0x08007af0        0x0 linker stubs

.iplt           0x08007af0        0x0
 .iplt          0x08007af0        0x0 C:/ST/STM32CubeIDE_1.16.0/STM32CubeIDE/plugins/com.st.stm32cube.ide.mcu.externaltools.gnu-tools-for-stm32.12.3.rel1.win32_1.0.200.202406191623/tools/bin/../lib/gcc/arm-none-eabi/12.3.1/thumb/v6-m/nofp/crtbegin.o

.rodata         0x08007af0    0x157f0
                0x08007af0                        . = ALIGN (0x4)
 *(.rodata)
 .rodata        0x08007af0       0x6c ./Drivers/VL53L8CX_ULD_API/src/vl53l8cx_api.o
 *(.rodata*)
 .rodata.AHBPrescTable
                0x08007b5c       0x40 ./Core/Src/system_stm32g0xx.o
                0x08007b5c                AHBPrescTable
 .rodata.APBPrescTable
                0x08007b9c       0x20 ./Core/Src/system_stm32g0xx.o
                0x08007b9c                APBPrescTable
 .rodata.UARTPrescTable
                0x08007bbc       0x18 ./Drivers/STM32G0xx_HAL_Driver/Src/stm32g0xx_hal_uart.o
                0x08007bbc                UARTPrescTable
 .rodata.numerator.1
                0x08007bd4        0x8 ./Drivers/STM32G0xx_HAL_Driver/Src/stm32g0xx_hal_uart_ex.o
 .rodata.denominator.0
                0x08007bdc        0x8 ./Drivers/STM32G0xx_HAL_Driver/Src/stm32g0xx_hal_uart_ex.o
 .rodata.VL53L8CX_FIRMWARE
                0x08007be4    0x15000 ./Drivers/VL53L8CX_ULD_API/src/vl53l8cx_api.o
                0x08007be4                VL53L8CX_FIRMWARE
 .rodata.VL53L8CX_DEFAULT_CONFIGURATION
                0x0801cbe4      0x3cc ./Drivers/VL53L8CX_ULD_API/src/vl53l8cx_api.o
                0x0801cbe4                VL53L8CX_DEFAULT_CONFIGURATION
 .rodata.VL53L8CX_DEFAULT_XTALK
                0x0801cfb0      0x308 ./Drivers/VL53L8CX_ULD_API/src/vl53l8cx_api.o
                0x0801cfb0                VL53L8CX_DEFAULT_XTALK
 .rodata.VL53L8CX_GET_NVM_CMD
                0x0801d2b8       0x28 ./Drivers/VL53L8CX_ULD_API/src/vl53l8cx_api.o
                0x0801d2b8                VL53L8CX_GET_NVM_CMD
                0x0801d2e0                        . = ALIGN (0x4)

.ARM.extab      0x0801d2e0        0x0
                0x0801d2e0                        . = ALIGN (0x4)
 *(.ARM.extab* .gnu.linkonce.armextab.*)
                0x0801d2e0                        . = ALIGN (0x4)

.ARM            0x0801d2e0        0x8
                0x0801d2e0                        . = ALIGN (0x4)
                0x0801d2e0                        __exidx_start = .
 *(.ARM.exidx*)
 .ARM.exidx     0x0801d2e0        0x8 C:/ST/STM32CubeIDE_1.16.0/STM32CubeIDE/plugins/com.st.stm32cube.ide.mcu.externaltools.gnu-tools-for-stm32.12.3.rel1.win32_1.0.200.202406191623/tools/bin/../lib/gcc/arm-none-eabi/12.3.1/thumb/v6-m/nofp\libgcc.a(_udivmoddi4.o)
                0x0801d2e8                        __exidx_end = .
                0x0801d2e8                        . = ALIGN (0x4)

.preinit_array  0x0801d2e8        0x0
                0x0801d2e8                        . = ALIGN (0x4)
                0x0801d2e8                        PROVIDE (__preinit_array_start = .)
 *(.preinit_array*)
                0x0801d2e8                        PROVIDE (__preinit_array_end = .)
                0x0801d2e8                        . = ALIGN (0x4)

.init_array     0x0801d2e8        0x4
                0x0801d2e8                        . = ALIGN (0x4)
                0x0801d2e8                        PROVIDE (__init_array_start = .)
 *(SORT_BY_NAME(.init_array.*))
 *(.init_array*)
 .init_array    0x0801d2e8        0x4 C:/ST/STM32CubeIDE_1.16.0/STM32CubeIDE/plugins/com.st.stm32cube.ide.mcu.externaltools.gnu-tools-for-stm32.12.3.rel1.win32_1.0.200.202406191623/tools/bin/../lib/gcc/arm-none-eabi/12.3.1/thumb/v6-m/nofp/crtbegin.o
                0x0801d2ec                        PROVIDE (__init_array_end = .)
                0x0801d2ec                        . = ALIGN (0x4)

.fini_array     0x0801d2ec        0x4
                0x0801d2ec                        . = ALIGN (0x4)
                [!provide]                        PROVIDE (__fini_array_start = .)
 *(SORT_BY_NAME(.fini_array.*))
 *(.fini_array*)
 .fini_array    0x0801d2ec        0x4 C:/ST/STM32CubeIDE_1.16.0/STM32CubeIDE/plugins/com.st.stm32cube.ide.mcu.externaltools.gnu-tools-for-stm32.12.3.rel1.win32_1.0.200.202406191623/tools/bin/../lib/gcc/arm-none-eabi/12.3.1/thumb/v6-m/nofp/crtbegin.o
                [!provide]                        PROVIDE (__fini_array_end = .)
                0x0801d2f0                        . = ALIGN (0x4)
                0x0801d2f0                        _sidata = LOADADDR (.data)

.rel.dyn        0x0801d2f0        0x0
 .rel.iplt      0x0801d2f0        0x0 C:/ST/STM32CubeIDE_1.16.0/STM32CubeIDE/plugins/com.st.stm32cube.ide.mcu.externaltools.gnu-tools-for-stm32.12.3.rel1.win32_1.0.200.202406191623/tools/bin/../lib/gcc/arm-none-eabi/12.3.1/thumb/v6-m/nofp/crtbegin.o

.data           0x20000000        0xc load address 0x0801d2f0
                0x20000000                        . = ALIGN (0x4)
                0x20000000                        _sdata = .
 *(.data)
 *(.data*)
 .data.SystemCoreClock
                0x20000000        0x4 ./Core/Src/system_stm32g0xx.o
                0x20000000                SystemCoreClock
 .data.uwTickPrio
                0x20000004        0x4 ./Drivers/STM32G0xx_HAL_Driver/Src/stm32g0xx_hal.o
                0x20000004                uwTickPrio
 .data.uwTickFreq
                0x20000008        0x1 ./Drivers/STM32G0xx_HAL_Driver/Src/stm32g0xx_hal.o
                0x20000008                uwTickFreq
 *(.RamFunc)
 *(.RamFunc*)
                0x2000000c                        . = ALIGN (0x4)
 *fill*         0x20000009        0x3 
                0x2000000c                        _edata = .

.igot.plt       0x2000000c        0x0 load address 0x0801d2fc
 .igot.plt      0x2000000c        0x0 C:/ST/STM32CubeIDE_1.16.0/STM32CubeIDE/plugins/com.st.stm32cube.ide.mcu.externaltools.gnu-tools-for-stm32.12.3.rel1.win32_1.0.200.202406191623/tools/bin/../lib/gcc/arm-none-eabi/12.3.1/thumb/v6-m/nofp/crtbegin.o
                0x2000000c                        . = ALIGN (0x4)

.bss            0x2000000c     0x9670 load address 0x0801d2fc
                0x2000000c                        _sbss = .
                0x2000000c                        __bss_start__ = _sbss
 *(.bss)
 .bss           0x2000000c       0x1c C:/ST/STM32CubeIDE_1.16.0/STM32CubeIDE/plugins/com.st.stm32cube.ide.mcu.externaltools.gnu-tools-for-stm32.12.3.rel1.win32_1.0.200.202406191623/tools/bin/../lib/gcc/arm-none-eabi/12.3.1/thumb/v6-m/nofp/crtbegin.o
 *(.bss*)
 .bss.Distance_average
                0x20000028        0x2 ./Core/Src/main.o
                0x20000028                Distance_average
 *fill*         0x2000002a        0x2 
 .bss.hspi2     0x2000002c       0x64 ./Core/Src/spi.o
                0x2000002c                hspi2
 .bss.huart1    0x20000090       0x94 ./Core/Src/usart.o
                0x20000090                huart1
 .bss.huart2    0x20000124       0x94 ./Core/Src/usart.o
                0x20000124                huart2
 .bss.huart3    0x200001b8       0x94 ./Core/Src/usart.o
                0x200001b8                huart3
 .bss.huart4    0x2000024c       0x94 ./Core/Src/usart.o
                0x2000024c                huart4
 .bss.huart5    0x200002e0       0x94 ./Core/Src/usart.o
                0x200002e0                huart5
 .bss.huart6    0x20000374       0x94 ./Core/Src/usart.o
                0x20000374                huart6
 .bss.hdma_usart1_rx
                0x20000408       0x60 ./Core/Src/usart.o
                0x20000408                hdma_usart1_rx
 .bss.hdma_usart2_rx
                0x20000468       0x60 ./Core/Src/usart.o
                0x20000468                hdma_usart2_rx
 .bss.hdma_usart3_rx
                0x200004c8       0x60 ./Core/Src/usart.o
                0x200004c8                hdma_usart3_rx
 .bss.hdma_usart4_rx
                0x20000528       0x60 ./Core/Src/usart.o
                0x20000528                hdma_usart4_rx
 .bss.hdma_usart5_rx
                0x20000588       0x60 ./Core/Src/usart.o
                0x20000588                hdma_usart5_rx
 .bss.hdma_usart6_rx
                0x200005e8       0x60 ./Core/Src/usart.o
                0x200005e8                hdma_usart6_rx
 .bss.uwTick    0x20000648        0x4 ./Drivers/STM32G0xx_HAL_Driver/Src/stm32g0xx_hal.o
                0x20000648                uwTick
 .bss.status    0x2000064c        0x4 ./Drivers/VL53L8CX_ULD_API/src/VL53L8CX_APIs.o
                0x2000064c                status
 .bss.IntCount  0x20000650        0x4 ./Drivers/VL53L8CX_ULD_API/src/VL53L8CX_APIs.o
                0x20000650                IntCount
 .bss.Dev       0x20000654     0x8ad0 ./Drivers/VL53L8CX_ULD_API/src/VL53L8CX_APIs.o
                0x20000654                Dev
 .bss.Results   0x20009124      0x550 ./Drivers/VL53L8CX_ULD_API/src/VL53L8CX_APIs.o
                0x20009124                Results
 .bss.resolution
                0x20009674        0x1 ./Drivers/VL53L8CX_ULD_API/src/VL53L8CX_APIs.o
                0x20009674                resolution
 .bss.isAlive   0x20009675        0x1 ./Drivers/VL53L8CX_ULD_API/src/VL53L8CX_APIs.o
                0x20009675                isAlive
 .bss.p_data_ready
                0x20009676        0x1 ./Drivers/VL53L8CX_ULD_API/src/VL53L8CX_APIs.o
                0x20009676                p_data_ready
 *fill*         0x20009677        0x1 
 .bss.elapsedTime
                0x20009678        0x4 ./Drivers/VL53L8CX_ULD_API/src/VL53L8CX_APIs.o
                0x20009678                elapsedTime
 *(COMMON)
                0x2000967c                        . = ALIGN (0x4)
                0x2000967c                        _ebss = .
                0x2000967c                        __bss_end__ = _ebss

._user_heap_stack
                0x2000967c      0x604 load address 0x0801d2fc
                0x20009680                        . = ALIGN (0x8)
 *fill*         0x2000967c        0x4 
                [!provide]                        PROVIDE (end = .)
                0x20009680                        PROVIDE (_end = .)
                0x20009880                        . = (. + _Min_Heap_Size)
 *fill*         0x20009680      0x200 
                0x20009c80                        . = (. + _Min_Stack_Size)
 *fill*         0x20009880      0x400 
                0x20009c80                        . = ALIGN (0x8)

/DISCARD/
 libc.a(*)
 libm.a(*)
 libgcc.a(*)

.ARM.attributes
                0x00000000       0x28
 *(.ARM.attributes)
 .ARM.attributes
                0x00000000       0x1e C:/ST/STM32CubeIDE_1.16.0/STM32CubeIDE/plugins/com.st.stm32cube.ide.mcu.externaltools.gnu-tools-for-stm32.12.3.rel1.win32_1.0.200.202406191623/tools/bin/../lib/gcc/arm-none-eabi/12.3.1/thumb/v6-m/nofp/crti.o
 .ARM.attributes
                0x0000001e       0x2c C:/ST/STM32CubeIDE_1.16.0/STM32CubeIDE/plugins/com.st.stm32cube.ide.mcu.externaltools.gnu-tools-for-stm32.12.3.rel1.win32_1.0.200.202406191623/tools/bin/../lib/gcc/arm-none-eabi/12.3.1/thumb/v6-m/nofp/crtbegin.o
 .ARM.attributes
                0x0000004a       0x2c ./Core/Src/dma.o
 .ARM.attributes
                0x00000076       0x2c ./Core/Src/gpio.o
 .ARM.attributes
                0x000000a2       0x2c ./Core/Src/main.o
 .ARM.attributes
                0x000000ce       0x2c ./Core/Src/spi.o
 .ARM.attributes
                0x000000fa       0x2c ./Core/Src/stm32g0xx_hal_msp.o
 .ARM.attributes
                0x00000126       0x2c ./Core/Src/stm32g0xx_it.o
 .ARM.attributes
                0x00000152       0x2c ./Core/Src/system_stm32g0xx.o
 .ARM.attributes
                0x0000017e       0x2c ./Core/Src/usart.o
 .ARM.attributes
                0x000001aa       0x22 ./Core/Startup/startup_stm32g0b1ceux.o
 .ARM.attributes
                0x000001cc       0x2c ./Drivers/STM32G0xx_HAL_Driver/Src/stm32g0xx_hal.o
 .ARM.attributes
                0x000001f8       0x2c ./Drivers/STM32G0xx_HAL_Driver/Src/stm32g0xx_hal_cortex.o
 .ARM.attributes
                0x00000224       0x2c ./Drivers/STM32G0xx_HAL_Driver/Src/stm32g0xx_hal_dma.o
 .ARM.attributes
                0x00000250       0x2c ./Drivers/STM32G0xx_HAL_Driver/Src/stm32g0xx_hal_gpio.o
 .ARM.attributes
                0x0000027c       0x2c ./Drivers/STM32G0xx_HAL_Driver/Src/stm32g0xx_hal_pwr_ex.o
 .ARM.attributes
                0x000002a8       0x2c ./Drivers/STM32G0xx_HAL_Driver/Src/stm32g0xx_hal_rcc.o
 .ARM.attributes
                0x000002d4       0x2c ./Drivers/STM32G0xx_HAL_Driver/Src/stm32g0xx_hal_rcc_ex.o
 .ARM.attributes
                0x00000300       0x2c ./Drivers/STM32G0xx_HAL_Driver/Src/stm32g0xx_hal_spi.o
 .ARM.attributes
                0x0000032c       0x2c ./Drivers/STM32G0xx_HAL_Driver/Src/stm32g0xx_hal_uart.o
 .ARM.attributes
                0x00000358       0x2c ./Drivers/STM32G0xx_HAL_Driver/Src/stm32g0xx_hal_uart_ex.o
 .ARM.attributes
                0x00000384       0x2c ./Drivers/VL53L8CX_ULD_API/src/Porting.o
 .ARM.attributes
                0x000003b0       0x2c ./Drivers/VL53L8CX_ULD_API/src/VL53L8CX_APIs.o
 .ARM.attributes
                0x000003dc       0x2c ./Drivers/VL53L8CX_ULD_API/src/platform.o
 .ARM.attributes
                0x00000408       0x2c ./Drivers/VL53L8CX_ULD_API/src/vl53l8cx_api.o
 .ARM.attributes
                0x00000434       0x2c C:/ST/STM32CubeIDE_1.16.0/STM32CubeIDE/plugins/com.st.stm32cube.ide.mcu.externaltools.gnu-tools-for-stm32.12.3.rel1.win32_1.0.200.202406191623/tools/bin/../lib/gcc/arm-none-eabi/12.3.1/../../../../arm-none-eabi/lib/thumb/v6-m/nofp\libc_nano.a(libc_a-memset.o)
 .ARM.attributes
                0x00000460       0x2c C:/ST/STM32CubeIDE_1.16.0/STM32CubeIDE/plugins/com.st.stm32cube.ide.mcu.externaltools.gnu-tools-for-stm32.12.3.rel1.win32_1.0.200.202406191623/tools/bin/../lib/gcc/arm-none-eabi/12.3.1/../../../../arm-none-eabi/lib/thumb/v6-m/nofp\libc_nano.a(libc_a-init.o)
 .ARM.attributes
                0x0000048c       0x2c C:/ST/STM32CubeIDE_1.16.0/STM32CubeIDE/plugins/com.st.stm32cube.ide.mcu.externaltools.gnu-tools-for-stm32.12.3.rel1.win32_1.0.200.202406191623/tools/bin/../lib/gcc/arm-none-eabi/12.3.1/../../../../arm-none-eabi/lib/thumb/v6-m/nofp\libc_nano.a(libc_a-memcpy-stub.o)
 .ARM.attributes
                0x000004b8       0x1e C:/ST/STM32CubeIDE_1.16.0/STM32CubeIDE/plugins/com.st.stm32cube.ide.mcu.externaltools.gnu-tools-for-stm32.12.3.rel1.win32_1.0.200.202406191623/tools/bin/../lib/gcc/arm-none-eabi/12.3.1/thumb/v6-m/nofp\libgcc.a(_udivsi3.o)
 .ARM.attributes
                0x000004d6       0x1e C:/ST/STM32CubeIDE_1.16.0/STM32CubeIDE/plugins/com.st.stm32cube.ide.mcu.externaltools.gnu-tools-for-stm32.12.3.rel1.win32_1.0.200.202406191623/tools/bin/../lib/gcc/arm-none-eabi/12.3.1/thumb/v6-m/nofp\libgcc.a(_divsi3.o)
 .ARM.attributes
                0x000004f4       0x1e C:/ST/STM32CubeIDE_1.16.0/STM32CubeIDE/plugins/com.st.stm32cube.ide.mcu.externaltools.gnu-tools-for-stm32.12.3.rel1.win32_1.0.200.202406191623/tools/bin/../lib/gcc/arm-none-eabi/12.3.1/thumb/v6-m/nofp\libgcc.a(_dvmd_tls.o)
 .ARM.attributes
                0x00000512       0x1e C:/ST/STM32CubeIDE_1.16.0/STM32CubeIDE/plugins/com.st.stm32cube.ide.mcu.externaltools.gnu-tools-for-stm32.12.3.rel1.win32_1.0.200.202406191623/tools/bin/../lib/gcc/arm-none-eabi/12.3.1/thumb/v6-m/nofp\libgcc.a(_aeabi_uldivmod.o)
 .ARM.attributes
                0x00000530       0x2c C:/ST/STM32CubeIDE_1.16.0/STM32CubeIDE/plugins/com.st.stm32cube.ide.mcu.externaltools.gnu-tools-for-stm32.12.3.rel1.win32_1.0.200.202406191623/tools/bin/../lib/gcc/arm-none-eabi/12.3.1/thumb/v6-m/nofp\libgcc.a(_udivmoddi4.o)
 .ARM.attributes
                0x0000055c       0x1e C:/ST/STM32CubeIDE_1.16.0/STM32CubeIDE/plugins/com.st.stm32cube.ide.mcu.externaltools.gnu-tools-for-stm32.12.3.rel1.win32_1.0.200.202406191623/tools/bin/../lib/gcc/arm-none-eabi/12.3.1/thumb/v6-m/nofp\libgcc.a(_clzsi2.o)
 .ARM.attributes
                0x0000057a       0x1e C:/ST/STM32CubeIDE_1.16.0/STM32CubeIDE/plugins/com.st.stm32cube.ide.mcu.externaltools.gnu-tools-for-stm32.12.3.rel1.win32_1.0.200.202406191623/tools/bin/../lib/gcc/arm-none-eabi/12.3.1/thumb/v6-m/nofp\libgcc.a(_clzdi2.o)
 .ARM.attributes
                0x00000598       0x1e C:/ST/STM32CubeIDE_1.16.0/STM32CubeIDE/plugins/com.st.stm32cube.ide.mcu.externaltools.gnu-tools-for-stm32.12.3.rel1.win32_1.0.200.202406191623/tools/bin/../lib/gcc/arm-none-eabi/12.3.1/thumb/v6-m/nofp/crtn.o
OUTPUT(H08R6.elf elf32-littlearm)
LOAD linker stubs
LOAD C:/ST/STM32CubeIDE_1.16.0/STM32CubeIDE/plugins/com.st.stm32cube.ide.mcu.externaltools.gnu-tools-for-stm32.12.3.rel1.win32_1.0.200.202406191623/tools/bin/../lib/gcc/arm-none-eabi/12.3.1/../../../../arm-none-eabi/lib/thumb/v6-m/nofp\libc.a
LOAD C:/ST/STM32CubeIDE_1.16.0/STM32CubeIDE/plugins/com.st.stm32cube.ide.mcu.externaltools.gnu-tools-for-stm32.12.3.rel1.win32_1.0.200.202406191623/tools/bin/../lib/gcc/arm-none-eabi/12.3.1/../../../../arm-none-eabi/lib/thumb/v6-m/nofp\libm.a
LOAD C:/ST/STM32CubeIDE_1.16.0/STM32CubeIDE/plugins/com.st.stm32cube.ide.mcu.externaltools.gnu-tools-for-stm32.12.3.rel1.win32_1.0.200.202406191623/tools/bin/../lib/gcc/arm-none-eabi/12.3.1/thumb/v6-m/nofp\libgcc.a

.debug_info     0x00000000    0x125bd
 .debug_info    0x00000000      0x3d3 ./Core/Src/dma.o
 .debug_info    0x000003d3      0x583 ./Core/Src/gpio.o
 .debug_info    0x00000956      0xddc ./Core/Src/main.o
 .debug_info    0x00001732      0xaae ./Core/Src/spi.o
 .debug_info    0x000021e0      0x2e6 ./Core/Src/stm32g0xx_hal_msp.o
 .debug_info    0x000024c6      0x554 ./Core/Src/stm32g0xx_it.o
 .debug_info    0x00002a1a      0x316 ./Core/Src/system_stm32g0xx.o
 .debug_info    0x00002d30      0xfa8 ./Core/Src/usart.o
 .debug_info    0x00003cd8       0x30 ./Core/Startup/startup_stm32g0b1ceux.o
 .debug_info    0x00003d08      0xafa ./Drivers/STM32G0xx_HAL_Driver/Src/stm32g0xx_hal.o
 .debug_info    0x00004802      0x8d9 ./Drivers/STM32G0xx_HAL_Driver/Src/stm32g0xx_hal_cortex.o
 .debug_info    0x000050db      0x869 ./Drivers/STM32G0xx_HAL_Driver/Src/stm32g0xx_hal_dma.o
 .debug_info    0x00005944      0x5d9 ./Drivers/STM32G0xx_HAL_Driver/Src/stm32g0xx_hal_gpio.o
 .debug_info    0x00005f1d      0x8b5 ./Drivers/STM32G0xx_HAL_Driver/Src/stm32g0xx_hal_pwr_ex.o
 .debug_info    0x000067d2      0xb9b ./Drivers/STM32G0xx_HAL_Driver/Src/stm32g0xx_hal_rcc.o
 .debug_info    0x0000736d      0xa41 ./Drivers/STM32G0xx_HAL_Driver/Src/stm32g0xx_hal_rcc_ex.o
 .debug_info    0x00007dae     0x1767 ./Drivers/STM32G0xx_HAL_Driver/Src/stm32g0xx_hal_spi.o
 .debug_info    0x00009515     0x48a0 ./Drivers/STM32G0xx_HAL_Driver/Src/stm32g0xx_hal_uart.o
 .debug_info    0x0000ddb5      0xff0 ./Drivers/STM32G0xx_HAL_Driver/Src/stm32g0xx_hal_uart_ex.o
 .debug_info    0x0000eda5      0xa23 ./Drivers/VL53L8CX_ULD_API/src/Porting.o
 .debug_info    0x0000f7c8      0xfa2 ./Drivers/VL53L8CX_ULD_API/src/VL53L8CX_APIs.o
 .debug_info    0x0001076a      0xbe6 ./Drivers/VL53L8CX_ULD_API/src/platform.o
 .debug_info    0x00011350     0x126d ./Drivers/VL53L8CX_ULD_API/src/vl53l8cx_api.o

.debug_abbrev   0x00000000     0x2f45
 .debug_abbrev  0x00000000      0x11e ./Core/Src/dma.o
 .debug_abbrev  0x0000011e      0x183 ./Core/Src/gpio.o
 .debug_abbrev  0x000002a1      0x27e ./Core/Src/main.o
 .debug_abbrev  0x0000051f      0x1fe ./Core/Src/spi.o
 .debug_abbrev  0x0000071d      0x102 ./Core/Src/stm32g0xx_hal_msp.o
 .debug_abbrev  0x0000081f      0x1a0 ./Core/Src/stm32g0xx_it.o
 .debug_abbrev  0x000009bf      0x119 ./Core/Src/system_stm32g0xx.o
 .debug_abbrev  0x00000ad8      0x243 ./Core/Src/usart.o
 .debug_abbrev  0x00000d1b       0x24 ./Core/Startup/startup_stm32g0b1ceux.o
 .debug_abbrev  0x00000d3f      0x27f ./Drivers/STM32G0xx_HAL_Driver/Src/stm32g0xx_hal.o
 .debug_abbrev  0x00000fbe      0x2ab ./Drivers/STM32G0xx_HAL_Driver/Src/stm32g0xx_hal_cortex.o
 .debug_abbrev  0x00001269      0x214 ./Drivers/STM32G0xx_HAL_Driver/Src/stm32g0xx_hal_dma.o
 .debug_abbrev  0x0000147d      0x1c8 ./Drivers/STM32G0xx_HAL_Driver/Src/stm32g0xx_hal_gpio.o
 .debug_abbrev  0x00001645      0x23c ./Drivers/STM32G0xx_HAL_Driver/Src/stm32g0xx_hal_pwr_ex.o
 .debug_abbrev  0x00001881      0x2aa ./Drivers/STM32G0xx_HAL_Driver/Src/stm32g0xx_hal_rcc.o
 .debug_abbrev  0x00001b2b      0x244 ./Drivers/STM32G0xx_HAL_Driver/Src/stm32g0xx_hal_rcc_ex.o
 .debug_abbrev  0x00001d6f      0x290 ./Drivers/STM32G0xx_HAL_Driver/Src/stm32g0xx_hal_spi.o
 .debug_abbrev  0x00001fff      0x311 ./Drivers/STM32G0xx_HAL_Driver/Src/stm32g0xx_hal_uart.o
 .debug_abbrev  0x00002310      0x2d3 ./Drivers/STM32G0xx_HAL_Driver/Src/stm32g0xx_hal_uart_ex.o
 .debug_abbrev  0x000025e3      0x1c9 ./Drivers/VL53L8CX_ULD_API/src/Porting.o
 .debug_abbrev  0x000027ac      0x2f2 ./Drivers/VL53L8CX_ULD_API/src/VL53L8CX_APIs.o
 .debug_abbrev  0x00002a9e      0x209 ./Drivers/VL53L8CX_ULD_API/src/platform.o
 .debug_abbrev  0x00002ca7      0x29e ./Drivers/VL53L8CX_ULD_API/src/vl53l8cx_api.o

.debug_aranges  0x00000000      0xe60
 .debug_aranges
                0x00000000       0x20 ./Core/Src/dma.o
 .debug_aranges
                0x00000020       0x20 ./Core/Src/gpio.o
 .debug_aranges
                0x00000040       0x38 ./Core/Src/main.o
 .debug_aranges
                0x00000078       0x30 ./Core/Src/spi.o
 .debug_aranges
                0x000000a8       0x20 ./Core/Src/stm32g0xx_hal_msp.o
 .debug_aranges
                0x000000c8       0x60 ./Core/Src/stm32g0xx_it.o
 .debug_aranges
                0x00000128       0x28 ./Core/Src/system_stm32g0xx.o
 .debug_aranges
                0x00000150       0x58 ./Core/Src/usart.o
 .debug_aranges
                0x000001a8       0x28 ./Core/Startup/startup_stm32g0b1ceux.o
 .debug_aranges
                0x000001d0      0x130 ./Drivers/STM32G0xx_HAL_Driver/Src/stm32g0xx_hal.o
 .debug_aranges
                0x00000300       0xe8 ./Drivers/STM32G0xx_HAL_Driver/Src/stm32g0xx_hal_cortex.o
 .debug_aranges
                0x000003e8       0x90 ./Drivers/STM32G0xx_HAL_Driver/Src/stm32g0xx_hal_dma.o
 .debug_aranges
                0x00000478       0x60 ./Drivers/STM32G0xx_HAL_Driver/Src/stm32g0xx_hal_gpio.o
 .debug_aranges
                0x000004d8      0x128 ./Drivers/STM32G0xx_HAL_Driver/Src/stm32g0xx_hal_pwr_ex.o
 .debug_aranges
                0x00000600       0xa0 ./Drivers/STM32G0xx_HAL_Driver/Src/stm32g0xx_hal_rcc.o
 .debug_aranges
                0x000006a0       0x88 ./Drivers/STM32G0xx_HAL_Driver/Src/stm32g0xx_hal_rcc_ex.o
 .debug_aranges
                0x00000728      0x1d8 ./Drivers/STM32G0xx_HAL_Driver/Src/stm32g0xx_hal_spi.o
 .debug_aranges
                0x00000900      0x248 ./Drivers/STM32G0xx_HAL_Driver/Src/stm32g0xx_hal_uart.o
 .debug_aranges
                0x00000b48       0xa8 ./Drivers/STM32G0xx_HAL_Driver/Src/stm32g0xx_hal_uart_ex.o
 .debug_aranges
                0x00000bf0       0x38 ./Drivers/VL53L8CX_ULD_API/src/Porting.o
 .debug_aranges
                0x00000c28       0xd0 ./Drivers/VL53L8CX_ULD_API/src/VL53L8CX_APIs.o
 .debug_aranges
                0x00000cf8       0x50 ./Drivers/VL53L8CX_ULD_API/src/platform.o
 .debug_aranges
                0x00000d48      0x118 ./Drivers/VL53L8CX_ULD_API/src/vl53l8cx_api.o

.debug_rnglists
                0x00000000      0xb0e
 .debug_rnglists
                0x00000000       0x13 ./Core/Src/dma.o
 .debug_rnglists
                0x00000013       0x14 ./Core/Src/gpio.o
 .debug_rnglists
                0x00000027       0x26 ./Core/Src/main.o
 .debug_rnglists
                0x0000004d       0x20 ./Core/Src/spi.o
 .debug_rnglists
                0x0000006d       0x13 ./Core/Src/stm32g0xx_hal_msp.o
 .debug_rnglists
                0x00000080       0x43 ./Core/Src/stm32g0xx_it.o
 .debug_rnglists
                0x000000c3       0x1a ./Core/Src/system_stm32g0xx.o
 .debug_rnglists
                0x000000dd       0x42 ./Core/Src/usart.o
 .debug_rnglists
                0x0000011f       0x19 ./Core/Startup/startup_stm32g0b1ceux.o
 .debug_rnglists
                0x00000138       0xe0 ./Drivers/STM32G0xx_HAL_Driver/Src/stm32g0xx_hal.o
 .debug_rnglists
                0x00000218       0xaa ./Drivers/STM32G0xx_HAL_Driver/Src/stm32g0xx_hal_cortex.o
 .debug_rnglists
                0x000002c2       0x72 ./Drivers/STM32G0xx_HAL_Driver/Src/stm32g0xx_hal_dma.o
 .debug_rnglists
                0x00000334       0x45 ./Drivers/STM32G0xx_HAL_Driver/Src/stm32g0xx_hal_gpio.o
 .debug_rnglists
                0x00000379       0xe0 ./Drivers/STM32G0xx_HAL_Driver/Src/stm32g0xx_hal_pwr_ex.o
 .debug_rnglists
                0x00000459       0x79 ./Drivers/STM32G0xx_HAL_Driver/Src/stm32g0xx_hal_rcc.o
 .debug_rnglists
                0x000004d2       0x69 ./Drivers/STM32G0xx_HAL_Driver/Src/stm32g0xx_hal_rcc_ex.o
 .debug_rnglists
                0x0000053b      0x17a ./Drivers/STM32G0xx_HAL_Driver/Src/stm32g0xx_hal_spi.o
 .debug_rnglists
                0x000006b5      0x1fd ./Drivers/STM32G0xx_HAL_Driver/Src/stm32g0xx_hal_uart.o
 .debug_rnglists
                0x000008b2       0x80 ./Drivers/STM32G0xx_HAL_Driver/Src/stm32g0xx_hal_uart_ex.o
 .debug_rnglists
                0x00000932       0x25 ./Drivers/VL53L8CX_ULD_API/src/Porting.o
 .debug_rnglists
                0x00000957       0x9c ./Drivers/VL53L8CX_ULD_API/src/VL53L8CX_APIs.o
 .debug_rnglists
                0x000009f3       0x39 ./Drivers/VL53L8CX_ULD_API/src/platform.o
 .debug_rnglists
                0x00000a2c       0xe2 ./Drivers/VL53L8CX_ULD_API/src/vl53l8cx_api.o

.debug_macro    0x00000000    0x1dc9b
 .debug_macro   0x00000000      0x310 ./Core/Src/dma.o
 .debug_macro   0x00000310      0xa8a ./Core/Src/dma.o
 .debug_macro   0x00000d9a      0x12a ./Core/Src/dma.o
 .debug_macro   0x00000ec4       0x2e ./Core/Src/dma.o
 .debug_macro   0x00000ef2       0x28 ./Core/Src/dma.o
 .debug_macro   0x00000f1a       0x22 ./Core/Src/dma.o
 .debug_macro   0x00000f3c       0x8e ./Core/Src/dma.o
 .debug_macro   0x00000fca       0x51 ./Core/Src/dma.o
 .debug_macro   0x0000101b      0x103 ./Core/Src/dma.o
 .debug_macro   0x0000111e       0x6a ./Core/Src/dma.o
 .debug_macro   0x00001188      0x1df ./Core/Src/dma.o
 .debug_macro   0x00001367       0x1c ./Core/Src/dma.o
 .debug_macro   0x00001383       0x22 ./Core/Src/dma.o
 .debug_macro   0x000013a5       0xd1 ./Core/Src/dma.o
 .debug_macro   0x00001476      0x4da ./Core/Src/dma.o
 .debug_macro   0x00001950      0x11f ./Core/Src/dma.o
 .debug_macro   0x00001a6f     0xf3de ./Core/Src/dma.o
 .debug_macro   0x00010e4d       0x66 ./Core/Src/dma.o
 .debug_macro   0x00010eb3     0x350e ./Core/Src/dma.o
 .debug_macro   0x000143c1      0x189 ./Core/Src/dma.o
 .debug_macro   0x0001454a       0x5c ./Core/Src/dma.o
 .debug_macro   0x000145a6      0x72c ./Core/Src/dma.o
 .debug_macro   0x00014cd2     0x1579 ./Core/Src/dma.o
 .debug_macro   0x0001624b      0x535 ./Core/Src/dma.o
 .debug_macro   0x00016780      0x1cf ./Core/Src/dma.o
 .debug_macro   0x0001694f      0x25b ./Core/Src/dma.o
 .debug_macro   0x00016baa      0x4f5 ./Core/Src/dma.o
 .debug_macro   0x0001709f      0x280 ./Core/Src/dma.o
 .debug_macro   0x0001731f      0x417 ./Core/Src/dma.o
 .debug_macro   0x00017736      0x1b2 ./Core/Src/dma.o
 .debug_macro   0x000178e8       0x43 ./Core/Src/dma.o
 .debug_macro   0x0001792b      0x1f1 ./Core/Src/dma.o
 .debug_macro   0x00017b1c      0x1e4 ./Core/Src/dma.o
 .debug_macro   0x00017d00      0x3fa ./Core/Src/dma.o
 .debug_macro   0x000180fa       0x28 ./Core/Src/dma.o
 .debug_macro   0x00018122      0x123 ./Core/Src/dma.o
 .debug_macro   0x00018245      0x145 ./Core/Src/dma.o
 .debug_macro   0x0001838a      0x30b ./Core/Src/dma.o
 .debug_macro   0x00018695      0x2fe ./Core/Src/dma.o
 .debug_macro   0x00018993      0x693 ./Core/Src/dma.o
 .debug_macro   0x00019026       0xa6 ./Core/Src/dma.o
 .debug_macro   0x000190cc      0x5df ./Core/Src/dma.o
 .debug_macro   0x000196ab       0x61 ./Core/Src/dma.o
 .debug_macro   0x0001970c       0x24 ./Core/Src/dma.o
 .debug_macro   0x00019730       0x43 ./Core/Src/dma.o
 .debug_macro   0x00019773       0x34 ./Core/Src/dma.o
 .debug_macro   0x000197a7       0x16 ./Core/Src/dma.o
 .debug_macro   0x000197bd       0x43 ./Core/Src/dma.o
 .debug_macro   0x00019800       0x34 ./Core/Src/dma.o
 .debug_macro   0x00019834       0x10 ./Core/Src/dma.o
 .debug_macro   0x00019844       0x58 ./Core/Src/dma.o
 .debug_macro   0x0001989c       0x8e ./Core/Src/dma.o
 .debug_macro   0x0001992a       0x1c ./Core/Src/dma.o
 .debug_macro   0x00019946      0x177 ./Core/Src/dma.o
 .debug_macro   0x00019abd      0x369 ./Core/Src/dma.o
 .debug_macro   0x00019e26       0x10 ./Core/Src/dma.o
 .debug_macro   0x00019e36       0x35 ./Core/Src/dma.o
 .debug_macro   0x00019e6b       0x20 ./Core/Src/dma.o
 .debug_macro   0x00019e8b      0x1f5 ./Core/Src/dma.o
 .debug_macro   0x0001a080       0x1c ./Core/Src/dma.o
 .debug_macro   0x0001a09c       0x94 ./Core/Src/dma.o
 .debug_macro   0x0001a130       0x8e ./Core/Src/dma.o
 .debug_macro   0x0001a1be      0x310 ./Core/Src/gpio.o
 .debug_macro   0x0001a4ce      0x370 ./Core/Src/main.o
 .debug_macro   0x0001a83e       0x1c ./Core/Src/main.o
 .debug_macro   0x0001a85a       0x10 ./Core/Src/main.o
 .debug_macro   0x0001a86a       0x1c ./Core/Src/main.o
 .debug_macro   0x0001a886       0x16 ./Core/Src/main.o
 .debug_macro   0x0001a89c      0x146 ./Core/Src/main.o
 .debug_macro   0x0001a9e2      0x310 ./Core/Src/spi.o
 .debug_macro   0x0001acf2      0x306 ./Core/Src/stm32g0xx_hal_msp.o
 .debug_macro   0x0001aff8      0x310 ./Core/Src/stm32g0xx_it.o
 .debug_macro   0x0001b308      0x1e0 ./Core/Src/system_stm32g0xx.o
 .debug_macro   0x0001b4e8      0x310 ./Core/Src/usart.o
 .debug_macro   0x0001b7f8      0x204 ./Drivers/STM32G0xx_HAL_Driver/Src/stm32g0xx_hal.o
 .debug_macro   0x0001b9fc      0x1e0 ./Drivers/STM32G0xx_HAL_Driver/Src/stm32g0xx_hal_cortex.o
 .debug_macro   0x0001bbdc      0x1e0 ./Drivers/STM32G0xx_HAL_Driver/Src/stm32g0xx_hal_dma.o
 .debug_macro   0x0001bdbc      0x1e7 ./Drivers/STM32G0xx_HAL_Driver/Src/stm32g0xx_hal_gpio.o
 .debug_macro   0x0001bfa3      0x20a ./Drivers/STM32G0xx_HAL_Driver/Src/stm32g0xx_hal_pwr_ex.o
 .debug_macro   0x0001c1ad      0x228 ./Drivers/STM32G0xx_HAL_Driver/Src/stm32g0xx_hal_rcc.o
 .debug_macro   0x0001c3d5      0x1f8 ./Drivers/STM32G0xx_HAL_Driver/Src/stm32g0xx_hal_rcc_ex.o
 .debug_macro   0x0001c5cd      0x1e8 ./Drivers/STM32G0xx_HAL_Driver/Src/stm32g0xx_hal_spi.o
 .debug_macro   0x0001c7b5      0x20b ./Drivers/STM32G0xx_HAL_Driver/Src/stm32g0xx_hal_uart.o
 .debug_macro   0x0001c9c0      0x1ec ./Drivers/STM32G0xx_HAL_Driver/Src/stm32g0xx_hal_uart_ex.o
 .debug_macro   0x0001cbac      0x32e ./Drivers/VL53L8CX_ULD_API/src/Porting.o
 .debug_macro   0x0001ceda      0x362 ./Drivers/VL53L8CX_ULD_API/src/VL53L8CX_APIs.o
 .debug_macro   0x0001d23c      0x11c ./Drivers/VL53L8CX_ULD_API/src/VL53L8CX_APIs.o
 .debug_macro   0x0001d358       0x94 ./Drivers/VL53L8CX_ULD_API/src/VL53L8CX_APIs.o
 .debug_macro   0x0001d3ec       0x16 ./Drivers/VL53L8CX_ULD_API/src/VL53L8CX_APIs.o
 .debug_macro   0x0001d402       0x56 ./Drivers/VL53L8CX_ULD_API/src/VL53L8CX_APIs.o
 .debug_macro   0x0001d458      0x33a ./Drivers/VL53L8CX_ULD_API/src/platform.o
 .debug_macro   0x0001d792      0x1fb ./Drivers/VL53L8CX_ULD_API/src/platform.o
 .debug_macro   0x0001d98d      0x2fe ./Drivers/VL53L8CX_ULD_API/src/vl53l8cx_api.o
 .debug_macro   0x0001dc8b       0x10 ./Drivers/VL53L8CX_ULD_API/src/vl53l8cx_api.o

.debug_line     0x00000000    0x15b54
 .debug_line    0x00000000      0x9e0 ./Core/Src/dma.o
 .debug_line    0x000009e0      0xa0b ./Core/Src/gpio.o
 .debug_line    0x000013eb      0xace ./Core/Src/main.o
 .debug_line    0x00001eb9      0xa69 ./Core/Src/spi.o
 .debug_line    0x00002922      0x9e2 ./Core/Src/stm32g0xx_hal_msp.o
 .debug_line    0x00003304      0xaa8 ./Core/Src/stm32g0xx_it.o
 .debug_line    0x00003dac      0x804 ./Core/Src/system_stm32g0xx.o
 .debug_line    0x000045b0      0xdf6 ./Core/Src/usart.o
 .debug_line    0x000053a6       0x7b ./Core/Startup/startup_stm32g0b1ceux.o
 .debug_line    0x00005421      0xb6a ./Drivers/STM32G0xx_HAL_Driver/Src/stm32g0xx_hal.o
 .debug_line    0x00005f8b      0xbdf ./Drivers/STM32G0xx_HAL_Driver/Src/stm32g0xx_hal_cortex.o
 .debug_line    0x00006b6a      0xed7 ./Drivers/STM32G0xx_HAL_Driver/Src/stm32g0xx_hal_dma.o
 .debug_line    0x00007a41      0xbd7 ./Drivers/STM32G0xx_HAL_Driver/Src/stm32g0xx_hal_gpio.o
 .debug_line    0x00008618      0xc2b ./Drivers/STM32G0xx_HAL_Driver/Src/stm32g0xx_hal_pwr_ex.o
 .debug_line    0x00009243      0xfbc ./Drivers/STM32G0xx_HAL_Driver/Src/stm32g0xx_hal_rcc.o
 .debug_line    0x0000a1ff     0x11fb ./Drivers/STM32G0xx_HAL_Driver/Src/stm32g0xx_hal_rcc_ex.o
 .debug_line    0x0000b3fa     0x1f8d ./Drivers/STM32G0xx_HAL_Driver/Src/stm32g0xx_hal_spi.o
 .debug_line    0x0000d387     0x36f7 ./Drivers/STM32G0xx_HAL_Driver/Src/stm32g0xx_hal_uart.o
 .debug_line    0x00010a7e      0xe44 ./Drivers/STM32G0xx_HAL_Driver/Src/stm32g0xx_hal_uart_ex.o
 .debug_line    0x000118c2      0xa96 ./Drivers/VL53L8CX_ULD_API/src/Porting.o
 .debug_line    0x00012358     0x11a1 ./Drivers/VL53L8CX_ULD_API/src/VL53L8CX_APIs.o
 .debug_line    0x000134f9      0xc2b ./Drivers/VL53L8CX_ULD_API/src/platform.o
 .debug_line    0x00014124     0x1a30 ./Drivers/VL53L8CX_ULD_API/src/vl53l8cx_api.o

.debug_str      0x00000000    0xb5608
 .debug_str     0x00000000    0xb03ff ./Core/Src/dma.o
                              0xb0b30 (size before relaxing)
 .debug_str     0x000b03ff       0xde ./Core/Src/gpio.o
                              0xb0bea (size before relaxing)
 .debug_str     0x000b04dd     0x105f ./Core/Src/main.o
                              0xb192b (size before relaxing)
 .debug_str     0x000b153c      0x1e8 ./Core/Src/spi.o
                              0xb0ea8 (size before relaxing)
 .debug_str     0x000b1724       0x4d ./Core/Src/stm32g0xx_hal_msp.o
                              0xb08ef (size before relaxing)
 .debug_str     0x000b1771      0x17d ./Core/Src/stm32g0xx_it.o
                              0xb0c3c (size before relaxing)
 .debug_str     0x000b18ee       0x8e ./Core/Src/system_stm32g0xx.o
                              0xac25b (size before relaxing)
 .debug_str     0x000b197c      0x2a1 ./Core/Src/usart.o
                              0xb123a (size before relaxing)
 .debug_str     0x000b1c1d       0x44 ./Core/Startup/startup_stm32g0b1ceux.o
                                 0x7b (size before relaxing)
 .debug_str     0x000b1c61      0x5d5 ./Drivers/STM32G0xx_HAL_Driver/Src/stm32g0xx_hal.o
                              0xacb34 (size before relaxing)
 .debug_str     0x000b2236      0x2bd ./Drivers/STM32G0xx_HAL_Driver/Src/stm32g0xx_hal_cortex.o
                              0xac76c (size before relaxing)
 .debug_str     0x000b24f3      0x27f ./Drivers/STM32G0xx_HAL_Driver/Src/stm32g0xx_hal_dma.o
                              0xac70b (size before relaxing)
 .debug_str     0x000b2772      0x14b ./Drivers/STM32G0xx_HAL_Driver/Src/stm32g0xx_hal_gpio.o
                              0xac3be (size before relaxing)
 .debug_str     0x000b28bd      0x3e6 ./Drivers/STM32G0xx_HAL_Driver/Src/stm32g0xx_hal_pwr_ex.o
                              0xac7dd (size before relaxing)
 .debug_str     0x000b2ca3      0x4c7 ./Drivers/STM32G0xx_HAL_Driver/Src/stm32g0xx_hal_rcc.o
                              0xaca27 (size before relaxing)
 .debug_str     0x000b316a      0x360 ./Drivers/STM32G0xx_HAL_Driver/Src/stm32g0xx_hal_rcc_ex.o
                              0xac8b7 (size before relaxing)
 .debug_str     0x000b34ca      0x56c ./Drivers/STM32G0xx_HAL_Driver/Src/stm32g0xx_hal_spi.o
                              0xacc68 (size before relaxing)
 .debug_str     0x000b3a36      0x99b ./Drivers/STM32G0xx_HAL_Driver/Src/stm32g0xx_hal_uart.o
                              0xad246 (size before relaxing)
 .debug_str     0x000b43d1      0x26b ./Drivers/STM32G0xx_HAL_Driver/Src/stm32g0xx_hal_uart_ex.o
                              0xacb0c (size before relaxing)
 .debug_str     0x000b463c      0x102 ./Drivers/VL53L8CX_ULD_API/src/Porting.o
                              0xb0ebd (size before relaxing)
 .debug_str     0x000b473e      0x8ee ./Drivers/VL53L8CX_ULD_API/src/VL53L8CX_APIs.o
                              0xb1a97 (size before relaxing)
 .debug_str     0x000b502c      0x13e ./Drivers/VL53L8CX_ULD_API/src/platform.o
                              0xb0fc0 (size before relaxing)
 .debug_str     0x000b516a      0x49e ./Drivers/VL53L8CX_ULD_API/src/vl53l8cx_api.o
                              0xb0b09 (size before relaxing)

.comment        0x00000000       0x43
 .comment       0x00000000       0x43 ./Core/Src/dma.o
                                 0x44 (size before relaxing)
 .comment       0x00000043       0x44 ./Core/Src/gpio.o
 .comment       0x00000043       0x44 ./Core/Src/main.o
 .comment       0x00000043       0x44 ./Core/Src/spi.o
 .comment       0x00000043       0x44 ./Core/Src/stm32g0xx_hal_msp.o
 .comment       0x00000043       0x44 ./Core/Src/stm32g0xx_it.o
 .comment       0x00000043       0x44 ./Core/Src/system_stm32g0xx.o
 .comment       0x00000043       0x44 ./Core/Src/usart.o
 .comment       0x00000043       0x44 ./Drivers/STM32G0xx_HAL_Driver/Src/stm32g0xx_hal.o
 .comment       0x00000043       0x44 ./Drivers/STM32G0xx_HAL_Driver/Src/stm32g0xx_hal_cortex.o
 .comment       0x00000043       0x44 ./Drivers/STM32G0xx_HAL_Driver/Src/stm32g0xx_hal_dma.o
 .comment       0x00000043       0x44 ./Drivers/STM32G0xx_HAL_Driver/Src/stm32g0xx_hal_gpio.o
 .comment       0x00000043       0x44 ./Drivers/STM32G0xx_HAL_Driver/Src/stm32g0xx_hal_pwr_ex.o
 .comment       0x00000043       0x44 ./Drivers/STM32G0xx_HAL_Driver/Src/stm32g0xx_hal_rcc.o
 .comment       0x00000043       0x44 ./Drivers/STM32G0xx_HAL_Driver/Src/stm32g0xx_hal_rcc_ex.o
 .comment       0x00000043       0x44 ./Drivers/STM32G0xx_HAL_Driver/Src/stm32g0xx_hal_spi.o
 .comment       0x00000043       0x44 ./Drivers/STM32G0xx_HAL_Driver/Src/stm32g0xx_hal_uart.o
 .comment       0x00000043       0x44 ./Drivers/STM32G0xx_HAL_Driver/Src/stm32g0xx_hal_uart_ex.o
 .comment       0x00000043       0x44 ./Drivers/VL53L8CX_ULD_API/src/Porting.o
 .comment       0x00000043       0x44 ./Drivers/VL53L8CX_ULD_API/src/VL53L8CX_APIs.o
 .comment       0x00000043       0x44 ./Drivers/VL53L8CX_ULD_API/src/platform.o
 .comment       0x00000043       0x44 ./Drivers/VL53L8CX_ULD_API/src/vl53l8cx_api.o

.debug_frame    0x00000000     0x31f4
 .debug_frame   0x00000000       0x30 ./Core/Src/dma.o
 .debug_frame   0x00000030       0x30 ./Core/Src/gpio.o
 .debug_frame   0x00000060       0x88 ./Core/Src/main.o
 .debug_frame   0x000000e8       0x6c ./Core/Src/spi.o
 .debug_frame   0x00000154       0x30 ./Core/Src/stm32g0xx_hal_msp.o
 .debug_frame   0x00000184      0x10c ./Core/Src/stm32g0xx_it.o
 .debug_frame   0x00000290       0x4c ./Core/Src/system_stm32g0xx.o
 .debug_frame   0x000002dc       0xf8 ./Core/Src/usart.o
 .debug_frame   0x000003d4      0x41c ./Drivers/STM32G0xx_HAL_Driver/Src/stm32g0xx_hal.o
 .debug_frame   0x000007f0      0x33c ./Drivers/STM32G0xx_HAL_Driver/Src/stm32g0xx_hal_cortex.o
 .debug_frame   0x00000b2c      0x1f0 ./Drivers/STM32G0xx_HAL_Driver/Src/stm32g0xx_hal_dma.o
 .debug_frame   0x00000d1c      0x130 ./Drivers/STM32G0xx_HAL_Driver/Src/stm32g0xx_hal_gpio.o
 .debug_frame   0x00000e4c      0x3f4 ./Drivers/STM32G0xx_HAL_Driver/Src/stm32g0xx_hal_pwr_ex.o
 .debug_frame   0x00001240      0x214 ./Drivers/STM32G0xx_HAL_Driver/Src/stm32g0xx_hal_rcc.o
 .debug_frame   0x00001454      0x1c0 ./Drivers/STM32G0xx_HAL_Driver/Src/stm32g0xx_hal_rcc_ex.o
 .debug_frame   0x00001614      0x710 ./Drivers/STM32G0xx_HAL_Driver/Src/stm32g0xx_hal_spi.o
 .debug_frame   0x00001d24      0x8d8 ./Drivers/STM32G0xx_HAL_Driver/Src/stm32g0xx_hal_uart.o
 .debug_frame   0x000025fc      0x258 ./Drivers/STM32G0xx_HAL_Driver/Src/stm32g0xx_hal_uart_ex.o
 .debug_frame   0x00002854       0x94 ./Drivers/VL53L8CX_ULD_API/src/Porting.o
 .debug_frame   0x000028e8      0x2e0 ./Drivers/VL53L8CX_ULD_API/src/VL53L8CX_APIs.o
 .debug_frame   0x00002bc8       0xf4 ./Drivers/VL53L8CX_ULD_API/src/platform.o
 .debug_frame   0x00002cbc      0x448 ./Drivers/VL53L8CX_ULD_API/src/vl53l8cx_api.o
 .debug_frame   0x00003104       0x20 C:/ST/STM32CubeIDE_1.16.0/STM32CubeIDE/plugins/com.st.stm32cube.ide.mcu.externaltools.gnu-tools-for-stm32.12.3.rel1.win32_1.0.200.202406191623/tools/bin/../lib/gcc/arm-none-eabi/12.3.1/../../../../arm-none-eabi/lib/thumb/v6-m/nofp\libc_nano.a(libc_a-memset.o)
 .debug_frame   0x00003124       0x2c C:/ST/STM32CubeIDE_1.16.0/STM32CubeIDE/plugins/com.st.stm32cube.ide.mcu.externaltools.gnu-tools-for-stm32.12.3.rel1.win32_1.0.200.202406191623/tools/bin/../lib/gcc/arm-none-eabi/12.3.1/../../../../arm-none-eabi/lib/thumb/v6-m/nofp\libc_nano.a(libc_a-init.o)
 .debug_frame   0x00003150       0x28 C:/ST/STM32CubeIDE_1.16.0/STM32CubeIDE/plugins/com.st.stm32cube.ide.mcu.externaltools.gnu-tools-for-stm32.12.3.rel1.win32_1.0.200.202406191623/tools/bin/../lib/gcc/arm-none-eabi/12.3.1/../../../../arm-none-eabi/lib/thumb/v6-m/nofp\libc_nano.a(libc_a-memcpy-stub.o)
 .debug_frame   0x00003178       0x20 C:/ST/STM32CubeIDE_1.16.0/STM32CubeIDE/plugins/com.st.stm32cube.ide.mcu.externaltools.gnu-tools-for-stm32.12.3.rel1.win32_1.0.200.202406191623/tools/bin/../lib/gcc/arm-none-eabi/12.3.1/thumb/v6-m/nofp\libgcc.a(_udivsi3.o)
 .debug_frame   0x00003198       0x20 C:/ST/STM32CubeIDE_1.16.0/STM32CubeIDE/plugins/com.st.stm32cube.ide.mcu.externaltools.gnu-tools-for-stm32.12.3.rel1.win32_1.0.200.202406191623/tools/bin/../lib/gcc/arm-none-eabi/12.3.1/thumb/v6-m/nofp\libgcc.a(_divsi3.o)
 .debug_frame   0x000031b8       0x3c C:/ST/STM32CubeIDE_1.16.0/STM32CubeIDE/plugins/com.st.stm32cube.ide.mcu.externaltools.gnu-tools-for-stm32.12.3.rel1.win32_1.0.200.202406191623/tools/bin/../lib/gcc/arm-none-eabi/12.3.1/thumb/v6-m/nofp\libgcc.a(_udivmoddi4.o)

.debug_line_str
                0x00000000       0x5f
 .debug_line_str
                0x00000000       0x5f ./Core/Startup/startup_stm32g0b1ceux.o
