Archive member included to satisfy reference by file (symbol)

C:/ST/STM32CubeIDE_1.16.0/STM32CubeIDE/plugins/com.st.stm32cube.ide.mcu.externaltools.gnu-tools-for-stm32.12.3.rel1.win32_1.0.200.202406191623/tools/bin/../lib/gcc/arm-none-eabi/12.3.1/../../../../arm-none-eabi/lib/thumb/v6-m/nofp\libc.a(libc_a-atof.o)
                              BOS\BOS_CLI.o (atof)
C:/ST/STM32CubeIDE_1.16.0/STM32CubeIDE/plugins/com.st.stm32cube.ide.mcu.externaltools.gnu-tools-for-stm32.12.3.rel1.win32_1.0.200.202406191623/tools/bin/../lib/gcc/arm-none-eabi/12.3.1/../../../../arm-none-eabi/lib/thumb/v6-m/nofp\libc.a(libc_a-atoi.o)
                              BOS\BOS_CLI.o (atoi)
C:/ST/STM32CubeIDE_1.16.0/STM32CubeIDE/plugins/com.st.stm32cube.ide.mcu.externaltools.gnu-tools-for-stm32.12.3.rel1.win32_1.0.200.202406191623/tools/bin/../lib/gcc/arm-none-eabi/12.3.1/../../../../arm-none-eabi/lib/thumb/v6-m/nofp\libc.a(libc_a-atol.o)
                              BOS\BOS.o (atol)
C:/ST/STM32CubeIDE_1.16.0/STM32CubeIDE/plugins/com.st.stm32cube.ide.mcu.externaltools.gnu-tools-for-stm32.12.3.rel1.win32_1.0.200.202406191623/tools/bin/../lib/gcc/arm-none-eabi/12.3.1/../../../../arm-none-eabi/lib/thumb/v6-m/nofp\libc.a(libc_a-exit.o)
                              C:/ST/STM32CubeIDE_1.16.0/STM32CubeIDE/plugins/com.st.stm32cube.ide.mcu.externaltools.gnu-tools-for-stm32.12.3.rel1.win32_1.0.200.202406191623/tools/bin/../lib/gcc/arm-none-eabi/12.3.1/../../../../arm-none-eabi/lib/thumb/v6-m/nofp/crt0.o (exit)
C:/ST/STM32CubeIDE_1.16.0/STM32CubeIDE/plugins/com.st.stm32cube.ide.mcu.externaltools.gnu-tools-for-stm32.12.3.rel1.win32_1.0.200.202406191623/tools/bin/../lib/gcc/arm-none-eabi/12.3.1/../../../../arm-none-eabi/lib/thumb/v6-m/nofp\libc.a(libc_a-malloc.o)
                              BOS\BOS.o (malloc)
C:/ST/STM32CubeIDE_1.16.0/STM32CubeIDE/plugins/com.st.stm32cube.ide.mcu.externaltools.gnu-tools-for-stm32.12.3.rel1.win32_1.0.200.202406191623/tools/bin/../lib/gcc/arm-none-eabi/12.3.1/../../../../arm-none-eabi/lib/thumb/v6-m/nofp\libc.a(libc_a-mallocr.o)
                              C:/ST/STM32CubeIDE_1.16.0/STM32CubeIDE/plugins/com.st.stm32cube.ide.mcu.externaltools.gnu-tools-for-stm32.12.3.rel1.win32_1.0.200.202406191623/tools/bin/../lib/gcc/arm-none-eabi/12.3.1/../../../../arm-none-eabi/lib/thumb/v6-m/nofp\libc.a(libc_a-malloc.o) (_malloc_r)
C:/ST/STM32CubeIDE_1.16.0/STM32CubeIDE/plugins/com.st.stm32cube.ide.mcu.externaltools.gnu-tools-for-stm32.12.3.rel1.win32_1.0.200.202406191623/tools/bin/../lib/gcc/arm-none-eabi/12.3.1/../../../../arm-none-eabi/lib/thumb/v6-m/nofp\libc.a(libc_a-mlock.o)
                              C:/ST/STM32CubeIDE_1.16.0/STM32CubeIDE/plugins/com.st.stm32cube.ide.mcu.externaltools.gnu-tools-for-stm32.12.3.rel1.win32_1.0.200.202406191623/tools/bin/../lib/gcc/arm-none-eabi/12.3.1/../../../../arm-none-eabi/lib/thumb/v6-m/nofp\libc.a(libc_a-mallocr.o) (__malloc_lock)
C:/ST/STM32CubeIDE_1.16.0/STM32CubeIDE/plugins/com.st.stm32cube.ide.mcu.externaltools.gnu-tools-for-stm32.12.3.rel1.win32_1.0.200.202406191623/tools/bin/../lib/gcc/arm-none-eabi/12.3.1/../../../../arm-none-eabi/lib/thumb/v6-m/nofp\libc.a(libc_a-rand.o)
                              BOS\BOS_CLIcommands.o (rand)
C:/ST/STM32CubeIDE_1.16.0/STM32CubeIDE/plugins/com.st.stm32cube.ide.mcu.externaltools.gnu-tools-for-stm32.12.3.rel1.win32_1.0.200.202406191623/tools/bin/../lib/gcc/arm-none-eabi/12.3.1/../../../../arm-none-eabi/lib/thumb/v6-m/nofp\libc.a(libc_a-realloc.o)
                              BOS\BOS_CLI.o (realloc)
C:/ST/STM32CubeIDE_1.16.0/STM32CubeIDE/plugins/com.st.stm32cube.ide.mcu.externaltools.gnu-tools-for-stm32.12.3.rel1.win32_1.0.200.202406191623/tools/bin/../lib/gcc/arm-none-eabi/12.3.1/../../../../arm-none-eabi/lib/thumb/v6-m/nofp\libc.a(libc_a-reallocr.o)
                              C:/ST/STM32CubeIDE_1.16.0/STM32CubeIDE/plugins/com.st.stm32cube.ide.mcu.externaltools.gnu-tools-for-stm32.12.3.rel1.win32_1.0.200.202406191623/tools/bin/../lib/gcc/arm-none-eabi/12.3.1/../../../../arm-none-eabi/lib/thumb/v6-m/nofp\libc.a(libc_a-realloc.o) (_realloc_r)
C:/ST/STM32CubeIDE_1.16.0/STM32CubeIDE/plugins/com.st.stm32cube.ide.mcu.externaltools.gnu-tools-for-stm32.12.3.rel1.win32_1.0.200.202406191623/tools/bin/../lib/gcc/arm-none-eabi/12.3.1/../../../../arm-none-eabi/lib/thumb/v6-m/nofp\libc.a(libc_a-strtod.o)
                              C:/ST/STM32CubeIDE_1.16.0/STM32CubeIDE/plugins/com.st.stm32cube.ide.mcu.externaltools.gnu-tools-for-stm32.12.3.rel1.win32_1.0.200.202406191623/tools/bin/../lib/gcc/arm-none-eabi/12.3.1/../../../../arm-none-eabi/lib/thumb/v6-m/nofp\libc.a(libc_a-atof.o) (strtod)
C:/ST/STM32CubeIDE_1.16.0/STM32CubeIDE/plugins/com.st.stm32cube.ide.mcu.externaltools.gnu-tools-for-stm32.12.3.rel1.win32_1.0.200.202406191623/tools/bin/../lib/gcc/arm-none-eabi/12.3.1/../../../../arm-none-eabi/lib/thumb/v6-m/nofp\libc.a(libc_a-strtol.o)
[...]
Memory Configuration

Name             Origin             Length             Attributes
RAM              0x20000000         0x00024000         xrw
FLASH            0x08000000         0x00080000         xr
*default*        0x00000000         0xffffffff

Linker script and memory map

LOAD C:/ST/STM32CubeIDE_1.16.0/STM32CubeIDE/plugins/com.st.stm32cube.ide.mcu.externaltools.gnu-tools-for-stm32.12.3.rel1.win32_1.0.200.202406191623/tools/bin/../lib/gcc/arm-none-eabi/12.3.1/thumb/v6-m/nofp/crti.o
LOAD C:/ST/STM32CubeIDE_1.16.0/STM32CubeIDE/plugins/com.st.stm32cube.ide.mcu.externaltools.gnu-tools-for-stm32.12.3.rel1.win32_1.0.200.202406191623/tools/bin/../lib/gcc/arm-none-eabi/12.3.1/thumb/v6-m/nofp/crtbegin.o
LOAD C:/ST/STM32CubeIDE_1.16.0/STM32CubeIDE/plugins/com.st.stm32cube.ide.mcu.externaltools.gnu-tools-for-stm32.12.3.rel1.win32_1.0.200.202406191623/tools/bin/../lib/gcc/arm-none-eabi/12.3.1/../../../../arm-none-eabi/lib/thumb/v6-m/nofp/crt0.o
LOAD BOS\BOS.o
LOAD BOS\BOS_CLI.o
LOAD BOS\BOS_CLIcommands.o
LOAD BOS\BOS_dma.o
LOAD BOS\BOS_freertos.o
LOAD BOS\BOS_messaging.o
LOAD BOS\BOS_msgparser.o
LOAD H08R6\H08R6.o
LOAD H08R6\H08R6_dma.o
LOAD H08R6\H08R6_eeprom.o
LOAD H08R6\H08R6_gpio.o
LOAD H08R6\H08R6_inputs.o
LOAD H08R6\H08R6_it.o
LOAD H08R6\H08R6_rtc.o
LOAD H08R6\H08R6_spi.o
LOAD H08R6\H08R6_timers.o
LOAD H08R6\H08R6_uart.o
LOAD H08R6\startup_stm32g0b1ceuxn.o
LOAD Thirdparty\CMSIS\STM32G0xx\Device\ST\STM32G0xx\Source\Templates\system_stm32g0xx.o
LOAD Thirdparty\Middleware\STM32G0xx\FreeRTOS\Source\CMSIS_RTOS\cmsis_os.o
LOAD Thirdparty\Middleware\STM32G0xx\FreeRTOS\Source\FreeRTOS_CLI.o
LOAD Thirdparty\Middleware\STM32G0xx\FreeRTOS\Source\croutine.o
LOAD Thirdparty\Middleware\STM32G0xx\FreeRTOS\Source\event_groups.o
LOAD Thirdparty\Middleware\STM32G0xx\FreeRTOS\Source\list.o
LOAD Thirdparty\Middleware\STM32G0xx\FreeRTOS\Source\portable\GCC\ARM_CM0\port.o
LOAD Thirdparty\Middleware\STM32G0xx\FreeRTOS\Source\portable\MemMang\heap_4.o
LOAD Thirdparty\Middleware\STM32G0xx\FreeRTOS\Source\queue.o
LOAD Thirdparty\Middleware\STM32G0xx\FreeRTOS\Source\stream_buffer.o
LOAD Thirdparty\Middleware\STM32G0xx\FreeRTOS\Source\tasks.o
LOAD Thirdparty\Middleware\STM32G0xx\FreeRTOS\Source\timers.o
LOAD Thirdparty\STM32G0xx_HAL_Driver\Src\stm32g0xx_hal.o
LOAD Thirdparty\STM32G0xx_HAL_Driver\Src\stm32g0xx_hal_adc.o
LOAD Thirdparty\STM32G0xx_HAL_Driver\Src\stm32g0xx_hal_adc_ex.o
LOAD Thirdparty\STM32G0xx_HAL_Driver\Src\stm32g0xx_hal_cec.o
LOAD Thirdparty\STM32G0xx_HAL_Driver\Src\stm32g0xx_hal_comp.o
LOAD Thirdparty\STM32G0xx_HAL_Driver\Src\stm32g0xx_hal_cortex.o
LOAD Thirdparty\STM32G0xx_HAL_Driver\Src\stm32g0xx_hal_crc.o
LOAD Thirdparty\STM32G0xx_HAL_Driver\Src\stm32g0xx_hal_crc_ex.o
LOAD Thirdparty\STM32G0xx_HAL_Driver\Src\stm32g0xx_hal_cryp.o
LOAD Thirdparty\STM32G0xx_HAL_Driver\Src\stm32g0xx_hal_cryp_ex.o
LOAD Thirdparty\STM32G0xx_HAL_Driver\Src\stm32g0xx_hal_dac.o
LOAD Thirdparty\STM32G0xx_HAL_Driver\Src\stm32g0xx_hal_dac_ex.o
LOAD Thirdparty\STM32G0xx_HAL_Driver\Src\stm32g0xx_hal_dma.o
LOAD Thirdparty\STM32G0xx_HAL_Driver\Src\stm32g0xx_hal_dma_ex.o
LOAD Thirdparty\STM32G0xx_HAL_Driver\Src\stm32g0xx_hal_exti.o
LOAD Thirdparty\STM32G0xx_HAL_Driver\Src\stm32g0xx_hal_fdcan.o
LOAD Thirdparty\STM32G0xx_HAL_Driver\Src\stm32g0xx_hal_flash.o
LOAD Thirdparty\STM32G0xx_HAL_Driver\Src\stm32g0xx_hal_flash_ex.o
LOAD Thirdparty\STM32G0xx_HAL_Driver\Src\stm32g0xx_hal_gpio.o
LOAD Thirdparty\STM32G0xx_HAL_Driver\Src\stm32g0xx_hal_hcd.o
LOAD Thirdparty\STM32G0xx_HAL_Driver\Src\stm32g0xx_hal_i2c.o
LOAD Thirdparty\STM32G0xx_HAL_Driver\Src\stm32g0xx_hal_i2c_ex.o
LOAD Thirdparty\STM32G0xx_HAL_Driver\Src\stm32g0xx_hal_i2s.o
LOAD Thirdparty\STM32G0xx_HAL_Driver\Src\stm32g0xx_hal_irda.o
LOAD Thirdparty\STM32G0xx_HAL_Driver\Src\stm32g0xx_hal_iwdg.o
LOAD Thirdparty\STM32G0xx_HAL_Driver\Src\stm32g0xx_hal_lptim.o
LOAD Thirdparty\STM32G0xx_HAL_Driver\Src\stm32g0xx_hal_msp_template.o
LOAD Thirdparty\STM32G0xx_HAL_Driver\Src\stm32g0xx_hal_pcd.o
LOAD Thirdparty\STM32G0xx_HAL_Driver\Src\stm32g0xx_hal_pcd_ex.o
LOAD Thirdparty\STM32G0xx_HAL_Driver\Src\stm32g0xx_hal_pwr.o
LOAD Thirdparty\STM32G0xx_HAL_Driver\Src\stm32g0xx_hal_pwr_ex.o
LOAD Thirdparty\STM32G0xx_HAL_Driver\Src\stm32g0xx_hal_rcc.o
LOAD Thirdparty\STM32G0xx_HAL_Driver\Src\stm32g0xx_hal_rcc_ex.o
LOAD Thirdparty\STM32G0xx_HAL_Driver\Src\stm32g0xx_hal_rng.o
LOAD Thirdparty\STM32G0xx_HAL_Driver\Src\stm32g0xx_hal_rtc.o
LOAD Thirdparty\STM32G0xx_HAL_Driver\Src\stm32g0xx_hal_rtc_ex.o
LOAD Thirdparty\STM32G0xx_HAL_Driver\Src\stm32g0xx_hal_smartcard.o
LOAD Thirdparty\STM32G0xx_HAL_Driver\Src\stm32g0xx_hal_smartcard_ex.o
LOAD Thirdparty\STM32G0xx_HAL_Driver\Src\stm32g0xx_hal_smbus.o
LOAD Thirdparty\STM32G0xx_HAL_Driver\Src\stm32g0xx_hal_smbus_ex.o
LOAD Thirdparty\STM32G0xx_HAL_Driver\Src\stm32g0xx_hal_spi.o
LOAD Thirdparty\STM32G0xx_HAL_Driver\Src\stm32g0xx_hal_spi_ex.o
LOAD Thirdparty\STM32G0xx_HAL_Driver\Src\stm32g0xx_hal_tim.o
LOAD Thirdparty\STM32G0xx_HAL_Driver\Src\stm32g0xx_hal_tim_ex.o
LOAD Thirdparty\STM32G0xx_HAL_Driver\Src\stm32g0xx_hal_uart.o
LOAD Thirdparty\STM32G0xx_HAL_Driver\Src\stm32g0xx_hal_uart_ex.o
LOAD Thirdparty\STM32G0xx_HAL_Driver\Src\stm32g0xx_hal_usart.o
LOAD Thirdparty\STM32G0xx_HAL_Driver\Src\stm32g0xx_hal_usart_ex.o
LOAD Thirdparty\STM32G0xx_HAL_Driver\Src\stm32g0xx_hal_wwdg.o
LOAD Thirdparty\STM32G0xx_HAL_Driver\Src\stm32g0xx_ll_adc.o
LOAD Thirdparty\STM32G0xx_HAL_Driver\Src\stm32g0xx_ll_comp.o
LOAD Thirdparty\STM32G0xx_HAL_Driver\Src\stm32g0xx_ll_crc.o
LOAD Thirdparty\STM32G0xx_HAL_Driver\Src\stm32g0xx_ll_crs.o
LOAD Thirdparty\STM32G0xx_HAL_Driver\Src\stm32g0xx_ll_dac.o
LOAD Thirdparty\STM32G0xx_HAL_Driver\Src\stm32g0xx_ll_dma.o
LOAD Thirdparty\STM32G0xx_HAL_Driver\Src\stm32g0xx_ll_exti.o
LOAD Thirdparty\STM32G0xx_HAL_Driver\Src\stm32g0xx_ll_gpio.o
LOAD Thirdparty\STM32G0xx_HAL_Driver\Src\stm32g0xx_ll_i2c.o
LOAD Thirdparty\STM32G0xx_HAL_Driver\Src\stm32g0xx_ll_lptim.o
LOAD Thirdparty\STM32G0xx_HAL_Driver\Src\stm32g0xx_ll_lpuart.o
LOAD Thirdparty\STM32G0xx_HAL_Driver\Src\stm32g0xx_ll_pwr.o
LOAD Thirdparty\STM32G0xx_HAL_Driver\Src\stm32g0xx_ll_rcc.o
LOAD Thirdparty\STM32G0xx_HAL_Driver\Src\stm32g0xx_ll_rng.o
LOAD Thirdparty\STM32G0xx_HAL_Driver\Src\stm32g0xx_ll_rtc.o
LOAD Thirdparty\STM32G0xx_HAL_Driver\Src\stm32g0xx_ll_spi.o
LOAD Thirdparty\STM32G0xx_HAL_Driver\Src\stm32g0xx_ll_tim.o
LOAD Thirdparty\STM32G0xx_HAL_Driver\Src\stm32g0xx_ll_ucpd.o
LOAD Thirdparty\STM32G0xx_HAL_Driver\Src\stm32g0xx_ll_usart.o
LOAD Thirdparty\STM32G0xx_HAL_Driver\Src\stm32g0xx_ll_usb.o
LOAD Thirdparty\STM32G0xx_HAL_Driver\Src\stm32g0xx_ll_utils.o
LOAD User\main.o
LOAD VL53L8CX_ULD_API\VL53L8CX_APIs.o
LOAD VL53L8CX_ULD_API\src\Porting.o
LOAD VL53L8CX_ULD_API\src\platform.o
LOAD VL53L8CX_ULD_API\src\vl53l8cx_api.o
LOAD VL53L8CX_ULD_API\src\vl53l8cx_plugin_detection_thresholds.o
LOAD VL53L8CX_ULD_API\src\vl53l8cx_plugin_motion_indicator.o
LOAD VL53L8CX_ULD_API\src\vl53l8cx_plugin_xtalk.o
START GROUP
LOAD C:/ST/STM32CubeIDE_1.16.0/STM32CubeIDE/plugins/com.st.stm32cube.ide.mcu.externaltools.gnu-tools-for-stm32.12.3.rel1.win32_1.0.200.202406191623/tools/bin/../lib/gcc/arm-none-eabi/12.3.1/../../../../arm-none-eabi/lib/thumb/v6-m/nofp\libc.a
LOAD C:/ST/STM32CubeIDE_1.16.0/STM32CubeIDE/plugins/com.st.stm32cube.ide.mcu.externaltools.gnu-tools-for-stm32.12.3.rel1.win32_1.0.200.202406191623/tools/bin/../lib/gcc/arm-none-eabi/12.3.1/../../../../arm-none-eabi/lib/thumb/v6-m/nofp\libm.a
END GROUP
START GROUP
LOAD C:/ST/STM32CubeIDE_1.16.0/STM32CubeIDE/plugins/com.st.stm32cube.ide.mcu.externaltools.gnu-tools-for-stm32.12.3.rel1.win32_1.0.200.202406191623/tools/bin/../lib/gcc/arm-none-eabi/12.3.1/thumb/v6-m/nofp\libgcc.a
LOAD C:/ST/STM32CubeIDE_1.16.0/STM32CubeIDE/plugins/com.st.stm32cube.ide.mcu.externaltools.gnu-tools-for-stm32.12.3.rel1.win32_1.0.200.202406191623/tools/bin/../lib/gcc/arm-none-eabi/12.3.1/../../../../arm-none-eabi/lib/thumb/v6-m/nofp\libc.a
END GROUP
START GROUP
LOAD C:/ST/STM32CubeIDE_1.16.0/STM32CubeIDE/plugins/com.st.stm32cube.ide.mcu.externaltools.gnu-tools-for-stm32.12.3.rel1.win32_1.0.200.202406191623/tools/bin/../lib/gcc/arm-none-eabi/12.3.1/thumb/v6-m/nofp\libgcc.a
LOAD C:/ST/STM32CubeIDE_1.16.0/STM32CubeIDE/plugins/com.st.stm32cube.ide.mcu.externaltools.gnu-tools-for-stm32.12.3.rel1.win32_1.0.200.202406191623/tools/bin/../lib/gcc/arm-none-eabi/12.3.1/../../../../arm-none-eabi/lib/thumb/v6-m/nofp\libc.a
LOAD C:/ST/STM32CubeIDE_1.16.0/STM32CubeIDE/plugins/com.st.stm32cube.ide.mcu.externaltools.gnu-tools-for-stm32.12.3.rel1.win32_1.0.200.202406191623/tools/bin/../lib/gcc/arm-none-eabi/12.3.1/../../../../arm-none-eabi/lib/thumb/v6-m/nofp\libnosys.a
END GROUP
LOAD C:/ST/STM32CubeIDE_1.16.0/STM32CubeIDE/plugins/com.st.stm32cube.ide.mcu.externaltools.gnu-tools-for-stm32.12.3.rel1.win32_1.0.200.202406191623/tools/bin/../lib/gcc/arm-none-eabi/12.3.1/thumb/v6-m/nofp/crtend.o
LOAD C:/ST/STM32CubeIDE_1.16.0/STM32CubeIDE/plugins/com.st.stm32cube.ide.mcu.externaltools.gnu-tools-for-stm32.12.3.rel1.win32_1.0.200.202406191623/tools/bin/../lib/gcc/arm-none-eabi/12.3.1/thumb/v6-m/nofp/crtn.o
                0x20024000                        _estack = (ORIGIN (RAM) + LENGTH (RAM))
                0x00000200                        _Min_Heap_Size = 0x200
                0x00000400                        _Min_Stack_Size = 0x400

.isr_vector     0x08000000       0xbc
                0x08000000                        . = ALIGN (0x4)
 *(.isr_vector)
 .isr_vector    0x08000000       0xbc H08R6\startup_stm32g0b1ceuxn.o
                0x08000000                g_pfnVectors
                0x080000bc                        . = ALIGN (0x4)

.text           0x080000c0    0x2c5e8
                0x080000c0                        . = ALIGN (0x4)
 *(.text)
 .text          0x080000c0       0x48 C:/ST/STM32CubeIDE_1.16.0/STM32CubeIDE/plugins/com.st.stm32cube.ide.mcu.externaltools.gnu-tools-for-stm32.12.3.rel1.win32_1.0.200.202406191623/tools/bin/../lib/gcc/arm-none-eabi/12.3.1/thumb/v6-m/nofp/crtbegin.o
 .text          0x08000108       0x14 C:/ST/STM32CubeIDE_1.16.0/STM32CubeIDE/plugins/com.st.stm32cube.ide.mcu.externaltools.gnu-tools-for-stm32.12.3.rel1.win32_1.0.200.202406191623/tools/bin/../lib/gcc/arm-none-eabi/12.3.1/../../../../arm-none-eabi/lib/thumb/v6-m/nofp\libc.a(libc_a-strcmp.o)
                0x08000108                strcmp
 .text          0x0800011c        0xe C:/ST/STM32CubeIDE_1.16.0/STM32CubeIDE/plugins/com.st.stm32cube.ide.mcu.externaltools.gnu-tools-for-stm32.12.3.rel1.win32_1.0.200.202406191623/tools/bin/../lib/gcc/arm-none-eabi/12.3.1/../../../../arm-none-eabi/lib/thumb/v6-m/nofp\libc.a(libc_a-strlen.o)
                0x0800011c                strlen
 *fill*         0x0800012a        0x2 
 .text          0x0800012c       0x14 C:/ST/STM32CubeIDE_1.16.0/STM32CubeIDE/plugins/com.st.stm32cube.ide.mcu.externaltools.gnu-tools-for-stm32.12.3.rel1.win32_1.0.200.202406191623/tools/bin/../lib/gcc/arm-none-eabi/12.3.1/thumb/v6-m/nofp\libgcc.a(_thumb1_case_uqi.o)
                0x0800012c                __gnu_thumb1_case_uqi
 .text          0x08000140       0x14 C:/ST/STM32CubeIDE_1.16.0/STM32CubeIDE/plugins/com.st.stm32cube.ide.mcu.externaltools.gnu-tools-for-stm32.12.3.rel1.win32_1.0.200.202406191623/tools/bin/../lib/gcc/arm-none-eabi/12.3.1/thumb/v6-m/nofp\libgcc.a(_thumb1_case_uhi.o)
                0x08000140                __gnu_thumb1_case_uhi
 .text          0x08000154      0x114 C:/ST/STM32CubeIDE_1.16.0/STM32CubeIDE/plugins/com.st.stm32cube.ide.mcu.externaltools.gnu-tools-for-stm32.12.3.rel1.win32_1.0.200.202406191623/tools/bin/../lib/gcc/arm-none-eabi/12.3.1/thumb/v6-m/nofp\libgcc.a(_udivsi3.o)
                0x08000154                __aeabi_uidiv
                0x08000154                __udivsi3
                0x08000260                __aeabi_uidivmod
 .text          0x08000268      0x1d4 C:/ST/STM32CubeIDE_1.16.0/STM32CubeIDE/plugins/com.st.stm32cube.ide.mcu.externaltools.gnu-tools-for-stm32.12.3.rel1.win32_1.0.200.202406191623/tools/bin/../lib/gcc/arm-none-eabi/12.3.1/thumb/v6-m/nofp\libgcc.a(_divsi3.o)
                0x08000268                __divsi3
                0x08000268                __aeabi_idiv
                0x08000434                __aeabi_idivmod
 .text          0x0800043c        0x4 C:/ST/STM32CubeIDE_1.16.0/STM32CubeIDE/plugins/com.st.stm32cube.ide.mcu.externaltools.gnu-tools-for-stm32.12.3.rel1.win32_1.0.200.202406191623/tools/bin/../lib/gcc/arm-none-eabi/12.3.1/thumb/v6-m/nofp\libgcc.a(_dvmd_tls.o)
                0x0800043c                __aeabi_idiv0
                0x0800043c                __aeabi_ldiv0
 .text          0x08000440       0x7c C:/ST/STM32CubeIDE_1.16.0/STM32CubeIDE/plugins/com.st.stm32cube.ide.mcu.externaltools.gnu-tools-for-stm32.12.3.rel1.win32_1.0.200.202406191623/tools/bin/../lib/gcc/arm-none-eabi/12.3.1/thumb/v6-m/nofp\libgcc.a(_arm_cmpdf2.o)
                0x08000440                __aeabi_cdrcmple
                0x08000450                __aeabi_cdcmple
                0x08000450                __aeabi_cdcmpeq
                0x08000460                __aeabi_dcmpeq
                0x0800046c                __aeabi_dcmplt
                0x08000480                __aeabi_dcmple
                0x08000494                __aeabi_dcmpgt
                0x080004a8                __aeabi_dcmpge
 .text          0x080004bc       0x74 C:/ST/STM32CubeIDE_1.16.0/STM32CubeIDE/plugins/com.st.stm32cube.ide.mcu.externaltools.gnu-tools-for-stm32.12.3.rel1.win32_1.0.200.202406191623/tools/bin/../lib/gcc/arm-none-eabi/12.3.1/thumb/v6-m/nofp\libgcc.a(_arm_cmpsf2.o)
                0x080004bc                __aeabi_cfrcmple
                0x080004c4                __aeabi_cfcmpeq
                0x080004c4                __aeabi_cfcmple
                0x080004d4                __aeabi_fcmpeq
                0x080004e0                __aeabi_fcmplt
                0x080004f4                __aeabi_fcmple
                0x08000508                __aeabi_fcmpgt
                0x0800051c                __aeabi_fcmpge
 .text          0x08000530       0x14 C:/ST/STM32CubeIDE_1.16.0/STM32CubeIDE/plugins/com.st.stm32cube.ide.mcu.externaltools.gnu-tools-for-stm32.12.3.rel1.win32_1.0.200.202406191623/tools/bin/../lib/gcc/arm-none-eabi/12.3.1/thumb/v6-m/nofp\libgcc.a(_aeabi_ulcmp.o)
                0x08000530                __aeabi_ulcmp
 .text          0x08000544       0x40 C:/ST/STM32CubeIDE_1.16.0/STM32CubeIDE/plugins/com.st.stm32cube.ide.mcu.externaltools.gnu-tools-for-stm32.12.3.rel1.win32_1.0.200.202406191623/tools/bin/../lib/gcc/arm-none-eabi/12.3.1/thumb/v6-m/nofp\libgcc.a(_aeabi_uldivmod.o)
                0x08000544                __aeabi_uldivmod
 .text          0x08000584       0x5c C:/ST/STM32CubeIDE_1.16.0/STM32CubeIDE/plugins/com.st.stm32cube.ide.mcu.externaltools.gnu-tools-for-stm32.12.3.rel1.win32_1.0.200.202406191623/tools/bin/../lib/gcc/arm-none-eabi/12.3.1/thumb/v6-m/nofp\libgcc.a(_muldi3.o)
                0x08000584                __muldi3
                0x08000584                __aeabi_lmul
 .text          0x080005e0       0x30 C:/ST/STM32CubeIDE_1.16.0/STM32CubeIDE/plugins/com.st.stm32cube.ide.mcu.externaltools.gnu-tools-for-stm32.12.3.rel1.win32_1.0.200.202406191623/tools/bin/../lib/gcc/arm-none-eabi/12.3.1/thumb/v6-m/nofp\libgcc.a(_fixunssfsi.o)
                0x080005e0                __fixunssfsi
                0x080005e0                __aeabi_f2uiz
 .text          0x08000610       0x3c C:/ST/STM32CubeIDE_1.16.0/STM32CubeIDE/plugins/com.st.stm32cube.ide.mcu.externaltools.gnu-tools-for-stm32.12.3.rel1.win32_1.0.200.202406191623/tools/bin/../lib/gcc/arm-none-eabi/12.3.1/thumb/v6-m/nofp\libgcc.a(_fixunsdfsi.o)
                0x08000610                __aeabi_d2uiz
                0x08000610                __fixunsdfsi
 .text          0x0800064c       0x38 C:/ST/STM32CubeIDE_1.16.0/STM32CubeIDE/plugins/com.st.stm32cube.ide.mcu.externaltools.gnu-tools-for-stm32.12.3.rel1.win32_1.0.200.202406191623/tools/bin/../lib/gcc/arm-none-eabi/12.3.1/thumb/v6-m/nofp\libgcc.a(_fixdfdi.o)
                0x0800064c                __fixdfdi
                0x0800064c                __aeabi_d2lz
 .text          0x08000684       0x3c C:/ST/STM32CubeIDE_1.16.0/STM32CubeIDE/plugins/com.st.stm32cube.ide.mcu.externaltools.gnu-tools-for-stm32.12.3.rel1.win32_1.0.200.202406191623/tools/bin/../lib/gcc/arm-none-eabi/12.3.1/thumb/v6-m/nofp\libgcc.a(_fixunsdfdi.o)
                0x08000684                __fixunsdfdi
                0x08000684                __aeabi_d2ulz
 .text          0x080006c0       0x2c C:/ST/STM32CubeIDE_1.16.0/STM32CubeIDE/plugins/com.st.stm32cube.ide.mcu.externaltools.gnu-tools-for-stm32.12.3.rel1.win32_1.0.200.202406191623/tools/bin/../lib/gcc/arm-none-eabi/12.3.1/thumb/v6-m/nofp\libgcc.a(_floatdidf.o)
                0x080006c0                __aeabi_l2d
                0x080006c0                __floatdidf
 .text          0x080006ec      0x198 C:/ST/STM32CubeIDE_1.16.0/STM32CubeIDE/plugins/com.st.stm32cube.ide.mcu.externaltools.gnu-tools-for-stm32.12.3.rel1.win32_1.0.200.202406191623/tools/bin/../lib/gcc/arm-none-eabi/12.3.1/thumb/v6-m/nofp\libgcc.a(_udivmoddi4.o)
                0x080006ec                __udivmoddi4
 .text          0x08000884       0x50 C:/ST/STM32CubeIDE_1.16.0/STM32CubeIDE/plugins/com.st.stm32cube.ide.mcu.externaltools.gnu-tools-for-stm32.12.3.rel1.win32_1.0.200.202406191623/tools/bin/../lib/gcc/arm-none-eabi/12.3.1/thumb/v6-m/nofp\libgcc.a(eqsf2.o)
                0x08000884                __eqsf2
                0x08000884                __nesf2
 .text          0x080008d4       0xa0 C:/ST/STM32CubeIDE_1.16.0/STM32CubeIDE/plugins/com.st.stm32cube.ide.mcu.externaltools.gnu-tools-for-stm32.12.3.rel1.win32_1.0.200.202406191623/tools/bin/../lib/gcc/arm-none-eabi/12.3.1/thumb/v6-m/nofp\libgcc.a(gesf2.o)
                0x080008d4                __gesf2
                0x080008d4                __gtsf2
 .text          0x08000974       0x9c C:/ST/STM32CubeIDE_1.16.0/STM32CubeIDE/plugins/com.st.stm32cube.ide.mcu.externaltools.gnu-tools-for-stm32.12.3.rel1.win32_1.0.200.202406191623/tools/bin/../lib/gcc/arm-none-eabi/12.3.1/thumb/v6-m/nofp\libgcc.a(lesf2.o)
                0x08000974                __ltsf2
                0x08000974                __lesf2
 .text          0x08000a10      0x27c C:/ST/STM32CubeIDE_1.16.0/STM32CubeIDE/plugins/com.st.stm32cube.ide.mcu.externaltools.gnu-tools-for-stm32.12.3.rel1.win32_1.0.200.202406191623/tools/bin/../lib/gcc/arm-none-eabi/12.3.1/thumb/v6-m/nofp\libgcc.a(mulsf3.o)
                0x08000a10                __aeabi_fmul
 .text          0x08000c8c      0x348 C:/ST/STM32CubeIDE_1.16.0/STM32CubeIDE/plugins/com.st.stm32cube.ide.mcu.externaltools.gnu-tools-for-stm32.12.3.rel1.win32_1.0.200.202406191623/tools/bin/../lib/gcc/arm-none-eabi/12.3.1/thumb/v6-m/nofp\libgcc.a(subsf3.o)
                0x08000c8c                __aeabi_fsub
 .text          0x08000fd4       0x40 C:/ST/STM32CubeIDE_1.16.0/STM32CubeIDE/plugins/com.st.stm32cube.ide.mcu.externaltools.gnu-tools-for-stm32.12.3.rel1.win32_1.0.200.202406191623/tools/bin/../lib/gcc/arm-none-eabi/12.3.1/thumb/v6-m/nofp\libgcc.a(fixsfsi.o)
                0x08000fd4                __aeabi_f2iz
 .text          0x08001014       0x84 C:/ST/STM32CubeIDE_1.16.0/STM32CubeIDE/plugins/com.st.stm32cube.ide.mcu.externaltools.gnu-tools-for-stm32.12.3.rel1.win32_1.0.200.202406191623/tools/bin/../lib/gcc/arm-none-eabi/12.3.1/thumb/v6-m/nofp\libgcc.a(floatunsisf.o)
                0x08001014                __aeabi_ui2f
 .text          0x08001098      0x6c8 C:/ST/STM32CubeIDE_1.16.0/STM32CubeIDE/plugins/com.st.stm32cube.ide.mcu.externaltools.gnu-tools-for-stm32.12.3.rel1.win32_1.0.200.202406191623/tools/bin/../lib/gcc/arm-none-eabi/12.3.1/thumb/v6-m/nofp\libgcc.a(adddf3.o)
                0x08001098                __aeabi_dadd
 .text          0x08001760      0x634 C:/ST/STM32CubeIDE_1.16.0/STM32CubeIDE/plugins/com.st.stm32cube.ide.mcu.externaltools.gnu-tools-for-stm32.12.3.rel1.win32_1.0.200.202406191623/tools/bin/../lib/gcc/arm-none-eabi/12.3.1/thumb/v6-m/nofp\libgcc.a(divdf3.o)
                0x08001760                __aeabi_ddiv
 .text          0x08001d94       0x88 C:/ST/STM32CubeIDE_1.16.0/STM32CubeIDE/plugins/com.st.stm32cube.ide.mcu.externaltools.gnu-tools-for-stm32.12.3.rel1.win32_1.0.200.202406191623/tools/bin/../lib/gcc/arm-none-eabi/12.3.1/thumb/v6-m/nofp\libgcc.a(eqdf2.o)
                0x08001d94                __nedf2
                0x08001d94                __eqdf2
 .text          0x08001e1c       0xe8 C:/ST/STM32CubeIDE_1.16.0/STM32CubeIDE/plugins/com.st.stm32cube.ide.mcu.externaltools.gnu-tools-for-stm32.12.3.rel1.win32_1.0.200.202406191623/tools/bin/../lib/gcc/arm-none-eabi/12.3.1/thumb/v6-m/nofp\libgcc.a(gedf2.o)
                0x08001e1c                __gedf2
                0x08001e1c                __gtdf2
 .text          0x08001f04       0xe4 C:/ST/STM32CubeIDE_1.16.0/STM32CubeIDE/plugins/com.st.stm32cube.ide.mcu.externaltools.gnu-tools-for-stm32.12.3.rel1.win32_1.0.200.202406191623/tools/bin/../lib/gcc/arm-none-eabi/12.3.1/thumb/v6-m/nofp\libgcc.a(ledf2.o)
                0x08001f04                __ledf2
                0x08001f04                __ltdf2
 .text          0x08001fe8      0x590 C:/ST/STM32CubeIDE_1.16.0/STM32CubeIDE/plugins/com.st.stm32cube.ide.mcu.externaltools.gnu-tools-for-stm32.12.3.rel1.win32_1.0.200.202406191623/tools/bin/../lib/gcc/arm-none-eabi/12.3.1/thumb/v6-m/nofp\libgcc.a(muldf3.o)
                0x08001fe8                __aeabi_dmul
 .text          0x08002578      0x738 C:/ST/STM32CubeIDE_1.16.0/STM32CubeIDE/plugins/com.st.stm32cube.ide.mcu.externaltools.gnu-tools-for-stm32.12.3.rel1.win32_1.0.200.202406191623/tools/bin/../lib/gcc/arm-none-eabi/12.3.1/thumb/v6-m/nofp\libgcc.a(subdf3.o)
                0x08002578                __aeabi_dsub
 .text          0x08002cb0       0x44 C:/ST/STM32CubeIDE_1.16.0/STM32CubeIDE/plugins/com.st.stm32cube.ide.mcu.externaltools.gnu-tools-for-stm32.12.3.rel1.win32_1.0.200.202406191623/tools/bin/../lib/gcc/arm-none-eabi/12.3.1/thumb/v6-m/nofp\libgcc.a(unorddf2.o)
                0x08002cb0                __aeabi_dcmpun
 .text          0x08002cf4       0x78 C:/ST/STM32CubeIDE_1.16.0/STM32CubeIDE/plugins/com.st.stm32cube.ide.mcu.externaltools.gnu-tools-for-stm32.12.3.rel1.win32_1.0.200.202406191623/tools/bin/../lib/gcc/arm-none-eabi/12.3.1/thumb/v6-m/nofp\libgcc.a(fixdfsi.o)
                0x08002cf4                __aeabi_d2iz
 .text          0x08002d6c       0x5c C:/ST/STM32CubeIDE_1.16.0/STM32CubeIDE/plugins/com.st.stm32cube.ide.mcu.externaltools.gnu-tools-for-stm32.12.3.rel1.win32_1.0.200.202406191623/tools/bin/../lib/gcc/arm-none-eabi/12.3.1/thumb/v6-m/nofp\libgcc.a(floatsidf.o)
                0x08002d6c                __aeabi_i2d
 .text          0x08002dc8       0x48 C:/ST/STM32CubeIDE_1.16.0/STM32CubeIDE/plugins/com.st.stm32cube.ide.mcu.externaltools.gnu-tools-for-stm32.12.3.rel1.win32_1.0.200.202406191623/tools/bin/../lib/gcc/arm-none-eabi/12.3.1/thumb/v6-m/nofp\libgcc.a(floatunsidf.o)
                0x08002dc8                __aeabi_ui2d
 .text          0x08002e10       0x90 C:/ST/STM32CubeIDE_1.16.0/STM32CubeIDE/plugins/com.st.stm32cube.ide.mcu.externaltools.gnu-tools-for-stm32.12.3.rel1.win32_1.0.200.202406191623/tools/bin/../lib/gcc/arm-none-eabi/12.3.1/thumb/v6-m/nofp\libgcc.a(extendsfdf2.o)
                0x08002e10                __aeabi_f2d
 .text          0x08002ea0      0x108 C:/ST/STM32CubeIDE_1.16.0/STM32CubeIDE/plugins/com.st.stm32cube.ide.mcu.externaltools.gnu-tools-for-stm32.12.3.rel1.win32_1.0.200.202406191623/tools/bin/../lib/gcc/arm-none-eabi/12.3.1/thumb/v6-m/nofp\libgcc.a(truncdfsf2.o)
                0x08002ea0                __aeabi_d2f
 .text          0x08002fa8       0x3c C:/ST/STM32CubeIDE_1.16.0/STM32CubeIDE/plugins/com.st.stm32cube.ide.mcu.externaltools.gnu-tools-for-stm32.12.3.rel1.win32_1.0.200.202406191623/tools/bin/../lib/gcc/arm-none-eabi/12.3.1/thumb/v6-m/nofp\libgcc.a(_clzsi2.o)
                0x08002fa8                __clzsi2
 .text          0x08002fe4       0x18 C:/ST/STM32CubeIDE_1.16.0/STM32CubeIDE/plugins/com.st.stm32cube.ide.mcu.externaltools.gnu-tools-for-stm32.12.3.rel1.win32_1.0.200.202406191623/tools/bin/../lib/gcc/arm-none-eabi/12.3.1/thumb/v6-m/nofp\libgcc.a(_clzdi2.o)
                0x08002fe4                __clzdi2
 *(.text*)
 .text.__NVIC_SystemReset
                0x08002ffc       0x24 BOS\BOS.o
 .text.Processor_type
                0x08003020       0x6a BOS\BOS.o
                0x08003020                Processor_type
 *fill*         0x0800308a        0x2 
 .text.Get_Module_Name
                0x0800308c       0x2c BOS\BOS.o
                0x0800308c                Get_Module_Name
 .text.Send_BOS_Message
                0x080030b8       0xfc BOS\BOS.o
                0x080030b8                Send_BOS_Message
 .text.LoadEEvars
                0x080031b4       0x26 BOS\BOS.o
                0x080031b4                LoadEEvars
 *fill*         0x080031da        0x2 
 .text.LoadEEportsDir
                0x080031dc       0x68 BOS\BOS.o
                0x080031dc                LoadEEportsDir
 .text.LoadEEalias
                0x08003244       0xd8 BOS\BOS.o
                0x08003244                LoadEEalias
 .text.LoadEEgroup
                0x0800331c      0x120 BOS\BOS.o
                0x0800331c                LoadEEgroup
 .text.LoadEEstreams
                0x0800343c      0x21c BOS\BOS.o
                0x0800343c                LoadEEstreams
 .text.LoadEEparams
                0x08003658      0x260 BOS\BOS.o
                0x08003658                LoadEEparams
 .text.LoadEEbuttons
                0x080038b8      0x2ec BOS\BOS.o
                0x080038b8                LoadEEbuttons
 .text.LoadROsnippets
                0x08003ba4      0x1d8 BOS\BOS.o
                0x08003ba4                LoadROsnippets
 .text.SaveEEportsDir
                0x08003d7c       0x78 BOS\BOS.o
                0x08003d7c                SaveEEportsDir
 .text.SaveEEalias
                0x08003df4       0xd0 BOS\BOS.o
                0x08003df4                SaveEEalias
 .text.SaveEEstreams
                0x08003ec4       0xdc BOS\BOS.o
                0x08003ec4                SaveEEstreams
 .text.SaveEEparams
                0x08003fa0       0xf8 BOS\BOS.o
                0x08003fa0                SaveEEparams
 .text.ClearEEportsDir
                0x08004098       0x80 BOS\BOS.o
                0x08004098                ClearEEportsDir
 .text.EE_FormatForFactoryReset
                0x08004118       0x2c BOS\BOS.o
                0x08004118                EE_FormatForFactoryReset
 .text.IsLowerCLIbaud
                0x08004144       0xe8 BOS\BOS.o
                0x08004144                IsLowerCLIbaud
 .text.IsModuleParameter
                0x0800422c       0x64 BOS\BOS.o
                0x0800422c                IsModuleParameter
 .text.IsMathOperator
                0x08004290       0xc4 BOS\BOS.o
                0x08004290                IsMathOperator
 .text.BOS_Init
                0x08004354      0x188 BOS\BOS.o
                0x08004354                BOS_Init
 .text.Module_Init
                0x080044dc       0x1e BOS\BOS.o
                0x080044dc                Module_Init
 *fill*         0x080044fa        0x2 
 .text.FindBroadcastRoutes
                0x080044fc      0x39c BOS\BOS.o
                0x080044fc                FindBroadcastRoutes
 .text.FindRoute
                0x08004898      0x2b4 BOS\BOS.o
                0x08004898                FindRoute
 .text.minArr   0x08004b4c       0x88 BOS\BOS.o
                0x08004b4c                minArr
 .text.QnotEmpty
                0x08004bd4       0x50 BOS\BOS.o
                0x08004bd4                QnotEmpty
 .text.DisplayTopology
                0x08004c24      0x250 BOS\BOS.o
                0x08004c24                DisplayTopology
 .text.DisplayPortsDir
                0x08004e74      0x118 BOS\BOS.o
                0x08004e74                DisplayPortsDir
 .text.DisplayModuleStatus
                0x08004f8c      0x3c0 BOS\BOS.o
                0x08004f8c                DisplayModuleStatus
 .text.GetID    0x0800534c      0x15c BOS\BOS.o
                0x0800534c                GetID
 .text.NameModule
                0x080054a8      0x140 BOS\BOS.o
                0x080054a8                NameModule
 .text.AddModuleToGroup
                0x080055e8      0x1b8 BOS\BOS.o
                0x080055e8                AddModuleToGroup
 .text.WriteToRemote
                0x080057a0      0x460 BOS\BOS.o
                0x080057a0                WriteToRemote
 .text.GetDateString
                0x08005c00       0x5c BOS\BOS.o
                0x08005c00                GetDateString
 .text.Bridge   0x08005c5c       0x4c BOS\BOS.o
                0x08005c5c                Bridge
 .text.Unbridge
                0x08005ca8       0xcc BOS\BOS.o
                0x08005ca8                Unbridge
 .text.EnableStopModebyUARTx
                0x08005d74       0xb8 BOS\BOS.o
                0x08005d74                EnableStopModebyUARTx
 .text.EnableStandbyModebyWakeupPinx
                0x08005e2c       0x64 BOS\BOS.o
                0x08005e2c                EnableStandbyModebyWakeupPinx
 .text.DisableStandbyModeWakeupPinx
                0x08005e90       0x98 BOS\BOS.o
                0x08005e90                DisableStandbyModeWakeupPinx
 .text.prvCLITask
                0x08005f28      0x278 BOS\BOS_CLI.o
                0x08005f28                prvCLITask
 .text.CLI_CommandParser
                0x080061a0      0x568 BOS\BOS_CLI.o
                0x080061a0                CLI_CommandParser
 .text.StringToLowerCase
                0x08006708       0x6c BOS\BOS_CLI.o
                0x08006708                StringToLowerCase
 .text.AddSnippet
                0x08006774      0x1b4 BOS\BOS_CLI.o
                0x08006774                AddSnippet
 .text.ParseSnippetCondition
                0x08006928      0x7f8 BOS\BOS_CLI.o
                0x08006928                ParseSnippetCondition
 .text.ParseSnippetCommand
                0x08007120       0xc8 BOS\BOS_CLI.o
                0x08007120                ParseSnippetCommand
 .text.CheckSnippetCondition
                0x080071e8      0x1b4 BOS\BOS_CLI.o
                0x080071e8                CheckSnippetCondition
 .text.ExecuteSnippet
                0x0800739c       0xd0 BOS\BOS_CLI.o
                0x0800739c                ExecuteSnippet
 .text.__NVIC_SystemReset
                0x0800746c       0x24 BOS\BOS_CLIcommands.o
 .text.RegisterUserCLICommands
                0x08007490        0xa BOS\BOS_CLIcommands.o
                0x08007490                RegisterUserCLICommands
 *fill*         0x0800749a        0x2 
 .text.vRegisterCLICommands
                0x0800749c      0x19c BOS\BOS_CLIcommands.o
                0x0800749c                vRegisterCLICommands
 .text.prvTaskStatsCommand
                0x08007638       0x40 BOS\BOS_CLIcommands.o
 .text.prvRunTimeStatsCommand
                0x08007678       0x40 BOS\BOS_CLIcommands.o
 .text.pingCommand
                0x080076b8       0x98 BOS\BOS_CLIcommands.o
 .text.bootloaderUpdateCommand
                0x08007750      0x1fc BOS\BOS_CLIcommands.o
 .text.resetCommand
                0x0800794c       0x10 BOS\BOS_CLIcommands.o
 .text.nameCommand
                0x0800795c       0xe8 BOS\BOS_CLIcommands.o
 .text.groupCommand
                0x08007a44      0x2fc BOS\BOS_CLIcommands.o
 .text.statusCommand
                0x08007d40       0x1c BOS\BOS_CLIcommands.o
 .text.infoCommand
                0x08007d5c       0xfc BOS\BOS_CLIcommands.o
 .text.scastCommand
                0x08007e58      0x2dc BOS\BOS_CLIcommands.o
 .text.addbuttonCommand
                0x08008134      0x150 BOS\BOS_CLIcommands.o
 .text.removebuttonCommand
                0x08008284       0x94 BOS\BOS_CLIcommands.o
 .text.setCommand
                0x08008318      0xbf8 BOS\BOS_CLIcommands.o
 .text.getCommand
                0x08008f10      0x3b4 BOS\BOS_CLIcommands.o
 .text.defaultCommand
                0x080092c4       0xf4 BOS\BOS_CLIcommands.o
 .text.timeCommand
                0x080093b8       0xd8 BOS\BOS_CLIcommands.o
 .text.dateCommand
                0x08009490       0x34 BOS\BOS_CLIcommands.o
 .text.setBaudrateCommand
                0x080094c4       0xc0 BOS\BOS_CLIcommands.o
 .text.uuidCommand
                0x08009584       0x70 BOS\BOS_CLIcommands.o
 .text.idcodeCommand
                0x080095f4       0xe0 BOS\BOS_CLIcommands.o
 .text.flashsizeCommand
                0x080096d4       0x34 BOS\BOS_CLIcommands.o
 .text.snipCommand
                0x08009708      0x3ac BOS\BOS_CLIcommands.o
 .text.actSnipCommand
                0x08009ab4       0xb8 BOS\BOS_CLIcommands.o
 .text.pauseSnipCommand
                0x08009b6c       0xb8 BOS\BOS_CLIcommands.o
 .text.delSnipCommand
                0x08009c24      0x1d4 BOS\BOS_CLIcommands.o
 .text.bridgeCommand
                0x08009df8      0x11c BOS\BOS_CLIcommands.o
 .text.unbridgeCommand
                0x08009f14      0x11c BOS\BOS_CLIcommands.o
 .text.testportCommand
                0x0800a030      0x2e8 BOS\BOS_CLIcommands.o
 .text.ADCReadCommand
                0x0800a318      0x134 BOS\BOS_CLIcommands.o
 .text.ReadTempCommand
                0x0800a44c       0x54 BOS\BOS_CLIcommands.o
 .text.ReadVrefCommand
                0x0800a4a0       0x54 BOS\BOS_CLIcommands.o
 .text.GetReadPrecentageCommand
                0x0800a4f4       0x98 BOS\BOS_CLIcommands.o
 .text.StartDMAstream
                0x0800a58c       0xb0 BOS\BOS_dma.o
                0x0800a58c                StartDMAstream
 .text.ResetUartORE
                0x0800a63c       0x54 BOS\BOS_dma.o
                0x0800a63c                ResetUartORE
 .text.MX_FREERTOS_Init
                0x0800a690      0x260 BOS\BOS_freertos.o
                0x0800a690                MX_FREERTOS_Init
 .text.StartDefaultTask
                0x0800a8f0      0x108 BOS\BOS_freertos.o
                0x0800a8f0                StartDefaultTask
 .text.ExecuteMonitor
                0x0800a9f8      0x4c8 BOS\BOS_freertos.o
                0x0800a9f8                ExecuteMonitor
 .text.vMainConfigureTimerForRunTimeStats
                0x0800aec0       0x2c BOS\BOS_freertos.o
                0x0800aec0                vMainConfigureTimerForRunTimeStats
 .text.ulMainGetRunTimeCounterValue
                0x0800aeec       0x90 BOS\BOS_freertos.o
                0x0800aeec                ulMainGetRunTimeCounterValue
 .text.SetupDMAStreams
                0x0800af7c      0x27c BOS\BOS_messaging.o
                0x0800af7c                SetupDMAStreams
 .text.StreamTimerCallback
                0x0800b1f8       0x34 BOS\BOS_messaging.o
                0x0800b1f8                StreamTimerCallback
 .text.ForwardReceivedMessage
                0x0800b22c       0x78 BOS\BOS_messaging.o
                0x0800b22c                ForwardReceivedMessage
 .text.BroadcastReceivedMessage
                0x0800b2a4       0x70 BOS\BOS_messaging.o
                0x0800b2a4                BroadcastReceivedMessage
 .text.NotifyMessagingTask
                0x0800b314       0xa4 BOS\BOS_messaging.o
                0x0800b314                NotifyMessagingTask
 .text.BroadcastMessage
                0x0800b3b8       0x94 BOS\BOS_messaging.o
                0x0800b3b8                BroadcastMessage
 .text.SendMessageToModule
                0x0800b44c       0xa0 BOS\BOS_messaging.o
                0x0800b44c                SendMessageToModule
 .text.SendMessageFromPort
                0x0800b4ec      0x6b4 BOS\BOS_messaging.o
                0x0800b4ec                SendMessageFromPort
 .text.StartScastDMAStream
                0x0800bba0      0x30c BOS\BOS_messaging.o
                0x0800bba0                StartScastDMAStream
 .text.__NVIC_SystemReset
                0x0800beac       0x24 BOS\BOS_msgparser.o
 .text.BackEndTask
                0x0800bed0      0x858 BOS\BOS_msgparser.o
                0x0800bed0                BackEndTask
 .text.PxMessagingTask
                0x0800c728     0x5480 BOS\BOS_msgparser.o
                0x0800c728                PxMessagingTask
 .text.User_MessagingParser
                0x08011ba8       0x3a BOS\BOS_msgparser.o
                0x08011ba8                User_MessagingParser
 *fill*         0x08011be2        0x2 
 .text.SystemClock_Config
                0x08011be4      0x154 H08R6\H08R6.o
                0x08011be4                SystemClock_Config
 .text.SaveToRO
                0x08011d38      0x414 H08R6\H08R6.o
                0x08011d38                SaveToRO
 .text.remoteBootloaderUpdate
                0x0801214c      0x178 H08R6\H08R6.o
                0x0801214c                remoteBootloaderUpdate
 .text.SetupPortForRemoteBootloaderUpdate
                0x080122c4       0x52 H08R6\H08R6.o
                0x080122c4                SetupPortForRemoteBootloaderUpdate
 *fill*         0x08012316        0x2 
 .text.Module_Peripheral_Init
                0x08012318      0x15c H08R6\H08R6.o
                0x08012318                Module_Peripheral_Init
 .text.Module_MessagingTask
                0x08012474       0xa0 H08R6\H08R6.o
                0x08012474                Module_MessagingTask
 .text.GetPort  0x08012514       0x80 H08R6\H08R6.o
                0x08012514                GetPort
 .text.RegisterModuleCLICommands
                0x08012594       0x18 H08R6\H08R6.o
                0x08012594                RegisterModuleCLICommands
 .text.TOFTask  0x080125ac       0x78 H08R6\H08R6.o
                0x080125ac                TOFTask
 .text.PollingSleepCLISafe
                0x08012624      0x100 H08R6\H08R6.o
 .text.Exporttoport
                0x08012724      0x100 H08R6\H08R6.o
                0x08012724                Exporttoport
 .text.Exportstreamtoport
                0x08012824       0xb0 H08R6\H08R6.o
                0x08012824                Exportstreamtoport
 .text.Exportstreamtoterminal
                0x080128d4      0x10c H08R6\H08R6.o
                0x080128d4                Exportstreamtoterminal
 .text.SampleDistanceAverage
                0x080129e0       0x44 H08R6\H08R6.o
                0x080129e0                SampleDistanceAverage
 .text.StreamToTerminal
                0x08012a24       0x80 H08R6\H08R6.o
                0x08012a24                StreamToTerminal
 .text.SampleSensorCommand
                0x08012aa4       0x94 H08R6\H08R6.o
 .text.LL_DMAMUX_SetRequestID
                0x08012b38       0x3c H08R6\H08R6_dma.o
 .text.DMA_Init
                0x08012b74       0xbc H08R6\H08R6_dma.o
                0x08012b74                DMA_Init
 .text.DMA_MSG_RX_CH_Init
                0x08012c30       0x4c H08R6\H08R6_dma.o
                0x08012c30                DMA_MSG_RX_CH_Init
 .text.DMA_STREAM_CH_Init
                0x08012c7c       0x4c H08R6\H08R6_dma.o
                0x08012c7c                DMA_STREAM_CH_Init
 .text.SetupMessagingRxDMAs
                0x08012cc8       0xb8 H08R6\H08R6_dma.o
                0x08012cc8                SetupMessagingRxDMAs
 .text.DMA_MSG_RX_Setup
                0x08012d80       0x38 H08R6\H08R6_dma.o
                0x08012d80                DMA_MSG_RX_Setup
 .text.DMA_MSG_TX_UnSetup
                0x08012db8       0x28 H08R6\H08R6_dma.o
                0x08012db8                DMA_MSG_TX_UnSetup
 .text.DMA_STREAM_Setup
                0x08012de0       0x68 H08R6\H08R6_dma.o
                0x08012de0                DMA_STREAM_Setup
 .text.StopStreamDMA
                0x08012e48       0x70 H08R6\H08R6_dma.o
                0x08012e48                StopStreamDMA
 .text.StopMsgDMA
                0x08012eb8       0x4c H08R6\H08R6_dma.o
                0x08012eb8                StopMsgDMA
 .text.SwitchMsgDMAToStream
                0x08012f04       0x50 H08R6\H08R6_dma.o
                0x08012f04                SwitchMsgDMAToStream
 .text.SwitchStreamDMAToMsg
                0x08012f54       0xd8 H08R6\H08R6_dma.o
                0x08012f54                SwitchStreamDMAToMsg
 .text.UnSetupDMAInterrupts
                0x0801302c       0xe4 H08R6\H08R6_dma.o
                0x0801302c                UnSetupDMAInterrupts
 .text.RemapAndLinkDMAtoUARTRx
                0x08013110      0x134 H08R6\H08R6_dma.o
                0x08013110                RemapAndLinkDMAtoUARTRx
 .text.CRC_Init
                0x08013244       0x44 H08R6\H08R6_dma.o
                0x08013244                CRC_Init
 .text.HAL_CRC_MspInit
                0x08013288       0x30 H08R6\H08R6_dma.o
                0x08013288                HAL_CRC_MspInit
 .text.CalculateCRC8
                0x080132b8      0x154 H08R6\H08R6_dma.o
                0x080132b8                CalculateCRC8
 .text.EE_Init  0x0801340c      0x684 H08R6\H08R6_eeprom.o
                0x0801340c                EE_Init
 .text.EE_ReadVariable
                0x08013a90       0xc0 H08R6\H08R6_eeprom.o
                0x08013a90                EE_ReadVariable
 .text.EE_WriteVariable
                0x08013b50       0x64 H08R6\H08R6_eeprom.o
                0x08013b50                EE_WriteVariable
 .text.EE_Format
                0x08013bb4      0x14c H08R6\H08R6_eeprom.o
                0x08013bb4                EE_Format
 .text.EE_FindValidPage
                0x08013d00       0x90 H08R6\H08R6_eeprom.o
 .text.EE_VerifyPageFullWriteVariable
                0x08013d90      0x160 H08R6\H08R6_eeprom.o
 .text.EE_PageTransfer
                0x08013ef0      0x20c H08R6\H08R6_eeprom.o
 .text.EraseSector
                0x080140fc       0x60 H08R6\H08R6_eeprom.o
                0x080140fc                EraseSector
 .text.GPIO_Init
                0x0801415c       0x90 H08R6\H08R6_gpio.o
                0x0801415c                GPIO_Init
 .text.MX_GPIO_Init
                0x080141ec      0x134 H08R6\H08R6_gpio.o
                0x080141ec                MX_GPIO_Init
 .text.IND_LED_Init
                0x08014320       0x38 H08R6\H08R6_gpio.o
                0x08014320                IND_LED_Init
 .text.IsFactoryReset
                0x08014358      0x15c H08R6\H08R6_gpio.o
                0x08014358                IsFactoryReset
 .text.GetPortGPIOs
                0x080144b4      0x144 H08R6\H08R6_gpio.o
                0x080144b4                GetPortGPIOs
 .text.buttonPressedCallback
                0x080145f8       0x14 H08R6\H08R6_inputs.o
                0x080145f8                buttonPressedCallback
 .text.CheckAttachedButtons
                0x0801460c      0x7a8 H08R6\H08R6_inputs.o
                0x0801460c                CheckAttachedButtons
 .text.CheckForTimedButtonPress
                0x08014db4       0xfc H08R6\H08R6_inputs.o
                0x08014db4                CheckForTimedButtonPress
 .text.CheckForTimedButtonRelease
                0x08014eb0       0xfc H08R6\H08R6_inputs.o
                0x08014eb0                CheckForTimedButtonRelease
 .text.AddPortButton
                0x08014fac      0x268 H08R6\H08R6_inputs.o
                0x08014fac                AddPortButton
 .text.RemovePortButton
                0x08015214      0x208 H08R6\H08R6_inputs.o
                0x08015214                RemovePortButton
 .text.SetButtonEvents
                0x0801541c      0x77c H08R6\H08R6_inputs.o
                0x0801541c                SetButtonEvents
 .text.MX_ADC_Init
                0x08015b98       0x88 H08R6\H08R6_inputs.o
                0x08015b98                MX_ADC_Init
 .text.HAL_ADC_MspInit
                0x08015c20       0xc4 H08R6\H08R6_inputs.o
                0x08015c20                HAL_ADC_MspInit
 .text.ADCSelectChannel
                0x08015ce4       0xac H08R6\H08R6_inputs.o
                0x08015ce4                ADCSelectChannel
 .text.ReadADCChannel
                0x08015d90      0x10c H08R6\H08R6_inputs.o
                0x08015d90                ReadADCChannel
 .text.ReadTempAndVref
                0x08015e9c      0x1f0 H08R6\H08R6_inputs.o
                0x08015e9c                ReadTempAndVref
 .text.GetReadPrecentage
                0x0801608c      0x220 H08R6\H08R6_inputs.o
                0x0801608c                GetReadPrecentage
 .text.Get_channel
                0x080162ac       0xac H08R6\H08R6_inputs.o
                0x080162ac                Get_channel
 .text.Error_Handler
                0x08016358       0x10 H08R6\H08R6_inputs.o
                0x08016358                Error_Handler
 .text.Get_Rank
                0x08016368       0xa4 H08R6\H08R6_inputs.o
                0x08016368                Get_Rank
 .text.buttonReleasedCallback
                0x0801640c       0x14 H08R6\H08R6_inputs.o
                0x0801640c                buttonReleasedCallback
 .text.buttonClickedCallback
                0x08016420       0x14 H08R6\H08R6_inputs.o
                0x08016420                buttonClickedCallback
 .text.buttonDblClickedCallback
                0x08016434       0x14 H08R6\H08R6_inputs.o
                0x08016434                buttonDblClickedCallback
 .text.buttonPressedForXCallback
                0x08016448       0x1a H08R6\H08R6_inputs.o
                0x08016448                buttonPressedForXCallback
 .text.buttonReleasedForYCallback
                0x08016462       0x1a H08R6\H08R6_inputs.o
                0x08016462                buttonReleasedForYCallback
 .text.__NVIC_SystemReset
                0x0801647c       0x24 H08R6\H08R6_it.o
 .text.SysTick_Handler
                0x080164a0       0x12 H08R6\H08R6_it.o
                0x080164a0                SysTick_Handler
 *fill*         0x080164b2        0x2 
 .text.HardFault_Handler
                0x080164b4       0x40 H08R6\H08R6_it.o
                0x080164b4                HardFault_Handler
 .text.EXTI0_1_IRQHandler
                0x080164f4        0xa H08R6\H08R6_it.o
                0x080164f4                EXTI0_1_IRQHandler
 *fill*         0x080164fe        0x2 
 .text.USART1_IRQHandler
                0x08016500       0x30 H08R6\H08R6_it.o
                0x08016500                USART1_IRQHandler
 .text.USART2_LPUART2_IRQHandler
                0x08016530       0x30 H08R6\H08R6_it.o
                0x08016530                USART2_LPUART2_IRQHandler
 .text.USART3_4_5_6_LPUART1_IRQHandler
                0x08016560       0x54 H08R6\H08R6_it.o
                0x08016560                USART3_4_5_6_LPUART1_IRQHandler
 .text.HAL_UART_TxCpltCallback
                0x080165b4       0x48 H08R6\H08R6_it.o
                0x080165b4                HAL_UART_TxCpltCallback
 .text.HAL_UART_ErrorCallback
                0x080165fc       0xd4 H08R6\H08R6_it.o
                0x080165fc                HAL_UART_ErrorCallback
 .text.HAL_UART_RxCpltCallback
                0x080166d0       0x10 H08R6\H08R6_it.o
                0x080166d0                HAL_UART_RxCpltCallback
 .text.HAL_UARTEx_WakeupCallback
                0x080166e0       0x5c H08R6\H08R6_it.o
                0x080166e0                HAL_UARTEx_WakeupCallback
 .text.vApplicationStackOverflowHook
                0x0801673c       0x44 H08R6\H08R6_it.o
                0x0801673c                vApplicationStackOverflowHook
 .text.vApplicationMallocFailedHook
                0x08016780       0x40 H08R6\H08R6_it.o
                0x08016780                vApplicationMallocFailedHook
 .text.RTC_Init
                0x080167c0       0xc4 H08R6\H08R6_rtc.o
                0x080167c0                RTC_Init
 .text.RTC_CalendarConfig
                0x08016884      0x18c H08R6\H08R6_rtc.o
                0x08016884                RTC_CalendarConfig
 .text.BOS_CalendarConfig
                0x08016a10      0x128 H08R6\H08R6_rtc.o
                0x08016a10                BOS_CalendarConfig
 .text.GetTimeDate
                0x08016b38       0x90 H08R6\H08R6_rtc.o
                0x08016b38                GetTimeDate
 .text.MX_IWDG_Init
                0x08016bc8       0x3c H08R6\H08R6_timers.o
                0x08016bc8                MX_IWDG_Init
 .text.TIM_USEC_Init
                0x08016c04       0x74 H08R6\H08R6_timers.o
                0x08016c04                TIM_USEC_Init
 .text.TIM_MSEC_Init
                0x08016c78       0x78 H08R6\H08R6_timers.o
                0x08016c78                TIM_MSEC_Init
 .text.StartMicroDelay
                0x08016cf0       0x48 H08R6\H08R6_timers.o
                0x08016cf0                StartMicroDelay
 .text.StartMilliDelay
                0x08016d38       0x48 H08R6\H08R6_timers.o
                0x08016d38                StartMilliDelay
 .text.MX_USART1_UART_Init
                0x08016d80       0x7c H08R6\H08R6_uart.o
                0x08016d80                MX_USART1_UART_Init
 .text.MX_USART2_UART_Init
                0x08016dfc       0x7c H08R6\H08R6_uart.o
                0x08016dfc                MX_USART2_UART_Init
 .text.MX_USART3_UART_Init
                0x08016e78       0x7c H08R6\H08R6_uart.o
                0x08016e78                MX_USART3_UART_Init
 .text.MX_USART4_UART_Init
                0x08016ef4       0x70 H08R6\H08R6_uart.o
                0x08016ef4                MX_USART4_UART_Init
 .text.MX_USART5_UART_Init
                0x08016f64       0x60 H08R6\H08R6_uart.o
                0x08016f64                MX_USART5_UART_Init
 .text.MX_USART6_UART_Init
                0x08016fc4       0x60 H08R6\H08R6_uart.o
                0x08016fc4                MX_USART6_UART_Init
 .text.HAL_UART_MspInit
                0x08017024      0x68c H08R6\H08R6_uart.o
                0x08017024                HAL_UART_MspInit
 .text.writePxMutex
                0x080176b0       0xac H08R6\H08R6_uart.o
                0x080176b0                writePxMutex
 .text.writePxITMutex
                0x0801775c       0x78 H08R6\H08R6_uart.o
                0x0801775c                writePxITMutex
 .text.UpdateBaudrate
                0x080177d4       0x3e H08R6\H08R6_uart.o
                0x080177d4                UpdateBaudrate
 *fill*         0x08017812        0x2 
 .text.GetUart  0x08017814       0x5c H08R6\H08R6_uart.o
                0x08017814                GetUart
 .text.SwapUartPins
                0x08017870       0xd0 H08R6\H08R6_uart.o
                0x08017870                SwapUartPins
 .text.ReadPortsDir
                0x08017940       0xa8 H08R6\H08R6_uart.o
                0x08017940                ReadPortsDir
 .text.ReadPortsDirMSG
                0x080179e8       0x80 H08R6\H08R6_uart.o
                0x080179e8                ReadPortsDirMSG
 .text.Reset_Handler
                0x08017a68       0x90 H08R6\startup_stm32g0b1ceuxn.o
                0x08017a68                Reset_Handler
 .text.Default_Handler
                0x08017af8        0x2 H08R6\startup_stm32g0b1ceuxn.o
                0x08017af8                I2C2_3_IRQHandler
                0x08017af8                TIM1_CC_IRQHandler
                0x08017af8                ADC1_COMP_IRQHandler
                0x08017af8                NMI_Handler
                0x08017af8                I2C1_IRQHandler
                0x08017af8                TIM7_LPTIM2_IRQHandler
                0x08017af8                TIM17_FDCAN_IT1_IRQHandler
                0x08017af8                DMA1_Ch4_7_DMA2_Ch1_5_DMAMUX1_OVR_IRQHandler
                0x08017af8                RCC_CRS_IRQHandler
                0x08017af8                RTC_TAMP_IRQHandler
                0x08017af8                SPI1_IRQHandler
                0x08017af8                USB_UCPD1_2_IRQHandler
                0x08017af8                EXTI2_3_IRQHandler
                0x08017af8                PVD_VDDIO2_IRQHandler
                0x08017af8                EXTI4_15_IRQHandler
                0x08017af8                DMA1_Channel1_IRQHandler
                0x08017af8                Default_Handler
                0x08017af8                CEC_IRQHandler
                0x08017af8                TIM14_IRQHandler
                0x08017af8                TIM15_IRQHandler
                0x08017af8                TIM3_TIM4_IRQHandler
                0x08017af8                SPI2_3_IRQHandler
                0x08017af8                TIM6_DAC_LPTIM1_IRQHandler
                0x08017af8                WWDG_IRQHandler
                0x08017af8                TIM2_IRQHandler
                0x08017af8                DMA1_Channel2_3_IRQHandler
                0x08017af8                FLASH_IRQHandler
                0x08017af8                TIM16_FDCAN_IT0_IRQHandler
                0x08017af8                TIM1_BRK_UP_TRG_COM_IRQHandler
 .text.SystemInit
                0x08017afa        0xa Thirdparty\CMSIS\STM32G0xx\Device\ST\STM32G0xx\Source\Templates\system_stm32g0xx.o
                0x08017afa                SystemInit
 .text.inHandlerMode
                0x08017b04       0x1c Thirdparty\Middleware\STM32G0xx\FreeRTOS\Source\CMSIS_RTOS\cmsis_os.o
 .text.osKernelStart
                0x08017b20       0x10 Thirdparty\Middleware\STM32G0xx\FreeRTOS\Source\CMSIS_RTOS\cmsis_os.o
                0x08017b20                osKernelStart
 .text.osDelay  0x08017b30       0x28 Thirdparty\Middleware\STM32G0xx\FreeRTOS\Source\CMSIS_RTOS\cmsis_os.o
                0x08017b30                osDelay
 .text.osSemaphoreCreate
                0x08017b58       0x4a Thirdparty\Middleware\STM32G0xx\FreeRTOS\Source\CMSIS_RTOS\cmsis_os.o
                0x08017b58                osSemaphoreCreate
 *fill*         0x08017ba2        0x2 
 .text.osSemaphoreWait
                0x08017ba4       0x94 Thirdparty\Middleware\STM32G0xx\FreeRTOS\Source\CMSIS_RTOS\cmsis_os.o
                0x08017ba4                osSemaphoreWait
 .text.osSemaphoreRelease
                0x08017c38       0x64 Thirdparty\Middleware\STM32G0xx\FreeRTOS\Source\CMSIS_RTOS\cmsis_os.o
                0x08017c38                osSemaphoreRelease
 .text.osSystickHandler
                0x08017c9c       0x18 Thirdparty\Middleware\STM32G0xx\FreeRTOS\Source\CMSIS_RTOS\cmsis_os.o
                0x08017c9c                osSystickHandler
 .text.FreeRTOS_CLIRegisterCommand
                0x08017cb4       0x50 Thirdparty\Middleware\STM32G0xx\FreeRTOS\Source\FreeRTOS_CLI.o
                0x08017cb4                FreeRTOS_CLIRegisterCommand
 .text.FreeRTOS_CLIProcessCommand
                0x08017d04      0x11c Thirdparty\Middleware\STM32G0xx\FreeRTOS\Source\FreeRTOS_CLI.o
                0x08017d04                FreeRTOS_CLIProcessCommand
 .text.FreeRTOS_CLIGetOutputBuffer
                0x08017e20       0x10 Thirdparty\Middleware\STM32G0xx\FreeRTOS\Source\FreeRTOS_CLI.o
                0x08017e20                FreeRTOS_CLIGetOutputBuffer
 .text.FreeRTOS_CLIGetParameter
                0x08017e30       0xbc Thirdparty\Middleware\STM32G0xx\FreeRTOS\Source\FreeRTOS_CLI.o
                0x08017e30                FreeRTOS_CLIGetParameter
 .text.prvHelpCommand
                0x08017eec      0x154 Thirdparty\Middleware\STM32G0xx\FreeRTOS\Source\FreeRTOS_CLI.o
 .text.prvGetNumberOfParameters
                0x08018040       0x7a Thirdparty\Middleware\STM32G0xx\FreeRTOS\Source\FreeRTOS_CLI.o
 .text.vListInitialise
                0x080180ba       0x3c Thirdparty\Middleware\STM32G0xx\FreeRTOS\Source\list.o
                0x080180ba                vListInitialise
 .text.vListInitialiseItem
                0x080180f6       0x16 Thirdparty\Middleware\STM32G0xx\FreeRTOS\Source\list.o
                0x080180f6                vListInitialiseItem
 .text.vListInsertEnd
                0x0801810c       0x44 Thirdparty\Middleware\STM32G0xx\FreeRTOS\Source\list.o
                0x0801810c                vListInsertEnd
 .text.vListInsert
                0x08018150       0x6c Thirdparty\Middleware\STM32G0xx\FreeRTOS\Source\list.o
                0x08018150                vListInsert
 .text.uxListRemove
                0x080181bc       0x50 Thirdparty\Middleware\STM32G0xx\FreeRTOS\Source\list.o
                0x080181bc                uxListRemove
 .text.pxPortInitialiseStack
                0x0801820c       0x54 Thirdparty\Middleware\STM32G0xx\FreeRTOS\Source\portable\GCC\ARM_CM0\port.o
                0x0801820c                pxPortInitialiseStack
 .text.prvTaskExitError
                0x08018260       0x1e Thirdparty\Middleware\STM32G0xx\FreeRTOS\Source\portable\GCC\ARM_CM0\port.o
 .text.SVC_Handler
                0x0801827e        0xa Thirdparty\Middleware\STM32G0xx\FreeRTOS\Source\portable\GCC\ARM_CM0\port.o
                0x0801827e                SVC_Handler
 *fill*         0x08018288        0x8 
 .text.vPortStartFirstTask
                0x08018290       0x38 Thirdparty\Middleware\STM32G0xx\FreeRTOS\Source\portable\GCC\ARM_CM0\port.o
 .text.xPortStartScheduler
                0x080182c8       0x48 Thirdparty\Middleware\STM32G0xx\FreeRTOS\Source\portable\GCC\ARM_CM0\port.o
                0x080182c8                xPortStartScheduler
 .text.vPortYield
                0x08018310       0x20 Thirdparty\Middleware\STM32G0xx\FreeRTOS\Source\portable\GCC\ARM_CM0\port.o
                0x08018310                vPortYield
 .text.vPortEnterCritical
                0x08018330       0x24 Thirdparty\Middleware\STM32G0xx\FreeRTOS\Source\portable\GCC\ARM_CM0\port.o
                0x08018330                vPortEnterCritical
 .text.vPortExitCritical
                0x08018354       0x24 Thirdparty\Middleware\STM32G0xx\FreeRTOS\Source\portable\GCC\ARM_CM0\port.o
                0x08018354                vPortExitCritical
 .text.ulSetInterruptMaskFromISR
                0x08018378        0xc Thirdparty\Middleware\STM32G0xx\FreeRTOS\Source\portable\GCC\ARM_CM0\port.o
                0x08018378                ulSetInterruptMaskFromISR
 .text.vClearInterruptMaskFromISR
                0x08018384        0x8 Thirdparty\Middleware\STM32G0xx\FreeRTOS\Source\portable\GCC\ARM_CM0\port.o
                0x08018384                vClearInterruptMaskFromISR
 *fill*         0x0801838c        0x4 
 .text.PendSV_Handler
                0x08018390       0x48 Thirdparty\Middleware\STM32G0xx\FreeRTOS\Source\portable\GCC\ARM_CM0\port.o
                0x08018390                PendSV_Handler
 .text.xPortSysTickHandler
                0x080183d8       0x34 Thirdparty\Middleware\STM32G0xx\FreeRTOS\Source\portable\GCC\ARM_CM0\port.o
                0x080183d8                xPortSysTickHandler
 .text.vPortSetupTimerInterrupt
                0x0801840c       0x44 Thirdparty\Middleware\STM32G0xx\FreeRTOS\Source\portable\GCC\ARM_CM0\port.o
                0x0801840c                vPortSetupTimerInterrupt
 .text.pvPortMalloc
                0x08018450      0x140 Thirdparty\Middleware\STM32G0xx\FreeRTOS\Source\portable\MemMang\heap_4.o
                0x08018450                pvPortMalloc
 .text.vPortFree
                0x08018590       0x80 Thirdparty\Middleware\STM32G0xx\FreeRTOS\Source\portable\MemMang\heap_4.o
                0x08018590                vPortFree
 .text.prvHeapInit
                0x08018610       0xc0 Thirdparty\Middleware\STM32G0xx\FreeRTOS\Source\portable\MemMang\heap_4.o
 .text.prvInsertBlockIntoFreeList
                0x080186d0       0xb0 Thirdparty\Middleware\STM32G0xx\FreeRTOS\Source\portable\MemMang\heap_4.o
 .text.xQueueGenericReset
                0x08018780       0x9e Thirdparty\Middleware\STM32G0xx\FreeRTOS\Source\queue.o
                0x08018780                xQueueGenericReset
 .text.xQueueGenericCreate
                0x0801881e       0x52 Thirdparty\Middleware\STM32G0xx\FreeRTOS\Source\queue.o
                0x0801881e                xQueueGenericCreate
 .text.prvInitialiseNewQueue
                0x08018870       0x4e Thirdparty\Middleware\STM32G0xx\FreeRTOS\Source\queue.o
 .text.xQueueCreateCountingSemaphore
                0x080188be       0x30 Thirdparty\Middleware\STM32G0xx\FreeRTOS\Source\queue.o
                0x080188be                xQueueCreateCountingSemaphore
 .text.xQueueGenericSend
                0x080188ee      0x12a Thirdparty\Middleware\STM32G0xx\FreeRTOS\Source\queue.o
                0x080188ee                xQueueGenericSend
 .text.xQueueGenericSendFromISR
                0x08018a18       0xa6 Thirdparty\Middleware\STM32G0xx\FreeRTOS\Source\queue.o
                0x08018a18                xQueueGenericSendFromISR
 .text.xQueueGiveFromISR
                0x08018abe       0x96 Thirdparty\Middleware\STM32G0xx\FreeRTOS\Source\queue.o
                0x08018abe                xQueueGiveFromISR
 .text.xQueueReceive
                0x08018b54      0x128 Thirdparty\Middleware\STM32G0xx\FreeRTOS\Source\queue.o
                0x08018b54                xQueueReceive
 .text.xQueueSemaphoreTake
                0x08018c7c      0x178 Thirdparty\Middleware\STM32G0xx\FreeRTOS\Source\queue.o
                0x08018c7c                xQueueSemaphoreTake
 .text.xQueueReceiveFromISR
                0x08018df4       0xa0 Thirdparty\Middleware\STM32G0xx\FreeRTOS\Source\queue.o
                0x08018df4                xQueueReceiveFromISR
 .text.prvGetDisinheritPriorityAfterTimeout
                0x08018e94       0x2c Thirdparty\Middleware\STM32G0xx\FreeRTOS\Source\queue.o
 .text.prvCopyDataToQueue
                0x08018ec0       0xd6 Thirdparty\Middleware\STM32G0xx\FreeRTOS\Source\queue.o
 .text.prvCopyDataFromQueue
                0x08018f96       0x4c Thirdparty\Middleware\STM32G0xx\FreeRTOS\Source\queue.o
 .text.prvUnlockQueue
                0x08018fe2       0xbc Thirdparty\Middleware\STM32G0xx\FreeRTOS\Source\queue.o
 .text.prvIsQueueEmpty
                0x0801909e       0x2c Thirdparty\Middleware\STM32G0xx\FreeRTOS\Source\queue.o
 .text.prvIsQueueFull
                0x080190ca       0x30 Thirdparty\Middleware\STM32G0xx\FreeRTOS\Source\queue.o
 *fill*         0x080190fa        0x2 
 .text.vQueueAddToRegistry
                0x080190fc       0x50 Thirdparty\Middleware\STM32G0xx\FreeRTOS\Source\queue.o
                0x080190fc                vQueueAddToRegistry
 .text.vQueueWaitForMessageRestricted
                0x0801914c       0x66 Thirdparty\Middleware\STM32G0xx\FreeRTOS\Source\queue.o
                0x0801914c                vQueueWaitForMessageRestricted
 .text.xTaskCreate
                0x080191b2       0x90 Thirdparty\Middleware\STM32G0xx\FreeRTOS\Source\tasks.o
                0x080191b2                xTaskCreate
 *fill*         0x08019242        0x2 
 .text.prvInitialiseNewTask
                0x08019244      0x10c Thirdparty\Middleware\STM32G0xx\FreeRTOS\Source\tasks.o
 .text.prvAddNewTaskToReadyList
                0x08019350       0xd0 Thirdparty\Middleware\STM32G0xx\FreeRTOS\Source\tasks.o
 .text.vTaskDelay
                0x08019420       0x3a Thirdparty\Middleware\STM32G0xx\FreeRTOS\Source\tasks.o
                0x08019420                vTaskDelay
 *fill*         0x0801945a        0x2 
 .text.eTaskGetState
                0x0801945c       0xd0 Thirdparty\Middleware\STM32G0xx\FreeRTOS\Source\tasks.o
                0x0801945c                eTaskGetState
 .text.uxTaskPriorityGet
                0x0801952c       0x34 Thirdparty\Middleware\STM32G0xx\FreeRTOS\Source\tasks.o
                0x0801952c                uxTaskPriorityGet
 .text.vTaskPrioritySet
                0x08019560      0x110 Thirdparty\Middleware\STM32G0xx\FreeRTOS\Source\tasks.o
                0x08019560                vTaskPrioritySet
 .text.vTaskStartScheduler
                0x08019670       0x74 Thirdparty\Middleware\STM32G0xx\FreeRTOS\Source\tasks.o
                0x08019670                vTaskStartScheduler
 .text.vTaskSuspendAll
                0x080196e4       0x18 Thirdparty\Middleware\STM32G0xx\FreeRTOS\Source\tasks.o
                0x080196e4                vTaskSuspendAll
 .text.xTaskResumeAll
                0x080196fc      0x10c Thirdparty\Middleware\STM32G0xx\FreeRTOS\Source\tasks.o
                0x080196fc                xTaskResumeAll
 .text.xTaskGetTickCount
                0x08019808       0x1c Thirdparty\Middleware\STM32G0xx\FreeRTOS\Source\tasks.o
                0x08019808                xTaskGetTickCount
 .text.xTaskGetTickCountFromISR
                0x08019824       0x20 Thirdparty\Middleware\STM32G0xx\FreeRTOS\Source\tasks.o
                0x08019824                xTaskGetTickCountFromISR
 .text.uxTaskGetSystemState
                0x08019844      0x120 Thirdparty\Middleware\STM32G0xx\FreeRTOS\Source\tasks.o
                0x08019844                uxTaskGetSystemState
 .text.xTaskIncrementTick
                0x08019964      0x150 Thirdparty\Middleware\STM32G0xx\FreeRTOS\Source\tasks.o
                0x08019964                xTaskIncrementTick
 .text.vTaskSwitchContext
                0x08019ab4      0x124 Thirdparty\Middleware\STM32G0xx\FreeRTOS\Source\tasks.o
                0x08019ab4                vTaskSwitchContext
 .text.vTaskPlaceOnEventList
                0x08019bd8       0x34 Thirdparty\Middleware\STM32G0xx\FreeRTOS\Source\tasks.o
                0x08019bd8                vTaskPlaceOnEventList
 .text.vTaskPlaceOnEventListRestricted
                0x08019c0c       0x44 Thirdparty\Middleware\STM32G0xx\FreeRTOS\Source\tasks.o
                0x08019c0c                vTaskPlaceOnEventListRestricted
 .text.xTaskRemoveFromEventList
                0x08019c50       0xb0 Thirdparty\Middleware\STM32G0xx\FreeRTOS\Source\tasks.o
                0x08019c50                xTaskRemoveFromEventList
 .text.vTaskInternalSetTimeOutState
                0x08019d00       0x28 Thirdparty\Middleware\STM32G0xx\FreeRTOS\Source\tasks.o
                0x08019d00                vTaskInternalSetTimeOutState
 .text.xTaskCheckForTimeOut
                0x08019d28       0x8c Thirdparty\Middleware\STM32G0xx\FreeRTOS\Source\tasks.o
                0x08019d28                xTaskCheckForTimeOut
 .text.vTaskMissedYield
                0x08019db4       0x14 Thirdparty\Middleware\STM32G0xx\FreeRTOS\Source\tasks.o
                0x08019db4                vTaskMissedYield
 .text.prvIdleTask
                0x08019dc8       0x20 Thirdparty\Middleware\STM32G0xx\FreeRTOS\Source\tasks.o
 .text.prvInitialiseTaskLists
                0x08019de8       0x88 Thirdparty\Middleware\STM32G0xx\FreeRTOS\Source\tasks.o
 .text.prvCheckTasksWaitingTermination
                0x08019e70       0x5c Thirdparty\Middleware\STM32G0xx\FreeRTOS\Source\tasks.o
 .text.vTaskGetInfo
                0x08019ecc       0xd8 Thirdparty\Middleware\STM32G0xx\FreeRTOS\Source\tasks.o
                0x08019ecc                vTaskGetInfo
 .text.prvListTasksWithinSingleList
                0x08019fa4       0xa6 Thirdparty\Middleware\STM32G0xx\FreeRTOS\Source\tasks.o
 .text.prvTaskCheckFreeStackSpace
                0x0801a04a       0x34 Thirdparty\Middleware\STM32G0xx\FreeRTOS\Source\tasks.o
 .text.prvDeleteTCB
                0x0801a07e       0x22 Thirdparty\Middleware\STM32G0xx\FreeRTOS\Source\tasks.o
 .text.prvResetNextTaskUnblockTime
                0x0801a0a0       0x3c Thirdparty\Middleware\STM32G0xx\FreeRTOS\Source\tasks.o
 .text.xTaskGetSchedulerState
                0x0801a0dc       0x38 Thirdparty\Middleware\STM32G0xx\FreeRTOS\Source\tasks.o
                0x0801a0dc                xTaskGetSchedulerState
 .text.xTaskPriorityInherit
                0x0801a114       0xd0 Thirdparty\Middleware\STM32G0xx\FreeRTOS\Source\tasks.o
                0x0801a114                xTaskPriorityInherit
 .text.xTaskPriorityDisinherit
                0x0801a1e4       0x98 Thirdparty\Middleware\STM32G0xx\FreeRTOS\Source\tasks.o
                0x0801a1e4                xTaskPriorityDisinherit
 .text.vTaskPriorityDisinheritAfterTimeout
                0x0801a27c       0xc0 Thirdparty\Middleware\STM32G0xx\FreeRTOS\Source\tasks.o
                0x0801a27c                vTaskPriorityDisinheritAfterTimeout
 .text.prvWriteNameToBuffer
                0x0801a33c       0x52 Thirdparty\Middleware\STM32G0xx\FreeRTOS\Source\tasks.o
 *fill*         0x0801a38e        0x2 
 .text.vTaskList
                0x0801a390      0x14c Thirdparty\Middleware\STM32G0xx\FreeRTOS\Source\tasks.o
                0x0801a390                vTaskList
 .text.vTaskGetRunTimeStats
                0x0801a4dc      0x118 Thirdparty\Middleware\STM32G0xx\FreeRTOS\Source\tasks.o
                0x0801a4dc                vTaskGetRunTimeStats
 .text.pvTaskIncrementMutexHeldCount
                0x0801a5f4       0x24 Thirdparty\Middleware\STM32G0xx\FreeRTOS\Source\tasks.o
                0x0801a5f4                pvTaskIncrementMutexHeldCount
 .text.ulTaskNotifyTake
                0x0801a618       0x84 Thirdparty\Middleware\STM32G0xx\FreeRTOS\Source\tasks.o
                0x0801a618                ulTaskNotifyTake
 .text.xTaskGenericNotify
                0x0801a69c      0x104 Thirdparty\Middleware\STM32G0xx\FreeRTOS\Source\tasks.o
                0x0801a69c                xTaskGenericNotify
 .text.xTaskGenericNotifyFromISR
                0x0801a7a0      0x140 Thirdparty\Middleware\STM32G0xx\FreeRTOS\Source\tasks.o
                0x0801a7a0                xTaskGenericNotifyFromISR
 .text.prvAddCurrentTaskToDelayedList
                0x0801a8e0       0xa8 Thirdparty\Middleware\STM32G0xx\FreeRTOS\Source\tasks.o
 .text.xTimerCreateTimerTask
                0x0801a988       0x4c Thirdparty\Middleware\STM32G0xx\FreeRTOS\Source\timers.o
                0x0801a988                xTimerCreateTimerTask
 .text.xTimerCreate
                0x0801a9d4       0x46 Thirdparty\Middleware\STM32G0xx\FreeRTOS\Source\timers.o
                0x0801a9d4                xTimerCreate
 .text.prvInitialiseNewTimer
                0x0801aa1a       0x5a Thirdparty\Middleware\STM32G0xx\FreeRTOS\Source\timers.o
 .text.xTimerGenericCommand
                0x0801aa74       0x8c Thirdparty\Middleware\STM32G0xx\FreeRTOS\Source\timers.o
                0x0801aa74                xTimerGenericCommand
 .text.prvProcessExpiredTimer
                0x0801ab00       0x80 Thirdparty\Middleware\STM32G0xx\FreeRTOS\Source\timers.o
 .text.prvTimerTask
                0x0801ab80       0x28 Thirdparty\Middleware\STM32G0xx\FreeRTOS\Source\timers.o
 .text.prvProcessTimerOrBlockTask
                0x0801aba8       0x90 Thirdparty\Middleware\STM32G0xx\FreeRTOS\Source\timers.o
 .text.prvGetNextExpireTime
                0x0801ac38       0x44 Thirdparty\Middleware\STM32G0xx\FreeRTOS\Source\timers.o
 .text.prvSampleTimeNow
                0x0801ac7c       0x40 Thirdparty\Middleware\STM32G0xx\FreeRTOS\Source\timers.o
 .text.prvInsertTimerInActiveList
                0x0801acbc       0x84 Thirdparty\Middleware\STM32G0xx\FreeRTOS\Source\timers.o
 .text.prvProcessReceivedCommands
                0x0801ad40      0x16c Thirdparty\Middleware\STM32G0xx\FreeRTOS\Source\timers.o
 .text.prvSwitchTimerLists
                0x0801aeac       0xb0 Thirdparty\Middleware\STM32G0xx\FreeRTOS\Source\timers.o
 .text.prvCheckForValidListAndQueue
                0x0801af5c       0x74 Thirdparty\Middleware\STM32G0xx\FreeRTOS\Source\timers.o
 .text.pvTimerGetTimerID
                0x0801afd0       0x24 Thirdparty\Middleware\STM32G0xx\FreeRTOS\Source\timers.o
                0x0801afd0                pvTimerGetTimerID
 .text.HAL_Init
                0x0801aff4       0x40 Thirdparty\STM32G0xx_HAL_Driver\Src\stm32g0xx_hal.o
                0x0801aff4                HAL_Init
 .text.HAL_InitTick
                0x0801b034       0x94 Thirdparty\STM32G0xx_HAL_Driver\Src\stm32g0xx_hal.o
                0x0801b034                HAL_InitTick
 .text.HAL_IncTick
                0x0801b0c8       0x24 Thirdparty\STM32G0xx_HAL_Driver\Src\stm32g0xx_hal.o
                0x0801b0c8                HAL_IncTick
 .text.HAL_GetTick
                0x0801b0ec       0x14 Thirdparty\STM32G0xx_HAL_Driver\Src\stm32g0xx_hal.o
                0x0801b0ec                HAL_GetTick
 .text.HAL_Delay
                0x0801b100       0x48 Thirdparty\STM32G0xx_HAL_Driver\Src\stm32g0xx_hal.o
                0x0801b100                HAL_Delay
 .text.HAL_GetREVID
                0x0801b148       0x18 Thirdparty\STM32G0xx_HAL_Driver\Src\stm32g0xx_hal.o
                0x0801b148                HAL_GetREVID
 .text.HAL_GetDEVID
                0x0801b160       0x18 Thirdparty\STM32G0xx_HAL_Driver\Src\stm32g0xx_hal.o
                0x0801b160                HAL_GetDEVID
 .text.LL_ADC_SetCommonPathInternalCh
                0x0801b178       0x28 Thirdparty\STM32G0xx_HAL_Driver\Src\stm32g0xx_hal_adc.o
 .text.LL_ADC_GetCommonPathInternalCh
                0x0801b1a0       0x1a Thirdparty\STM32G0xx_HAL_Driver\Src\stm32g0xx_hal_adc.o
 .text.LL_ADC_SetSamplingTimeCommonChannels
                0x0801b1ba       0x3a Thirdparty\STM32G0xx_HAL_Driver\Src\stm32g0xx_hal_adc.o
 .text.LL_ADC_GetSamplingTimeCommonChannels
                0x0801b1f4       0x2e Thirdparty\STM32G0xx_HAL_Driver\Src\stm32g0xx_hal_adc.o
 .text.LL_ADC_REG_IsTriggerSourceSWStart
                0x0801b222       0x22 Thirdparty\STM32G0xx_HAL_Driver\Src\stm32g0xx_hal_adc.o
 .text.LL_ADC_REG_SetSequencerRanks
                0x0801b244       0x40 Thirdparty\STM32G0xx_HAL_Driver\Src\stm32g0xx_hal_adc.o
 .text.LL_ADC_REG_SetSequencerChAdd
                0x0801b284       0x22 Thirdparty\STM32G0xx_HAL_Driver\Src\stm32g0xx_hal_adc.o
 .text.LL_ADC_REG_SetSequencerChRem
                0x0801b2a6       0x24 Thirdparty\STM32G0xx_HAL_Driver\Src\stm32g0xx_hal_adc.o
 *fill*         0x0801b2ca        0x2 
 .text.LL_ADC_SetChannelSamplingTime
                0x0801b2cc       0x38 Thirdparty\STM32G0xx_HAL_Driver\Src\stm32g0xx_hal_adc.o
 .text.LL_ADC_EnableInternalRegulator
                0x0801b304       0x28 Thirdparty\STM32G0xx_HAL_Driver\Src\stm32g0xx_hal_adc.o
 .text.LL_ADC_IsInternalRegulatorEnabled
                0x0801b32c       0x28 Thirdparty\STM32G0xx_HAL_Driver\Src\stm32g0xx_hal_adc.o
 .text.LL_ADC_Enable
                0x0801b354       0x24 Thirdparty\STM32G0xx_HAL_Driver\Src\stm32g0xx_hal_adc.o
 .text.LL_ADC_Disable
                0x0801b378       0x24 Thirdparty\STM32G0xx_HAL_Driver\Src\stm32g0xx_hal_adc.o
 .text.LL_ADC_IsEnabled
                0x0801b39c       0x22 Thirdparty\STM32G0xx_HAL_Driver\Src\stm32g0xx_hal_adc.o
 .text.LL_ADC_IsDisableOngoing
                0x0801b3be       0x22 Thirdparty\STM32G0xx_HAL_Driver\Src\stm32g0xx_hal_adc.o
 .text.LL_ADC_REG_StartConversion
                0x0801b3e0       0x24 Thirdparty\STM32G0xx_HAL_Driver\Src\stm32g0xx_hal_adc.o
 .text.LL_ADC_REG_StopConversion
                0x0801b404       0x24 Thirdparty\STM32G0xx_HAL_Driver\Src\stm32g0xx_hal_adc.o
 .text.LL_ADC_REG_IsConversionOngoing
                0x0801b428       0x22 Thirdparty\STM32G0xx_HAL_Driver\Src\stm32g0xx_hal_adc.o
 *fill*         0x0801b44a        0x2 
 .text.HAL_ADC_Init
                0x0801b44c      0x350 Thirdparty\STM32G0xx_HAL_Driver\Src\stm32g0xx_hal_adc.o
                0x0801b44c                HAL_ADC_Init
 .text.HAL_ADC_Start
                0x0801b79c       0x9c Thirdparty\STM32G0xx_HAL_Driver\Src\stm32g0xx_hal_adc.o
                0x0801b79c                HAL_ADC_Start
 .text.HAL_ADC_Stop
                0x0801b838       0x78 Thirdparty\STM32G0xx_HAL_Driver\Src\stm32g0xx_hal_adc.o
                0x0801b838                HAL_ADC_Stop
 .text.HAL_ADC_PollForConversion
                0x0801b8b0      0x128 Thirdparty\STM32G0xx_HAL_Driver\Src\stm32g0xx_hal_adc.o
                0x0801b8b0                HAL_ADC_PollForConversion
 .text.HAL_ADC_GetValue
                0x0801b9d8       0x16 Thirdparty\STM32G0xx_HAL_Driver\Src\stm32g0xx_hal_adc.o
                0x0801b9d8                HAL_ADC_GetValue
 *fill*         0x0801b9ee        0x2 
 .text.HAL_ADC_ConfigChannel
                0x0801b9f0      0x3b0 Thirdparty\STM32G0xx_HAL_Driver\Src\stm32g0xx_hal_adc.o
                0x0801b9f0                HAL_ADC_ConfigChannel
 .text.ADC_ConversionStop
                0x0801bda0       0x84 Thirdparty\STM32G0xx_HAL_Driver\Src\stm32g0xx_hal_adc.o
                0x0801bda0                ADC_ConversionStop
 .text.ADC_Enable
                0x0801be24      0x10c Thirdparty\STM32G0xx_HAL_Driver\Src\stm32g0xx_hal_adc.o
                0x0801be24                ADC_Enable
 .text.ADC_Disable
                0x0801bf30       0xbc Thirdparty\STM32G0xx_HAL_Driver\Src\stm32g0xx_hal_adc.o
                0x0801bf30                ADC_Disable
 .text.__NVIC_EnableIRQ
                0x0801bfec       0x34 Thirdparty\STM32G0xx_HAL_Driver\Src\stm32g0xx_hal_cortex.o
 .text.__NVIC_DisableIRQ
                0x0801c020       0x44 Thirdparty\STM32G0xx_HAL_Driver\Src\stm32g0xx_hal_cortex.o
 .text.__NVIC_SetPriority
                0x0801c064       0xdc Thirdparty\STM32G0xx_HAL_Driver\Src\stm32g0xx_hal_cortex.o
 .text.SysTick_Config
                0x0801c140       0x48 Thirdparty\STM32G0xx_HAL_Driver\Src\stm32g0xx_hal_cortex.o
 .text.HAL_NVIC_SetPriority
                0x0801c188       0x2a Thirdparty\STM32G0xx_HAL_Driver\Src\stm32g0xx_hal_cortex.o
                0x0801c188                HAL_NVIC_SetPriority
 .text.HAL_NVIC_EnableIRQ
                0x0801c1b2       0x20 Thirdparty\STM32G0xx_HAL_Driver\Src\stm32g0xx_hal_cortex.o
                0x0801c1b2                HAL_NVIC_EnableIRQ
 .text.HAL_NVIC_DisableIRQ
                0x0801c1d2       0x20 Thirdparty\STM32G0xx_HAL_Driver\Src\stm32g0xx_hal_cortex.o
                0x0801c1d2                HAL_NVIC_DisableIRQ
 .text.HAL_SYSTICK_Config
                0x0801c1f2       0x1a Thirdparty\STM32G0xx_HAL_Driver\Src\stm32g0xx_hal_cortex.o
                0x0801c1f2                HAL_SYSTICK_Config
 .text.HAL_SYSTICK_CLKSourceConfig
                0x0801c20c       0x34 Thirdparty\STM32G0xx_HAL_Driver\Src\stm32g0xx_hal_cortex.o
                0x0801c20c                HAL_SYSTICK_CLKSourceConfig
 .text.HAL_CRC_Init
                0x0801c240       0xcc Thirdparty\STM32G0xx_HAL_Driver\Src\stm32g0xx_hal_crc.o
                0x0801c240                HAL_CRC_Init
 .text.HAL_CRC_Accumulate
                0x0801c30c       0x8e Thirdparty\STM32G0xx_HAL_Driver\Src\stm32g0xx_hal_crc.o
                0x0801c30c                HAL_CRC_Accumulate
 .text.HAL_CRC_Calculate
                0x0801c39a       0x9e Thirdparty\STM32G0xx_HAL_Driver\Src\stm32g0xx_hal_crc.o
                0x0801c39a                HAL_CRC_Calculate
 .text.CRC_Handle_8
                0x0801c438      0x122 Thirdparty\STM32G0xx_HAL_Driver\Src\stm32g0xx_hal_crc.o
 .text.CRC_Handle_16
                0x0801c55a       0x6e Thirdparty\STM32G0xx_HAL_Driver\Src\stm32g0xx_hal_crc.o
 .text.HAL_CRCEx_Polynomial_Set
                0x0801c5c8       0xda Thirdparty\STM32G0xx_HAL_Driver\Src\stm32g0xx_hal_crc_ex.o
                0x0801c5c8                HAL_CRCEx_Polynomial_Set
 *fill*         0x0801c6a2        0x2 
 .text.HAL_DMA_Init
                0x0801c6a4      0x158 Thirdparty\STM32G0xx_HAL_Driver\Src\stm32g0xx_hal_dma.o
                0x0801c6a4                HAL_DMA_Init
 .text.HAL_DMA_Start_IT
                0x0801c7fc      0x10c Thirdparty\STM32G0xx_HAL_Driver\Src\stm32g0xx_hal_dma.o
                0x0801c7fc                HAL_DMA_Start_IT
 .text.HAL_DMA_Abort
                0x0801c908       0xc0 Thirdparty\STM32G0xx_HAL_Driver\Src\stm32g0xx_hal_dma.o
                0x0801c908                HAL_DMA_Abort
 .text.HAL_DMA_Abort_IT
                0x0801c9c8       0xd0 Thirdparty\STM32G0xx_HAL_Driver\Src\stm32g0xx_hal_dma.o
                0x0801c9c8                HAL_DMA_Abort_IT
 .text.HAL_DMA_GetError
                0x0801ca98       0x14 Thirdparty\STM32G0xx_HAL_Driver\Src\stm32g0xx_hal_dma.o
                0x0801ca98                HAL_DMA_GetError
 .text.DMA_SetConfig
                0x0801caac       0x78 Thirdparty\STM32G0xx_HAL_Driver\Src\stm32g0xx_hal_dma.o
 .text.DMA_CalcDMAMUXChannelBaseAndMask
                0x0801cb24       0x94 Thirdparty\STM32G0xx_HAL_Driver\Src\stm32g0xx_hal_dma.o
 .text.DMA_CalcDMAMUXRequestGenBaseAndMask
                0x0801cbb8       0x48 Thirdparty\STM32G0xx_HAL_Driver\Src\stm32g0xx_hal_dma.o
 .text.HAL_FLASH_Program
                0x0801cc00       0x9c Thirdparty\STM32G0xx_HAL_Driver\Src\stm32g0xx_hal_flash.o
                0x0801cc00                HAL_FLASH_Program
 .text.HAL_FLASH_Unlock
                0x0801cc9c       0x48 Thirdparty\STM32G0xx_HAL_Driver\Src\stm32g0xx_hal_flash.o
                0x0801cc9c                HAL_FLASH_Unlock
 .text.HAL_FLASH_Lock
                0x0801cce4       0x38 Thirdparty\STM32G0xx_HAL_Driver\Src\stm32g0xx_hal_flash.o
                0x0801cce4                HAL_FLASH_Lock
 .text.FLASH_WaitForLastOperation
                0x0801cd1c       0x9c Thirdparty\STM32G0xx_HAL_Driver\Src\stm32g0xx_hal_flash.o
                0x0801cd1c                FLASH_WaitForLastOperation
 .text.FLASH_Program_DoubleWord
                0x0801cdb8       0x40 Thirdparty\STM32G0xx_HAL_Driver\Src\stm32g0xx_hal_flash.o
 .text.HAL_FLASHEx_Erase
                0x0801cdf8       0xe0 Thirdparty\STM32G0xx_HAL_Driver\Src\stm32g0xx_hal_flash_ex.o
                0x0801cdf8                HAL_FLASHEx_Erase
 .text.FLASH_MassErase
                0x0801ced8       0x28 Thirdparty\STM32G0xx_HAL_Driver\Src\stm32g0xx_hal_flash_ex.o
 .text.FLASH_PageErase
                0x0801cf00      0x198 Thirdparty\STM32G0xx_HAL_Driver\Src\stm32g0xx_hal_flash_ex.o
                0x0801cf00                FLASH_PageErase
 .text.HAL_GPIO_Init
                0x0801d098      0x2d8 Thirdparty\STM32G0xx_HAL_Driver\Src\stm32g0xx_hal_gpio.o
                0x0801d098                HAL_GPIO_Init
 .text.HAL_GPIO_DeInit
                0x0801d370      0x1b0 Thirdparty\STM32G0xx_HAL_Driver\Src\stm32g0xx_hal_gpio.o
                0x0801d370                HAL_GPIO_DeInit
 .text.HAL_GPIO_ReadPin
                0x0801d520       0x3a Thirdparty\STM32G0xx_HAL_Driver\Src\stm32g0xx_hal_gpio.o
                0x0801d520                HAL_GPIO_ReadPin
 .text.HAL_GPIO_WritePin
                0x0801d55a       0x3a Thirdparty\STM32G0xx_HAL_Driver\Src\stm32g0xx_hal_gpio.o
                0x0801d55a                HAL_GPIO_WritePin
 .text.HAL_GPIO_TogglePin
                0x0801d594       0x36 Thirdparty\STM32G0xx_HAL_Driver\Src\stm32g0xx_hal_gpio.o
                0x0801d594                HAL_GPIO_TogglePin
 *fill*         0x0801d5ca        0x2 
 .text.HAL_IWDG_Init
                0x0801d5cc       0xa4 Thirdparty\STM32G0xx_HAL_Driver\Src\stm32g0xx_hal_iwdg.o
                0x0801d5cc                HAL_IWDG_Init
 .text.HAL_IWDG_Refresh
                0x0801d670       0x20 Thirdparty\STM32G0xx_HAL_Driver\Src\stm32g0xx_hal_iwdg.o
                0x0801d670                HAL_IWDG_Refresh
 .text.HAL_MspInit
                0x0801d690        0xa Thirdparty\STM32G0xx_HAL_Driver\Src\stm32g0xx_hal_msp_template.o
                0x0801d690                HAL_MspInit
 *fill*         0x0801d69a        0x2 
 .text.HAL_PWR_EnableBkUpAccess
                0x0801d69c       0x1c Thirdparty\STM32G0xx_HAL_Driver\Src\stm32g0xx_hal_pwr.o
                0x0801d69c                HAL_PWR_EnableBkUpAccess
 .text.HAL_PWR_EnableWakeUpPin
                0x0801d6b8       0x40 Thirdparty\STM32G0xx_HAL_Driver\Src\stm32g0xx_hal_pwr.o
                0x0801d6b8                HAL_PWR_EnableWakeUpPin
 .text.HAL_PWR_DisableWakeUpPin
                0x0801d6f8       0x28 Thirdparty\STM32G0xx_HAL_Driver\Src\stm32g0xx_hal_pwr.o
                0x0801d6f8                HAL_PWR_DisableWakeUpPin
 .text.HAL_PWR_EnterSTOPMode
                0x0801d720       0x70 Thirdparty\STM32G0xx_HAL_Driver\Src\stm32g0xx_hal_pwr.o
                0x0801d720                HAL_PWR_EnterSTOPMode
 .text.HAL_PWR_EnterSTANDBYMode
                0x0801d790       0x34 Thirdparty\STM32G0xx_HAL_Driver\Src\stm32g0xx_hal_pwr.o
                0x0801d790                HAL_PWR_EnterSTANDBYMode
 .text.HAL_PWREx_EnableSRAMRetention
                0x0801d7c4       0x1c Thirdparty\STM32G0xx_HAL_Driver\Src\stm32g0xx_hal_pwr_ex.o
                0x0801d7c4                HAL_PWREx_EnableSRAMRetention
 .text.HAL_PWREx_ControlVoltageScaling
                0x0801d7e0       0x80 Thirdparty\STM32G0xx_HAL_Driver\Src\stm32g0xx_hal_pwr_ex.o
                0x0801d7e0                HAL_PWREx_ControlVoltageScaling
 .text.LL_RCC_GetAPB1Prescaler
                0x0801d860       0x18 Thirdparty\STM32G0xx_HAL_Driver\Src\stm32g0xx_hal_rcc.o
 .text.HAL_RCC_OscConfig
                0x0801d878      0x6c0 Thirdparty\STM32G0xx_HAL_Driver\Src\stm32g0xx_hal_rcc.o
                0x0801d878                HAL_RCC_OscConfig
 .text.HAL_RCC_ClockConfig
                0x0801df38      0x210 Thirdparty\STM32G0xx_HAL_Driver\Src\stm32g0xx_hal_rcc.o
                0x0801df38                HAL_RCC_ClockConfig
 .text.HAL_RCC_GetSysClockFreq
                0x0801e148      0x104 Thirdparty\STM32G0xx_HAL_Driver\Src\stm32g0xx_hal_rcc.o
                0x0801e148                HAL_RCC_GetSysClockFreq
 .text.HAL_RCC_GetHCLKFreq
                0x0801e24c       0x14 Thirdparty\STM32G0xx_HAL_Driver\Src\stm32g0xx_hal_rcc.o
                0x0801e24c                HAL_RCC_GetHCLKFreq
 .text.HAL_RCC_GetPCLK1Freq
                0x0801e260       0x2c Thirdparty\STM32G0xx_HAL_Driver\Src\stm32g0xx_hal_rcc.o
                0x0801e260                HAL_RCC_GetPCLK1Freq
 .text.HAL_RCCEx_PeriphCLKConfig
                0x0801e28c      0x478 Thirdparty\STM32G0xx_HAL_Driver\Src\stm32g0xx_hal_rcc_ex.o
                0x0801e28c                HAL_RCCEx_PeriphCLKConfig
 .text.HAL_RTC_Init
                0x0801e704      0x144 Thirdparty\STM32G0xx_HAL_Driver\Src\stm32g0xx_hal_rtc.o
                0x0801e704                HAL_RTC_Init
 .text.HAL_RTC_MspInit
                0x0801e848       0x10 Thirdparty\STM32G0xx_HAL_Driver\Src\stm32g0xx_hal_rtc.o
                0x0801e848                HAL_RTC_MspInit
 .text.HAL_RTC_SetTime
                0x0801e858      0x150 Thirdparty\STM32G0xx_HAL_Driver\Src\stm32g0xx_hal_rtc.o
                0x0801e858                HAL_RTC_SetTime
 .text.HAL_RTC_GetTime
                0x0801e9a8       0xb8 Thirdparty\STM32G0xx_HAL_Driver\Src\stm32g0xx_hal_rtc.o
                0x0801e9a8                HAL_RTC_GetTime
 .text.HAL_RTC_SetDate
                0x0801ea60      0x124 Thirdparty\STM32G0xx_HAL_Driver\Src\stm32g0xx_hal_rtc.o
                0x0801ea60                HAL_RTC_SetDate
 .text.HAL_RTC_GetDate
                0x0801eb84       0x9c Thirdparty\STM32G0xx_HAL_Driver\Src\stm32g0xx_hal_rtc.o
                0x0801eb84                HAL_RTC_GetDate
 .text.HAL_RTC_WaitForSynchro
                0x0801ec20       0x4e Thirdparty\STM32G0xx_HAL_Driver\Src\stm32g0xx_hal_rtc.o
                0x0801ec20                HAL_RTC_WaitForSynchro
 .text.RTC_EnterInitMode
                0x0801ec6e       0x84 Thirdparty\STM32G0xx_HAL_Driver\Src\stm32g0xx_hal_rtc.o
                0x0801ec6e                RTC_EnterInitMode
 *fill*         0x0801ecf2        0x2 
 .text.RTC_ExitInitMode
                0x0801ecf4       0x88 Thirdparty\STM32G0xx_HAL_Driver\Src\stm32g0xx_hal_rtc.o
                0x0801ecf4                RTC_ExitInitMode
 .text.RTC_ByteToBcd2
                0x0801ed7c       0x50 Thirdparty\STM32G0xx_HAL_Driver\Src\stm32g0xx_hal_rtc.o
                0x0801ed7c                RTC_ByteToBcd2
 .text.RTC_Bcd2ToByte
                0x0801edcc       0x3a Thirdparty\STM32G0xx_HAL_Driver\Src\stm32g0xx_hal_rtc.o
                0x0801edcc                RTC_Bcd2ToByte
 .text.HAL_RTCEx_BKUPWrite
                0x0801ee06       0x3a Thirdparty\STM32G0xx_HAL_Driver\Src\stm32g0xx_hal_rtc_ex.o
                0x0801ee06                HAL_RTCEx_BKUPWrite
 .text.HAL_RTCEx_BKUPRead
                0x0801ee40       0x36 Thirdparty\STM32G0xx_HAL_Driver\Src\stm32g0xx_hal_rtc_ex.o
                0x0801ee40                HAL_RTCEx_BKUPRead
 *fill*         0x0801ee76        0x2 
 .text.HAL_SPI_Transmit
                0x0801ee78      0x300 Thirdparty\STM32G0xx_HAL_Driver\Src\stm32g0xx_hal_spi.o
                0x0801ee78                HAL_SPI_Transmit
 .text.HAL_SPI_Receive
                0x0801f178      0x428 Thirdparty\STM32G0xx_HAL_Driver\Src\stm32g0xx_hal_spi.o
                0x0801f178                HAL_SPI_Receive
 .text.HAL_SPI_TransmitReceive
                0x0801f5a0      0x568 Thirdparty\STM32G0xx_HAL_Driver\Src\stm32g0xx_hal_spi.o
                0x0801f5a0                HAL_SPI_TransmitReceive
 .text.SPI_WaitFlagStateUntilTimeout
                0x0801fb08      0x11c Thirdparty\STM32G0xx_HAL_Driver\Src\stm32g0xx_hal_spi.o
 .text.SPI_WaitFifoStateUntilTimeout
                0x0801fc24      0x144 Thirdparty\STM32G0xx_HAL_Driver\Src\stm32g0xx_hal_spi.o
 .text.SPI_EndRxTransaction
                0x0801fd68       0xbc Thirdparty\STM32G0xx_HAL_Driver\Src\stm32g0xx_hal_spi.o
 .text.SPI_EndRxTxTransaction
                0x0801fe24       0x8c Thirdparty\STM32G0xx_HAL_Driver\Src\stm32g0xx_hal_spi.o
 .text.HAL_TIM_Base_Init
                0x0801feb0       0xb0 Thirdparty\STM32G0xx_HAL_Driver\Src\stm32g0xx_hal_tim.o
                0x0801feb0                HAL_TIM_Base_Init
 .text.HAL_TIM_Base_MspInit
                0x0801ff60       0x10 Thirdparty\STM32G0xx_HAL_Driver\Src\stm32g0xx_hal_tim.o
                0x0801ff60                HAL_TIM_Base_MspInit
 .text.HAL_TIM_Base_Start
                0x0801ff70       0xb4 Thirdparty\STM32G0xx_HAL_Driver\Src\stm32g0xx_hal_tim.o
                0x0801ff70                HAL_TIM_Base_Start
 .text.TIM_Base_SetConfig
                0x08020024      0x114 Thirdparty\STM32G0xx_HAL_Driver\Src\stm32g0xx_hal_tim.o
                0x08020024                TIM_Base_SetConfig
 .text.HAL_UART_Init
                0x08020138       0xac Thirdparty\STM32G0xx_HAL_Driver\Src\stm32g0xx_hal_uart.o
                0x08020138                HAL_UART_Init
 .text.HAL_UART_DeInit
                0x080201e4       0x80 Thirdparty\STM32G0xx_HAL_Driver\Src\stm32g0xx_hal_uart.o
                0x080201e4                HAL_UART_DeInit
 .text.HAL_UART_MspDeInit
                0x08020264       0x10 Thirdparty\STM32G0xx_HAL_Driver\Src\stm32g0xx_hal_uart.o
                0x08020264                HAL_UART_MspDeInit
 .text.HAL_UART_Transmit
                0x08020274      0x138 Thirdparty\STM32G0xx_HAL_Driver\Src\stm32g0xx_hal_uart.o
                0x08020274                HAL_UART_Transmit
 .text.HAL_UART_Transmit_IT
                0x080203ac      0x150 Thirdparty\STM32G0xx_HAL_Driver\Src\stm32g0xx_hal_uart.o
                0x080203ac                HAL_UART_Transmit_IT
 .text.HAL_UART_Receive_IT
                0x080204fc       0xcc Thirdparty\STM32G0xx_HAL_Driver\Src\stm32g0xx_hal_uart.o
                0x080204fc                HAL_UART_Receive_IT
 .text.HAL_UART_Receive_DMA
                0x080205c8       0xcc Thirdparty\STM32G0xx_HAL_Driver\Src\stm32g0xx_hal_uart.o
                0x080205c8                HAL_UART_Receive_DMA
 .text.HAL_UART_DMAStop
                0x08020694      0x128 Thirdparty\STM32G0xx_HAL_Driver\Src\stm32g0xx_hal_uart.o
                0x08020694                HAL_UART_DMAStop
 .text.HAL_UART_IRQHandler
                0x080207bc      0x64c Thirdparty\STM32G0xx_HAL_Driver\Src\stm32g0xx_hal_uart.o
                0x080207bc                HAL_UART_IRQHandler
 .text.HAL_UART_RxHalfCpltCallback
                0x08020e08       0x10 Thirdparty\STM32G0xx_HAL_Driver\Src\stm32g0xx_hal_uart.o
                0x08020e08                HAL_UART_RxHalfCpltCallback
 .text.HAL_UARTEx_RxEventCallback
                0x08020e18       0x16 Thirdparty\STM32G0xx_HAL_Driver\Src\stm32g0xx_hal_uart.o
                0x08020e18                HAL_UARTEx_RxEventCallback
 *fill*         0x08020e2e        0x2 
 .text.UART_SetConfig
                0x08020e30      0x6ac Thirdparty\STM32G0xx_HAL_Driver\Src\stm32g0xx_hal_uart.o
                0x08020e30                UART_SetConfig
 .text.UART_AdvFeatureConfig
                0x080214dc      0x168 Thirdparty\STM32G0xx_HAL_Driver\Src\stm32g0xx_hal_uart.o
                0x080214dc                UART_AdvFeatureConfig
 .text.UART_CheckIdleState
                0x08021644       0x9c Thirdparty\STM32G0xx_HAL_Driver\Src\stm32g0xx_hal_uart.o
                0x08021644                UART_CheckIdleState
 .text.UART_WaitOnFlagUntilTimeout
                0x080216e0      0x190 Thirdparty\STM32G0xx_HAL_Driver\Src\stm32g0xx_hal_uart.o
                0x080216e0                UART_WaitOnFlagUntilTimeout
 .text.UART_Start_Receive_IT
                0x08021870      0x248 Thirdparty\STM32G0xx_HAL_Driver\Src\stm32g0xx_hal_uart.o
                0x08021870                UART_Start_Receive_IT
 .text.UART_Start_Receive_DMA
                0x08021ab8      0x14c Thirdparty\STM32G0xx_HAL_Driver\Src\stm32g0xx_hal_uart.o
                0x08021ab8                UART_Start_Receive_DMA
 .text.UART_EndTxTransfer
                0x08021c04       0x80 Thirdparty\STM32G0xx_HAL_Driver\Src\stm32g0xx_hal_uart.o
 .text.UART_EndRxTransfer
                0x08021c84       0xcc Thirdparty\STM32G0xx_HAL_Driver\Src\stm32g0xx_hal_uart.o
 .text.UART_DMAReceiveCplt
                0x08021d50      0x130 Thirdparty\STM32G0xx_HAL_Driver\Src\stm32g0xx_hal_uart.o
 .text.UART_DMARxHalfCplt
                0x08021e80       0x42 Thirdparty\STM32G0xx_HAL_Driver\Src\stm32g0xx_hal_uart.o
 .text.UART_DMAError
                0x08021ec2       0x86 Thirdparty\STM32G0xx_HAL_Driver\Src\stm32g0xx_hal_uart.o
 .text.UART_DMAAbortOnError
                0x08021f48       0x2e Thirdparty\STM32G0xx_HAL_Driver\Src\stm32g0xx_hal_uart.o
 .text.UART_TxISR_8BIT
                0x08021f76       0xb4 Thirdparty\STM32G0xx_HAL_Driver\Src\stm32g0xx_hal_uart.o
 .text.UART_TxISR_16BIT
                0x0802202a       0xbe Thirdparty\STM32G0xx_HAL_Driver\Src\stm32g0xx_hal_uart.o
 .text.UART_TxISR_8BIT_FIFOEN
                0x080220e8       0xec Thirdparty\STM32G0xx_HAL_Driver\Src\stm32g0xx_hal_uart.o
 .text.UART_TxISR_16BIT_FIFOEN
                0x080221d4       0xf4 Thirdparty\STM32G0xx_HAL_Driver\Src\stm32g0xx_hal_uart.o
 .text.UART_EndTransmit_IT
                0x080222c8       0x58 Thirdparty\STM32G0xx_HAL_Driver\Src\stm32g0xx_hal_uart.o
 .text.UART_RxISR_8BIT
                0x08022320      0x174 Thirdparty\STM32G0xx_HAL_Driver\Src\stm32g0xx_hal_uart.o
 .text.UART_RxISR_16BIT
                0x08022494      0x174 Thirdparty\STM32G0xx_HAL_Driver\Src\stm32g0xx_hal_uart.o
 .text.UART_RxISR_8BIT_FIFOEN
                0x08022608      0x2ec Thirdparty\STM32G0xx_HAL_Driver\Src\stm32g0xx_hal_uart.o
 .text.UART_RxISR_16BIT_FIFOEN
                0x080228f4      0x2ec Thirdparty\STM32G0xx_HAL_Driver\Src\stm32g0xx_hal_uart.o
 .text.HAL_UARTEx_RxFifoFullCallback
                0x08022be0       0x10 Thirdparty\STM32G0xx_HAL_Driver\Src\stm32g0xx_hal_uart_ex.o